Archive member included to satisfy reference by file (symbol)

c:/st/stm32cubeide_1.11.0/stm32cubeide/plugins/com.st.stm32cube.ide.mcu.externaltools.gnu-tools-for-stm32.10.3-2021.10.win32_1.0.100.202210260954/tools/bin/../lib/gcc/arm-none-eabi/10.3.1/../../../../arm-none-eabi/lib/thumb/v7e-m+dp/hard\libc_nano.a(lib_a-errno.o)
                              ./Core/Src/syscalls.o (__errno)
c:/st/stm32cubeide_1.11.0/stm32cubeide/plugins/com.st.stm32cube.ide.mcu.externaltools.gnu-tools-for-stm32.10.3-2021.10.win32_1.0.100.202210260954/tools/bin/../lib/gcc/arm-none-eabi/10.3.1/../../../../arm-none-eabi/lib/thumb/v7e-m+dp/hard\libc_nano.a(lib_a-exit.o)
                              c:/st/stm32cubeide_1.11.0/stm32cubeide/plugins/com.st.stm32cube.ide.mcu.externaltools.gnu-tools-for-stm32.10.3-2021.10.win32_1.0.100.202210260954/tools/bin/../lib/gcc/arm-none-eabi/10.3.1/../../../../arm-none-eabi/lib/thumb/v7e-m+dp/hard/crt0.o (exit)
c:/st/stm32cubeide_1.11.0/stm32cubeide/plugins/com.st.stm32cube.ide.mcu.externaltools.gnu-tools-for-stm32.10.3-2021.10.win32_1.0.100.202210260954/tools/bin/../lib/gcc/arm-none-eabi/10.3.1/../../../../arm-none-eabi/lib/thumb/v7e-m+dp/hard\libc_nano.a(lib_a-impure.o)
                              c:/st/stm32cubeide_1.11.0/stm32cubeide/plugins/com.st.stm32cube.ide.mcu.externaltools.gnu-tools-for-stm32.10.3-2021.10.win32_1.0.100.202210260954/tools/bin/../lib/gcc/arm-none-eabi/10.3.1/../../../../arm-none-eabi/lib/thumb/v7e-m+dp/hard\libc_nano.a(lib_a-exit.o) (_global_impure_ptr)
c:/st/stm32cubeide_1.11.0/stm32cubeide/plugins/com.st.stm32cube.ide.mcu.externaltools.gnu-tools-for-stm32.10.3-2021.10.win32_1.0.100.202210260954/tools/bin/../lib/gcc/arm-none-eabi/10.3.1/../../../../arm-none-eabi/lib/thumb/v7e-m+dp/hard\libc_nano.a(lib_a-init.o)
                              c:/st/stm32cubeide_1.11.0/stm32cubeide/plugins/com.st.stm32cube.ide.mcu.externaltools.gnu-tools-for-stm32.10.3-2021.10.win32_1.0.100.202210260954/tools/bin/../lib/gcc/arm-none-eabi/10.3.1/../../../../arm-none-eabi/lib/thumb/v7e-m+dp/hard/crt0.o (__libc_init_array)
c:/st/stm32cubeide_1.11.0/stm32cubeide/plugins/com.st.stm32cube.ide.mcu.externaltools.gnu-tools-for-stm32.10.3-2021.10.win32_1.0.100.202210260954/tools/bin/../lib/gcc/arm-none-eabi/10.3.1/../../../../arm-none-eabi/lib/thumb/v7e-m+dp/hard\libc_nano.a(lib_a-memcpy-stub.o)
                              ./Drivers/STM32H7xx_HAL_Driver/Src/stm32h7xx_hal_fdcan.o (memcpy)
c:/st/stm32cubeide_1.11.0/stm32cubeide/plugins/com.st.stm32cube.ide.mcu.externaltools.gnu-tools-for-stm32.10.3-2021.10.win32_1.0.100.202210260954/tools/bin/../lib/gcc/arm-none-eabi/10.3.1/../../../../arm-none-eabi/lib/thumb/v7e-m+dp/hard\libc_nano.a(lib_a-memset.o)
                              c:/st/stm32cubeide_1.11.0/stm32cubeide/plugins/com.st.stm32cube.ide.mcu.externaltools.gnu-tools-for-stm32.10.3-2021.10.win32_1.0.100.202210260954/tools/bin/../lib/gcc/arm-none-eabi/10.3.1/../../../../arm-none-eabi/lib/thumb/v7e-m+dp/hard/crt0.o (memset)
c:/st/stm32cubeide_1.11.0/stm32cubeide/plugins/com.st.stm32cube.ide.mcu.externaltools.gnu-tools-for-stm32.10.3-2021.10.win32_1.0.100.202210260954/tools/bin/../lib/gcc/arm-none-eabi/10.3.1/../../../../arm-none-eabi/lib/thumb/v7e-m+dp/hard\libm.a(lib_a-cosf.o)
                              ./Core/Src/Speed_Sensing.o (cosf)
c:/st/stm32cubeide_1.11.0/stm32cubeide/plugins/com.st.stm32cube.ide.mcu.externaltools.gnu-tools-for-stm32.10.3-2021.10.win32_1.0.100.202210260954/tools/bin/../lib/gcc/arm-none-eabi/10.3.1/../../../../arm-none-eabi/lib/thumb/v7e-m+dp/hard\libm.a(lib_a-log.o)
                              ./Core/Src/NTC_Temp_Reading.o (log)
c:/st/stm32cubeide_1.11.0/stm32cubeide/plugins/com.st.stm32cube.ide.mcu.externaltools.gnu-tools-for-stm32.10.3-2021.10.win32_1.0.100.202210260954/tools/bin/../lib/gcc/arm-none-eabi/10.3.1/../../../../arm-none-eabi/lib/thumb/v7e-m+dp/hard\libm.a(lib_a-log_data.o)
                              c:/st/stm32cubeide_1.11.0/stm32cubeide/plugins/com.st.stm32cube.ide.mcu.externaltools.gnu-tools-for-stm32.10.3-2021.10.win32_1.0.100.202210260954/tools/bin/../lib/gcc/arm-none-eabi/10.3.1/../../../../arm-none-eabi/lib/thumb/v7e-m+dp/hard\libm.a(lib_a-log.o) (__log_data)
c:/st/stm32cubeide_1.11.0/stm32cubeide/plugins/com.st.stm32cube.ide.mcu.externaltools.gnu-tools-for-stm32.10.3-2021.10.win32_1.0.100.202210260954/tools/bin/../lib/gcc/arm-none-eabi/10.3.1/../../../../arm-none-eabi/lib/thumb/v7e-m+dp/hard\libm.a(lib_a-math_err.o)
                              c:/st/stm32cubeide_1.11.0/stm32cubeide/plugins/com.st.stm32cube.ide.mcu.externaltools.gnu-tools-for-stm32.10.3-2021.10.win32_1.0.100.202210260954/tools/bin/../lib/gcc/arm-none-eabi/10.3.1/../../../../arm-none-eabi/lib/thumb/v7e-m+dp/hard\libm.a(lib_a-log.o) (__math_divzero)
[...]
Memory Configuration

Name             Origin             Length             Attributes
FLASH            0x0000000008000000 0x0000000000200000 xr
DTCMRAM          0x0000000020000000 0x0000000000020000 xrw
RAM_D1           0x0000000024000000 0x0000000000080000 xrw
RAM_D2           0x0000000030000000 0x0000000000048000 xrw
RAM_D3           0x0000000038000000 0x0000000000010000 xrw
ITCMRAM          0x0000000000000000 0x0000000000010000 xrw
*default*        0x0000000000000000 0xffffffffffffffff

Linker script and memory map

LOAD c:/st/stm32cubeide_1.11.0/stm32cubeide/plugins/com.st.stm32cube.ide.mcu.externaltools.gnu-tools-for-stm32.10.3-2021.10.win32_1.0.100.202210260954/tools/bin/../lib/gcc/arm-none-eabi/10.3.1/thumb/v7e-m+dp/hard/crti.o
LOAD c:/st/stm32cubeide_1.11.0/stm32cubeide/plugins/com.st.stm32cube.ide.mcu.externaltools.gnu-tools-for-stm32.10.3-2021.10.win32_1.0.100.202210260954/tools/bin/../lib/gcc/arm-none-eabi/10.3.1/thumb/v7e-m+dp/hard/crtbegin.o
LOAD c:/st/stm32cubeide_1.11.0/stm32cubeide/plugins/com.st.stm32cube.ide.mcu.externaltools.gnu-tools-for-stm32.10.3-2021.10.win32_1.0.100.202210260954/tools/bin/../lib/gcc/arm-none-eabi/10.3.1/../../../../arm-none-eabi/lib/thumb/v7e-m+dp/hard/crt0.o
LOAD ./Core/Src/Eeprom.o
LOAD ./Core/Src/FOC_Basic.o
LOAD ./Core/Src/FOC_Basic_FF.o
LOAD ./Core/Src/FOC_H12.o
LOAD ./Core/Src/FOC_H12_data.o
LOAD ./Core/Src/FOC_LivGguard.o
LOAD ./Core/Src/FOC_LivGguard_data.o
LOAD ./Core/Src/FOC_MTPA_FF.o
LOAD ./Core/Src/MCU_Protections.o
LOAD ./Core/Src/MCU_Protections_data.o
LOAD ./Core/Src/NTC_Temp_Reading.o
LOAD ./Core/Src/Rate_Limiter.o
LOAD ./Core/Src/Sensor_Disconnection_Checks.o
LOAD ./Core/Src/Speed_Sensing.o
LOAD ./Core/Src/alignment_routine.o
LOAD ./Core/Src/fdcan.o
LOAD ./Core/Src/main.o
LOAD ./Core/Src/stm32h7xx_hal_msp.o
LOAD ./Core/Src/stm32h7xx_it.o
LOAD ./Core/Src/syscalls.o
LOAD ./Core/Src/sysmem.o
LOAD ./Core/Src/system_stm32h7xx.o
LOAD ./Core/Startup/startup_stm32h743zitx.o
LOAD ./Drivers/STM32H7xx_HAL_Driver/Src/stm32h7xx_hal.o
LOAD ./Drivers/STM32H7xx_HAL_Driver/Src/stm32h7xx_hal_adc.o
LOAD ./Drivers/STM32H7xx_HAL_Driver/Src/stm32h7xx_hal_adc_ex.o
LOAD ./Drivers/STM32H7xx_HAL_Driver/Src/stm32h7xx_hal_cortex.o
LOAD ./Drivers/STM32H7xx_HAL_Driver/Src/stm32h7xx_hal_dma.o
LOAD ./Drivers/STM32H7xx_HAL_Driver/Src/stm32h7xx_hal_dma_ex.o
LOAD ./Drivers/STM32H7xx_HAL_Driver/Src/stm32h7xx_hal_exti.o
LOAD ./Drivers/STM32H7xx_HAL_Driver/Src/stm32h7xx_hal_fdcan.o
LOAD ./Drivers/STM32H7xx_HAL_Driver/Src/stm32h7xx_hal_flash.o
LOAD ./Drivers/STM32H7xx_HAL_Driver/Src/stm32h7xx_hal_flash_ex.o
LOAD ./Drivers/STM32H7xx_HAL_Driver/Src/stm32h7xx_hal_gpio.o
LOAD ./Drivers/STM32H7xx_HAL_Driver/Src/stm32h7xx_hal_hsem.o
LOAD ./Drivers/STM32H7xx_HAL_Driver/Src/stm32h7xx_hal_i2c.o
LOAD ./Drivers/STM32H7xx_HAL_Driver/Src/stm32h7xx_hal_i2c_ex.o
LOAD ./Drivers/STM32H7xx_HAL_Driver/Src/stm32h7xx_hal_mdma.o
LOAD ./Drivers/STM32H7xx_HAL_Driver/Src/stm32h7xx_hal_pwr.o
LOAD ./Drivers/STM32H7xx_HAL_Driver/Src/stm32h7xx_hal_pwr_ex.o
LOAD ./Drivers/STM32H7xx_HAL_Driver/Src/stm32h7xx_hal_rcc.o
LOAD ./Drivers/STM32H7xx_HAL_Driver/Src/stm32h7xx_hal_rcc_ex.o
LOAD ./Drivers/STM32H7xx_HAL_Driver/Src/stm32h7xx_hal_tim.o
LOAD ./Drivers/STM32H7xx_HAL_Driver/Src/stm32h7xx_hal_tim_ex.o
START GROUP
LOAD c:/st/stm32cubeide_1.11.0/stm32cubeide/plugins/com.st.stm32cube.ide.mcu.externaltools.gnu-tools-for-stm32.10.3-2021.10.win32_1.0.100.202210260954/tools/bin/../lib/gcc/arm-none-eabi/10.3.1/../../../../arm-none-eabi/lib/thumb/v7e-m+dp/hard\libc_nano.a
LOAD c:/st/stm32cubeide_1.11.0/stm32cubeide/plugins/com.st.stm32cube.ide.mcu.externaltools.gnu-tools-for-stm32.10.3-2021.10.win32_1.0.100.202210260954/tools/bin/../lib/gcc/arm-none-eabi/10.3.1/../../../../arm-none-eabi/lib/thumb/v7e-m+dp/hard\libm.a
END GROUP
START GROUP
LOAD c:/st/stm32cubeide_1.11.0/stm32cubeide/plugins/com.st.stm32cube.ide.mcu.externaltools.gnu-tools-for-stm32.10.3-2021.10.win32_1.0.100.202210260954/tools/bin/../lib/gcc/arm-none-eabi/10.3.1/thumb/v7e-m+dp/hard\libgcc.a
LOAD c:/st/stm32cubeide_1.11.0/stm32cubeide/plugins/com.st.stm32cube.ide.mcu.externaltools.gnu-tools-for-stm32.10.3-2021.10.win32_1.0.100.202210260954/tools/bin/../lib/gcc/arm-none-eabi/10.3.1/../../../../arm-none-eabi/lib/thumb/v7e-m+dp/hard\libc_nano.a
END GROUP
START GROUP
LOAD c:/st/stm32cubeide_1.11.0/stm32cubeide/plugins/com.st.stm32cube.ide.mcu.externaltools.gnu-tools-for-stm32.10.3-2021.10.win32_1.0.100.202210260954/tools/bin/../lib/gcc/arm-none-eabi/10.3.1/thumb/v7e-m+dp/hard\libgcc.a
LOAD c:/st/stm32cubeide_1.11.0/stm32cubeide/plugins/com.st.stm32cube.ide.mcu.externaltools.gnu-tools-for-stm32.10.3-2021.10.win32_1.0.100.202210260954/tools/bin/../lib/gcc/arm-none-eabi/10.3.1/../../../../arm-none-eabi/lib/thumb/v7e-m+dp/hard\libc_nano.a
LOAD c:/st/stm32cubeide_1.11.0/stm32cubeide/plugins/com.st.stm32cube.ide.mcu.externaltools.gnu-tools-for-stm32.10.3-2021.10.win32_1.0.100.202210260954/tools/bin/../lib/gcc/arm-none-eabi/10.3.1/../../../../arm-none-eabi/lib/thumb/v7e-m+dp/hard\libnosys.a
END GROUP
START GROUP
LOAD c:/st/stm32cubeide_1.11.0/stm32cubeide/plugins/com.st.stm32cube.ide.mcu.externaltools.gnu-tools-for-stm32.10.3-2021.10.win32_1.0.100.202210260954/tools/bin/../lib/gcc/arm-none-eabi/10.3.1/thumb/v7e-m+dp/hard\libgcc.a
LOAD c:/st/stm32cubeide_1.11.0/stm32cubeide/plugins/com.st.stm32cube.ide.mcu.externaltools.gnu-tools-for-stm32.10.3-2021.10.win32_1.0.100.202210260954/tools/bin/../lib/gcc/arm-none-eabi/10.3.1/../../../../arm-none-eabi/lib/thumb/v7e-m+dp/hard\libc_nano.a
LOAD c:/st/stm32cubeide_1.11.0/stm32cubeide/plugins/com.st.stm32cube.ide.mcu.externaltools.gnu-tools-for-stm32.10.3-2021.10.win32_1.0.100.202210260954/tools/bin/../lib/gcc/arm-none-eabi/10.3.1/../../../../arm-none-eabi/lib/thumb/v7e-m+dp/hard\libnosys.a
END GROUP
LOAD c:/st/stm32cubeide_1.11.0/stm32cubeide/plugins/com.st.stm32cube.ide.mcu.externaltools.gnu-tools-for-stm32.10.3-2021.10.win32_1.0.100.202210260954/tools/bin/../lib/gcc/arm-none-eabi/10.3.1/thumb/v7e-m+dp/hard/crtend.o
LOAD c:/st/stm32cubeide_1.11.0/stm32cubeide/plugins/com.st.stm32cube.ide.mcu.externaltools.gnu-tools-for-stm32.10.3-2021.10.win32_1.0.100.202210260954/tools/bin/../lib/gcc/arm-none-eabi/10.3.1/thumb/v7e-m+dp/hard/crtn.o
                0x0000000024080000                _estack = (ORIGIN (RAM_D1) + LENGTH (RAM_D1))
                0x0000000000000200                _Min_Heap_Size = 0x200
                0x0000000000000400                _Min_Stack_Size = 0x400

.isr_vector     0x0000000008000000      0x298
                0x0000000008000000                . = ALIGN (0x4)
 *(.isr_vector)
 .isr_vector    0x0000000008000000      0x298 ./Core/Startup/startup_stm32h743zitx.o
                0x0000000008000000                g_pfnVectors
                0x0000000008000298                . = ALIGN (0x4)

.text           0x0000000008000298     0xe07c
                0x0000000008000298                . = ALIGN (0x4)
 *(.text)
 .text          0x0000000008000298       0x40 c:/st/stm32cubeide_1.11.0/stm32cubeide/plugins/com.st.stm32cube.ide.mcu.externaltools.gnu-tools-for-stm32.10.3-2021.10.win32_1.0.100.202210260954/tools/bin/../lib/gcc/arm-none-eabi/10.3.1/thumb/v7e-m+dp/hard/crtbegin.o
 .text          0x00000000080002d8      0x378 c:/st/stm32cubeide_1.11.0/stm32cubeide/plugins/com.st.stm32cube.ide.mcu.externaltools.gnu-tools-for-stm32.10.3-2021.10.win32_1.0.100.202210260954/tools/bin/../lib/gcc/arm-none-eabi/10.3.1/thumb/v7e-m+dp/hard\libgcc.a(_arm_addsubdf3.o)
                0x00000000080002d8                __aeabi_drsub
                0x00000000080002e0                __aeabi_dsub
                0x00000000080002e0                __subdf3
                0x00000000080002e4                __aeabi_dadd
                0x00000000080002e4                __adddf3
                0x000000000800055c                __floatunsidf
                0x000000000800055c                __aeabi_ui2d
                0x000000000800057c                __floatsidf
                0x000000000800057c                __aeabi_i2d
                0x00000000080005a0                __aeabi_f2d
                0x00000000080005a0                __extendsfdf2
                0x00000000080005e4                __floatundidf
                0x00000000080005e4                __aeabi_ul2d
                0x00000000080005f4                __floatdidf
                0x00000000080005f4                __aeabi_l2d
 *(.text*)
 .text.EEPROM_Write
                0x0000000008000650       0x44 ./Core/Src/Eeprom.o
                0x0000000008000650                EEPROM_Write
 .text.EEPROM_Write_Page0
                0x0000000008000694       0x3e ./Core/Src/Eeprom.o
                0x0000000008000694                EEPROM_Write_Page0
 *fill*         0x00000000080006d2        0x2 
 .text.EEPROM_Read
                0x00000000080006d4       0x2c ./Core/Src/Eeprom.o
                0x00000000080006d4                EEPROM_Read
 .text.EEPROM_Read_Page0
                0x0000000008000700       0xb0 ./Core/Src/Eeprom.o
                0x0000000008000700                EEPROM_Read_Page0
 .text.Read_EEPROM_at_init
                0x00000000080007b0       0x50 ./Core/Src/Eeprom.o
                0x00000000080007b0                Read_EEPROM_at_init
 .text.look2_binlx
                0x0000000008000800      0x176 ./Core/Src/FOC_LivGguard.o
                0x0000000008000800                look2_binlx
 *fill*         0x0000000008000976        0x2 
 .text.FOC_LivGguard_step0
                0x0000000008000978      0x85c ./Core/Src/FOC_LivGguard.o
                0x0000000008000978                FOC_LivGguard_step0
 *fill*         0x00000000080011d4        0x4 
 .text.FOC_LivGguard_step1
                0x00000000080011d8      0x108 ./Core/Src/FOC_LivGguard.o
                0x00000000080011d8                FOC_LivGguard_step1
 .text.FOC_LivGguard_initialize
                0x00000000080012e0      0x1a4 ./Core/Src/FOC_LivGguard.o
                0x00000000080012e0                FOC_LivGguard_initialize
 .text.MCU_Protections_NEGATIVEEdge
                0x0000000008001484       0x2a ./Core/Src/MCU_Protections.o
                0x0000000008001484                MCU_Protections_NEGATIVEEdge
 .text.MCU_Protections_POSITIVEEdge
                0x00000000080014ae       0x2a ./Core/Src/MCU_Protections.o
                0x00000000080014ae                MCU_Protections_POSITIVEEdge
 .text.MCU_Protections_step
                0x00000000080014d8      0xf78 ./Core/Src/MCU_Protections.o
                0x00000000080014d8                MCU_Protections_step
 .text.MCU_Protections_initialize
                0x0000000008002450       0xe4 ./Core/Src/MCU_Protections.o
                0x0000000008002450                MCU_Protections_initialize
 *fill*         0x0000000008002534        0x4 
 .text.NTC_Read
                0x0000000008002538       0x78 ./Core/Src/NTC_Temp_Reading.o
                0x0000000008002538                NTC_Read
 .text.RateLimiter_Init
                0x00000000080025b0       0x16 ./Core/Src/Rate_Limiter.o
                0x00000000080025b0                RateLimiter_Init
 .text.RateLimiter_Update
                0x00000000080025c6       0x8a ./Core/Src/Rate_Limiter.o
                0x00000000080025c6                RateLimiter_Update
 .text.encoder_ab_error_check
                0x0000000008002650      0x10c ./Core/Src/Sensor_Disconnection_Checks.o
                0x0000000008002650                encoder_ab_error_check
 .text.encoder_z_index_check
                0x000000000800275c       0x30 ./Core/Src/Sensor_Disconnection_Checks.o
                0x000000000800275c                encoder_z_index_check
 .text.encoder_pwm_error_check
                0x000000000800278c       0x54 ./Core/Src/Sensor_Disconnection_Checks.o
                0x000000000800278c                encoder_pwm_error_check
 .text.encoder_5v_error_check
                0x00000000080027e0       0x6c ./Core/Src/Sensor_Disconnection_Checks.o
                0x00000000080027e0                encoder_5v_error_check
 .text.Model_Params_Input
                0x000000000800284c       0x5c ./Core/Src/Sensor_Disconnection_Checks.o
                0x000000000800284c                Model_Params_Input
 .text.Model_Output_Flag_Checks
                0x00000000080028a8       0xdc ./Core/Src/Sensor_Disconnection_Checks.o
                0x00000000080028a8                Model_Output_Flag_Checks
 .text.ADC1_Analog_Val_Update
                0x0000000008002984       0x2c ./Core/Src/Sensor_Disconnection_Checks.o
                0x0000000008002984                ADC1_Analog_Val_Update
 .text.Initial_Fault_Check
                0x00000000080029b0       0x94 ./Core/Src/Sensor_Disconnection_Checks.o
                0x00000000080029b0                Initial_Fault_Check
 .text.Sensor_Disconnection_Check
                0x0000000008002a44      0x1f0 ./Core/Src/Sensor_Disconnection_Checks.o
                0x0000000008002a44                Sensor_Disconnection_Check
 .text.Speed_Filter
                0x0000000008002c34       0x58 ./Core/Src/Speed_Sensing.o
                0x0000000008002c34                Speed_Filter
 .text.Speed_Sense
                0x0000000008002c8c       0xb0 ./Core/Src/Speed_Sensing.o
                0x0000000008002c8c                Speed_Sense
 *fill*         0x0000000008002d3c        0x4 
 .text.Motor_Alignment_Routine
                0x0000000008002d40      0x190 ./Core/Src/alignment_routine.o
                0x0000000008002d40                Motor_Alignment_Routine
 .text.CAN_Queue_Init
                0x0000000008002ed0       0x18 ./Core/Src/fdcan.o
                0x0000000008002ed0                CAN_Queue_Init
 .text.CAN_Queue_Push
                0x0000000008002ee8       0x80 ./Core/Src/fdcan.o
                0x0000000008002ee8                CAN_Queue_Push
 .text.CAN_Queue_Process
                0x0000000008002f68       0x84 ./Core/Src/fdcan.o
                0x0000000008002f68                CAN_Queue_Process
 .text.CAN_Queue_Push_And_Kickstart
                0x0000000008002fec       0x20 ./Core/Src/fdcan.o
                0x0000000008002fec                CAN_Queue_Push_And_Kickstart
 .text.FDCAN_SETUP
                0x000000000800300c       0x24 ./Core/Src/fdcan.o
                0x000000000800300c                FDCAN_SETUP
 .text._fdcan_transmit_on_can
                0x0000000008003030       0x40 ./Core/Src/fdcan.o
                0x0000000008003030                _fdcan_transmit_on_can
 .text.Send_Data_On_CAN_401
                0x0000000008003070       0xc0 ./Core/Src/fdcan.o
                0x0000000008003070                Send_Data_On_CAN_401
 .text.Send_Data_On_CAN_402
                0x0000000008003130       0xa8 ./Core/Src/fdcan.o
                0x0000000008003130                Send_Data_On_CAN_402
 .text.Send_Data_On_CAN_403
                0x00000000080031d8       0x9c ./Core/Src/fdcan.o
                0x00000000080031d8                Send_Data_On_CAN_403
 .text.SystemClock_Config
                0x0000000008003274       0xcc ./Core/Src/main.o
                0x0000000008003274                SystemClock_Config
 .text.PeriphCommonClock_Config
                0x0000000008003340       0x48 ./Core/Src/main.o
                0x0000000008003340                PeriphCommonClock_Config
 .text.HAL_TIM_PeriodElapsedCallback
                0x0000000008003388       0x4c ./Core/Src/main.o
                0x0000000008003388                HAL_TIM_PeriodElapsedCallback
 .text.HAL_FDCAN_TxBufferCompleteCallback
                0x00000000080033d4       0x18 ./Core/Src/main.o
                0x00000000080033d4                HAL_FDCAN_TxBufferCompleteCallback
 .text.HAL_GPIO_EXTI_Callback
                0x00000000080033ec       0x48 ./Core/Src/main.o
                0x00000000080033ec                HAL_GPIO_EXTI_Callback
 .text.HAL_TIM_IC_CaptureCallback
                0x0000000008003434       0x8c ./Core/Src/main.o
                0x0000000008003434                HAL_TIM_IC_CaptureCallback
 .text.rt_OneStep
                0x00000000080034c0       0xd4 ./Core/Src/main.o
                0x00000000080034c0                rt_OneStep
 *fill*         0x0000000008003594        0x4 
 .text.HAL_ADCEx_InjectedConvCpltCallback
                0x0000000008003598      0x3a8 ./Core/Src/main.o
                0x0000000008003598                HAL_ADCEx_InjectedConvCpltCallback
 .text.set_Initial_angle
                0x0000000008003940       0xf8 ./Core/Src/main.o
                0x0000000008003940                set_Initial_angle
 .text.main     0x0000000008003a38      0x95c ./Core/Src/main.o
                0x0000000008003a38                main
 .text.Error_Handler
                0x0000000008004394        0x4 ./Core/Src/main.o
                0x0000000008004394                Error_Handler
 .text.HAL_MspInit
                0x0000000008004398       0x24 ./Core/Src/stm32h7xx_hal_msp.o
                0x0000000008004398                HAL_MspInit
 .text.HAL_ADC_MspInit
                0x00000000080043bc      0x1a4 ./Core/Src/stm32h7xx_hal_msp.o
                0x00000000080043bc                HAL_ADC_MspInit
 .text.HAL_FDCAN_MspInit
                0x0000000008004560       0xb0 ./Core/Src/stm32h7xx_hal_msp.o
                0x0000000008004560                HAL_FDCAN_MspInit
 .text.HAL_I2C_MspInit
                0x0000000008004610       0x98 ./Core/Src/stm32h7xx_hal_msp.o
                0x0000000008004610                HAL_I2C_MspInit
 .text.HAL_TIM_Base_MspInit
                0x00000000080046a8       0xdc ./Core/Src/stm32h7xx_hal_msp.o
                0x00000000080046a8                HAL_TIM_Base_MspInit
 .text.HAL_TIM_Encoder_MspInit
                0x0000000008004784       0xb0 ./Core/Src/stm32h7xx_hal_msp.o
                0x0000000008004784                HAL_TIM_Encoder_MspInit
 .text.HAL_TIM_MspPostInit
                0x0000000008004834       0x5c ./Core/Src/stm32h7xx_hal_msp.o
                0x0000000008004834                HAL_TIM_MspPostInit
 .text.HAL_TIM_Base_MspDeInit
                0x0000000008004890       0x70 ./Core/Src/stm32h7xx_hal_msp.o
                0x0000000008004890                HAL_TIM_Base_MspDeInit
 .text.NMI_Handler
                0x0000000008004900        0x2 ./Core/Src/stm32h7xx_it.o
                0x0000000008004900                NMI_Handler
 .text.HardFault_Handler
                0x0000000008004902        0x2 ./Core/Src/stm32h7xx_it.o
                0x0000000008004902                HardFault_Handler
 .text.MemManage_Handler
                0x0000000008004904        0x2 ./Core/Src/stm32h7xx_it.o
                0x0000000008004904                MemManage_Handler
 .text.BusFault_Handler
                0x0000000008004906        0x2 ./Core/Src/stm32h7xx_it.o
                0x0000000008004906                BusFault_Handler
 .text.UsageFault_Handler
                0x0000000008004908        0x2 ./Core/Src/stm32h7xx_it.o
                0x0000000008004908                UsageFault_Handler
 .text.SVC_Handler
                0x000000000800490a        0x2 ./Core/Src/stm32h7xx_it.o
                0x000000000800490a                SVC_Handler
 .text.DebugMon_Handler
                0x000000000800490c        0x2 ./Core/Src/stm32h7xx_it.o
                0x000000000800490c                DebugMon_Handler
 .text.PendSV_Handler
                0x000000000800490e        0x2 ./Core/Src/stm32h7xx_it.o
                0x000000000800490e                PendSV_Handler
 .text.SysTick_Handler
                0x0000000008004910        0x8 ./Core/Src/stm32h7xx_it.o
                0x0000000008004910                SysTick_Handler
 .text.DMA1_Stream0_IRQHandler
                0x0000000008004918       0x10 ./Core/Src/stm32h7xx_it.o
                0x0000000008004918                DMA1_Stream0_IRQHandler
 .text.ADC_IRQHandler
                0x0000000008004928       0x18 ./Core/Src/stm32h7xx_it.o
                0x0000000008004928                ADC_IRQHandler
 .text.FDCAN2_IT1_IRQHandler
                0x0000000008004940       0x10 ./Core/Src/stm32h7xx_it.o
                0x0000000008004940                FDCAN2_IT1_IRQHandler
 .text.EXTI9_5_IRQHandler
                0x0000000008004950        0xa ./Core/Src/stm32h7xx_it.o
                0x0000000008004950                EXTI9_5_IRQHandler
 *fill*         0x000000000800495a        0x2 
 .text.TIM2_IRQHandler
                0x000000000800495c       0x10 ./Core/Src/stm32h7xx_it.o
                0x000000000800495c                TIM2_IRQHandler
 .text.TIM5_IRQHandler
                0x000000000800496c       0x10 ./Core/Src/stm32h7xx_it.o
                0x000000000800496c                TIM5_IRQHandler
 .text.TIM17_IRQHandler
                0x000000000800497c       0x10 ./Core/Src/stm32h7xx_it.o
                0x000000000800497c                TIM17_IRQHandler
 .text.SystemInit
                0x000000000800498c       0xcc ./Core/Src/system_stm32h7xx.o
                0x000000000800498c                SystemInit
 .text.Reset_Handler
                0x0000000008004a58       0x50 ./Core/Startup/startup_stm32h743zitx.o
                0x0000000008004a58                Reset_Handler
 .text.Default_Handler
                0x0000000008004aa8        0x2 ./Core/Startup/startup_stm32h743zitx.o
                0x0000000008004aa8                RTC_Alarm_IRQHandler
                0x0000000008004aa8                EXTI2_IRQHandler
                0x0000000008004aa8                TIM8_CC_IRQHandler
                0x0000000008004aa8                HRTIM1_Master_IRQHandler
                0x0000000008004aa8                UART8_IRQHandler
                0x0000000008004aa8                SPI4_IRQHandler
                0x0000000008004aa8                TIM1_CC_IRQHandler
                0x0000000008004aa8                BDMA_Channel6_IRQHandler
                0x0000000008004aa8                DMA2_Stream5_IRQHandler
                0x0000000008004aa8                HRTIM1_FLT_IRQHandler
                0x0000000008004aa8                JPEG_IRQHandler
                0x0000000008004aa8                DMA1_Stream5_IRQHandler
                0x0000000008004aa8                BDMA_Channel1_IRQHandler
                0x0000000008004aa8                HRTIM1_TIMD_IRQHandler
                0x0000000008004aa8                TAMP_STAMP_IRQHandler
                0x0000000008004aa8                EXTI3_IRQHandler
                0x0000000008004aa8                LPTIM4_IRQHandler
                0x0000000008004aa8                TIM8_TRG_COM_TIM14_IRQHandler
                0x0000000008004aa8                LPTIM2_IRQHandler
                0x0000000008004aa8                DFSDM1_FLT1_IRQHandler
                0x0000000008004aa8                DMAMUX2_OVR_IRQHandler
                0x0000000008004aa8                TIM8_UP_TIM13_IRQHandler
                0x0000000008004aa8                I2C3_ER_IRQHandler
                0x0000000008004aa8                DFSDM1_FLT2_IRQHandler
                0x0000000008004aa8                MDMA_IRQHandler
                0x0000000008004aa8                LPTIM3_IRQHandler
                0x0000000008004aa8                HSEM1_IRQHandler
                0x0000000008004aa8                EXTI0_IRQHandler
                0x0000000008004aa8                I2C2_EV_IRQHandler
                0x0000000008004aa8                DMA1_Stream2_IRQHandler
                0x0000000008004aa8                FPU_IRQHandler
                0x0000000008004aa8                OTG_HS_WKUP_IRQHandler
                0x0000000008004aa8                FDCAN1_IT1_IRQHandler
                0x0000000008004aa8                LTDC_ER_IRQHandler
                0x0000000008004aa8                DMA2_Stream2_IRQHandler
                0x0000000008004aa8                HRTIM1_TIME_IRQHandler
                0x0000000008004aa8                SPI1_IRQHandler
                0x0000000008004aa8                TIM6_DAC_IRQHandler
                0x0000000008004aa8                DCMI_IRQHandler
                0x0000000008004aa8                HRTIM1_TIMC_IRQHandler
                0x0000000008004aa8                DMA2_Stream3_IRQHandler
                0x0000000008004aa8                SAI2_IRQHandler
                0x0000000008004aa8                DFSDM1_FLT3_IRQHandler
                0x0000000008004aa8                USART6_IRQHandler
                0x0000000008004aa8                USART3_IRQHandler
                0x0000000008004aa8                BDMA_Channel7_IRQHandler
                0x0000000008004aa8                LPTIM5_IRQHandler
                0x0000000008004aa8                UART5_IRQHandler
                0x0000000008004aa8                ADC3_IRQHandler
                0x0000000008004aa8                DMA2_Stream0_IRQHandler
                0x0000000008004aa8                TIM4_IRQHandler
                0x0000000008004aa8                BDMA_Channel2_IRQHandler
                0x0000000008004aa8                QUADSPI_IRQHandler
                0x0000000008004aa8                I2C1_EV_IRQHandler
                0x0000000008004aa8                DMA1_Stream6_IRQHandler
                0x0000000008004aa8                DMAMUX1_OVR_IRQHandler
                0x0000000008004aa8                DMA1_Stream1_IRQHandler
                0x0000000008004aa8                TIM16_IRQHandler
                0x0000000008004aa8                UART4_IRQHandler
                0x0000000008004aa8                BDMA_Channel5_IRQHandler
                0x0000000008004aa8                TIM3_IRQHandler
                0x0000000008004aa8                RCC_IRQHandler
                0x0000000008004aa8                TIM8_BRK_TIM12_IRQHandler
                0x0000000008004aa8                TIM1_TRG_COM_IRQHandler
                0x0000000008004aa8                Default_Handler
                0x0000000008004aa8                ECC_IRQHandler
                0x0000000008004aa8                CEC_IRQHandler
                0x0000000008004aa8                EXTI15_10_IRQHandler
                0x0000000008004aa8                BDMA_Channel0_IRQHandler
                0x0000000008004aa8                DMA1_Stream7_IRQHandler
                0x0000000008004aa8                HRTIM1_TIMA_IRQHandler
                0x0000000008004aa8                SPI5_IRQHandler
                0x0000000008004aa8                TIM7_IRQHandler
                0x0000000008004aa8                SDMMC1_IRQHandler
                0x0000000008004aa8                DMA2_Stream7_IRQHandler
                0x0000000008004aa8                TIM15_IRQHandler
                0x0000000008004aa8                PVD_AVD_IRQHandler
                0x0000000008004aa8                I2C3_EV_IRQHandler
                0x0000000008004aa8                RTC_WKUP_IRQHandler
                0x0000000008004aa8                LTDC_IRQHandler
                0x0000000008004aa8                SAI3_IRQHandler
                0x0000000008004aa8                ETH_WKUP_IRQHandler
                0x0000000008004aa8                SPDIF_RX_IRQHandler
                0x0000000008004aa8                SPI2_IRQHandler
                0x0000000008004aa8                OTG_HS_EP1_IN_IRQHandler
                0x0000000008004aa8                CRS_IRQHandler
                0x0000000008004aa8                EXTI4_IRQHandler
                0x0000000008004aa8                RNG_IRQHandler
                0x0000000008004aa8                HRTIM1_TIMB_IRQHandler
                0x0000000008004aa8                ETH_IRQHandler
                0x0000000008004aa8                TIM1_UP_IRQHandler
                0x0000000008004aa8                BDMA_Channel4_IRQHandler
                0x0000000008004aa8                OTG_HS_EP1_OUT_IRQHandler
                0x0000000008004aa8                WWDG_IRQHandler
                0x0000000008004aa8                SPI6_IRQHandler
                0x0000000008004aa8                MDIOS_IRQHandler
                0x0000000008004aa8                I2C4_EV_IRQHandler
                0x0000000008004aa8                FDCAN2_IT0_IRQHandler
                0x0000000008004aa8                LPUART1_IRQHandler
                0x0000000008004aa8                FDCAN1_IT0_IRQHandler
                0x0000000008004aa8                OTG_FS_WKUP_IRQHandler
                0x0000000008004aa8                OTG_HS_IRQHandler
                0x0000000008004aa8                DMA2D_IRQHandler
                0x0000000008004aa8                TIM1_BRK_IRQHandler
                0x0000000008004aa8                EXTI1_IRQHandler
                0x0000000008004aa8                SDMMC2_IRQHandler
                0x0000000008004aa8                OTG_FS_EP1_OUT_IRQHandler
                0x0000000008004aa8                BDMA_Channel3_IRQHandler
                0x0000000008004aa8                UART7_IRQHandler
                0x0000000008004aa8                MDIOS_WKUP_IRQHandler
                0x0000000008004aa8                USART2_IRQHandler
                0x0000000008004aa8                DFSDM1_FLT0_IRQHandler
                0x0000000008004aa8                SAI4_IRQHandler
                0x0000000008004aa8                I2C2_ER_IRQHandler
                0x0000000008004aa8                DMA2_Stream1_IRQHandler
                0x0000000008004aa8                FLASH_IRQHandler
                0x0000000008004aa8                DMA2_Stream4_IRQHandler
                0x0000000008004aa8                USART1_IRQHandler
                0x0000000008004aa8                OTG_FS_IRQHandler
                0x0000000008004aa8                SPI3_IRQHandler
                0x0000000008004aa8                WAKEUP_PIN_IRQHandler
                0x0000000008004aa8                DMA1_Stream4_IRQHandler
                0x0000000008004aa8                OTG_FS_EP1_IN_IRQHandler
                0x0000000008004aa8                I2C1_ER_IRQHandler
                0x0000000008004aa8                FMC_IRQHandler
                0x0000000008004aa8                FDCAN_CAL_IRQHandler
                0x0000000008004aa8                SWPMI1_IRQHandler
                0x0000000008004aa8                COMP1_IRQHandler
                0x0000000008004aa8                LPTIM1_IRQHandler
                0x0000000008004aa8                I2C4_ER_IRQHandler
                0x0000000008004aa8                DMA2_Stream6_IRQHandler
                0x0000000008004aa8                SAI1_IRQHandler
                0x0000000008004aa8                DMA1_Stream3_IRQHandler
 *fill*         0x0000000008004aaa        0x2 
 .text.HAL_InitTick
                0x0000000008004aac       0x4c ./Drivers/STM32H7xx_HAL_Driver/Src/stm32h7xx_hal.o
                0x0000000008004aac                HAL_InitTick
 .text.HAL_Init
                0x0000000008004af8       0x5c ./Drivers/STM32H7xx_HAL_Driver/Src/stm32h7xx_hal.o
                0x0000000008004af8                HAL_Init
 .text.HAL_IncTick
                0x0000000008004b54       0x18 ./Drivers/STM32H7xx_HAL_Driver/Src/stm32h7xx_hal.o
                0x0000000008004b54                HAL_IncTick
 .text.HAL_GetTick
                0x0000000008004b6c        0xc ./Drivers/STM32H7xx_HAL_Driver/Src/stm32h7xx_hal.o
                0x0000000008004b6c                HAL_GetTick
 .text.HAL_Delay
                0x0000000008004b78       0x28 ./Drivers/STM32H7xx_HAL_Driver/Src/stm32h7xx_hal.o
                0x0000000008004b78                HAL_Delay
 .text.HAL_GetREVID
                0x0000000008004ba0        0xc ./Drivers/STM32H7xx_HAL_Driver/Src/stm32h7xx_hal.o
                0x0000000008004ba0                HAL_GetREVID
 .text.HAL_ADC_ConvCpltCallback
                0x0000000008004bac        0x2 ./Drivers/STM32H7xx_HAL_Driver/Src/stm32h7xx_hal_adc.o
                0x0000000008004bac                HAL_ADC_ConvCpltCallback
 .text.HAL_ADC_ConvHalfCpltCallback
                0x0000000008004bae        0x2 ./Drivers/STM32H7xx_HAL_Driver/Src/stm32h7xx_hal_adc.o
                0x0000000008004bae                HAL_ADC_ConvHalfCpltCallback
 .text.ADC_DMAHalfConvCplt
                0x0000000008004bb0        0xa ./Drivers/STM32H7xx_HAL_Driver/Src/stm32h7xx_hal_adc.o
                0x0000000008004bb0                ADC_DMAHalfConvCplt
 .text.HAL_ADC_LevelOutOfWindowCallback
                0x0000000008004bba        0x2 ./Drivers/STM32H7xx_HAL_Driver/Src/stm32h7xx_hal_adc.o
                0x0000000008004bba                HAL_ADC_LevelOutOfWindowCallback
 .text.HAL_ADC_ErrorCallback
                0x0000000008004bbc        0x2 ./Drivers/STM32H7xx_HAL_Driver/Src/stm32h7xx_hal_adc.o
                0x0000000008004bbc                HAL_ADC_ErrorCallback
 *fill*         0x0000000008004bbe        0x2 
 .text.HAL_ADC_IRQHandler
                0x0000000008004bc0      0x2b4 ./Drivers/STM32H7xx_HAL_Driver/Src/stm32h7xx_hal_adc.o
                0x0000000008004bc0                HAL_ADC_IRQHandler
 .text.ADC_DMAConvCplt
                0x0000000008004e74       0x88 ./Drivers/STM32H7xx_HAL_Driver/Src/stm32h7xx_hal_adc.o
                0x0000000008004e74                ADC_DMAConvCplt
 .text.ADC_DMAError
                0x0000000008004efc       0x1a ./Drivers/STM32H7xx_HAL_Driver/Src/stm32h7xx_hal_adc.o
                0x0000000008004efc                ADC_DMAError
 *fill*         0x0000000008004f16        0x2 
 .text.HAL_ADC_ConfigChannel
                0x0000000008004f18      0x470 ./Drivers/STM32H7xx_HAL_Driver/Src/stm32h7xx_hal_adc.o
                0x0000000008004f18                HAL_ADC_ConfigChannel
 .text.ADC_Enable
                0x0000000008005388       0xd8 ./Drivers/STM32H7xx_HAL_Driver/Src/stm32h7xx_hal_adc.o
                0x0000000008005388                ADC_Enable
 .text.HAL_ADC_Start_DMA
                0x0000000008005460      0x11c ./Drivers/STM32H7xx_HAL_Driver/Src/stm32h7xx_hal_adc.o
                0x0000000008005460                HAL_ADC_Start_DMA
 .text.ADC_Disable
                0x000000000800557c       0x98 ./Drivers/STM32H7xx_HAL_Driver/Src/stm32h7xx_hal_adc.o
                0x000000000800557c                ADC_Disable
 .text.ADC_ConfigureBoostMode
                0x0000000008005614      0x170 ./Drivers/STM32H7xx_HAL_Driver/Src/stm32h7xx_hal_adc.o
                0x0000000008005614                ADC_ConfigureBoostMode
 .text.HAL_ADC_Init
                0x0000000008005784      0x230 ./Drivers/STM32H7xx_HAL_Driver/Src/stm32h7xx_hal_adc.o
                0x0000000008005784                HAL_ADC_Init
 .text.HAL_ADCEx_Calibration_Start
                0x00000000080059b4       0xa8 ./Drivers/STM32H7xx_HAL_Driver/Src/stm32h7xx_hal_adc_ex.o
                0x00000000080059b4                HAL_ADCEx_Calibration_Start
 .text.HAL_ADCEx_InjectedStart_IT
                0x0000000008005a5c      0x144 ./Drivers/STM32H7xx_HAL_Driver/Src/stm32h7xx_hal_adc_ex.o
                0x0000000008005a5c                HAL_ADCEx_InjectedStart_IT
 .text.HAL_ADCEx_InjectedGetValue
                0x0000000008005ba0       0x38 ./Drivers/STM32H7xx_HAL_Driver/Src/stm32h7xx_hal_adc_ex.o
                0x0000000008005ba0                HAL_ADCEx_InjectedGetValue
 .text.HAL_ADCEx_InjectedQueueOverflowCallback
                0x0000000008005bd8        0x2 ./Drivers/STM32H7xx_HAL_Driver/Src/stm32h7xx_hal_adc_ex.o
                0x0000000008005bd8                HAL_ADCEx_InjectedQueueOverflowCallback
 .text.HAL_ADCEx_LevelOutOfWindow2Callback
                0x0000000008005bda        0x2 ./Drivers/STM32H7xx_HAL_Driver/Src/stm32h7xx_hal_adc_ex.o
                0x0000000008005bda                HAL_ADCEx_LevelOutOfWindow2Callback
 .text.HAL_ADCEx_LevelOutOfWindow3Callback
                0x0000000008005bdc        0x2 ./Drivers/STM32H7xx_HAL_Driver/Src/stm32h7xx_hal_adc_ex.o
                0x0000000008005bdc                HAL_ADCEx_LevelOutOfWindow3Callback
 .text.HAL_ADCEx_EndOfSamplingCallback
                0x0000000008005bde        0x2 ./Drivers/STM32H7xx_HAL_Driver/Src/stm32h7xx_hal_adc_ex.o
                0x0000000008005bde                HAL_ADCEx_EndOfSamplingCallback
 .text.HAL_ADCEx_InjectedConfigChannel
                0x0000000008005be0      0x5d0 ./Drivers/STM32H7xx_HAL_Driver/Src/stm32h7xx_hal_adc_ex.o
                0x0000000008005be0                HAL_ADCEx_InjectedConfigChannel
 .text.HAL_ADCEx_MultiModeConfigChannel
                0x00000000080061b0      0x124 ./Drivers/STM32H7xx_HAL_Driver/Src/stm32h7xx_hal_adc_ex.o
                0x00000000080061b0                HAL_ADCEx_MultiModeConfigChannel
 .text.HAL_ADCEx_DisableInjectedQueue
                0x00000000080062d4       0x2c ./Drivers/STM32H7xx_HAL_Driver/Src/stm32h7xx_hal_adc_ex.o
                0x00000000080062d4                HAL_ADCEx_DisableInjectedQueue
 .text.HAL_NVIC_SetPriorityGrouping
                0x0000000008006300       0x24 ./Drivers/STM32H7xx_HAL_Driver/Src/stm32h7xx_hal_cortex.o
                0x0000000008006300                HAL_NVIC_SetPriorityGrouping
 .text.HAL_NVIC_SetPriority
                0x0000000008006324       0x68 ./Drivers/STM32H7xx_HAL_Driver/Src/stm32h7xx_hal_cortex.o
                0x0000000008006324                HAL_NVIC_SetPriority
 .text.HAL_NVIC_EnableIRQ
                0x000000000800638c       0x1c ./Drivers/STM32H7xx_HAL_Driver/Src/stm32h7xx_hal_cortex.o
                0x000000000800638c                HAL_NVIC_EnableIRQ
 .text.HAL_NVIC_DisableIRQ
                0x00000000080063a8       0x28 ./Drivers/STM32H7xx_HAL_Driver/Src/stm32h7xx_hal_cortex.o
                0x00000000080063a8                HAL_NVIC_DisableIRQ
 .text.HAL_NVIC_SystemReset
                0x00000000080063d0       0x24 ./Drivers/STM32H7xx_HAL_Driver/Src/stm32h7xx_hal_cortex.o
                0x00000000080063d0                HAL_NVIC_SystemReset
 .text.HAL_SYSTICK_Config
                0x00000000080063f4       0x28 ./Drivers/STM32H7xx_HAL_Driver/Src/stm32h7xx_hal_cortex.o
                0x00000000080063f4                HAL_SYSTICK_Config
 .text.DMA_SetConfig
                0x000000000800641c      0x264 ./Drivers/STM32H7xx_HAL_Driver/Src/stm32h7xx_hal_dma.o
 .text.DMA_CalcBaseAndBitshift
                0x0000000008006680       0xec ./Drivers/STM32H7xx_HAL_Driver/Src/stm32h7xx_hal_dma.o
 .text.DMA_CalcDMAMUXChannelBaseAndMask
                0x000000000800676c       0xcc ./Drivers/STM32H7xx_HAL_Driver/Src/stm32h7xx_hal_dma.o
 .text.DMA_CalcDMAMUXRequestGenBaseAndMask
                0x0000000008006838       0xa0 ./Drivers/STM32H7xx_HAL_Driver/Src/stm32h7xx_hal_dma.o
 .text.HAL_DMA_Init
                0x00000000080068d8      0x454 ./Drivers/STM32H7xx_HAL_Driver/Src/stm32h7xx_hal_dma.o
                0x00000000080068d8                HAL_DMA_Init
 .text.HAL_DMA_Start_IT
                0x0000000008006d2c      0x3c0 ./Drivers/STM32H7xx_HAL_Driver/Src/stm32h7xx_hal_dma.o
                0x0000000008006d2c                HAL_DMA_Start_IT
 .text.HAL_DMA_IRQHandler
                0x00000000080070ec      0x978 ./Drivers/STM32H7xx_HAL_Driver/Src/stm32h7xx_hal_dma.o
                0x00000000080070ec                HAL_DMA_IRQHandler
 .text.FDCAN_CopyMessageToRAM
                0x0000000008007a64       0x90 ./Drivers/STM32H7xx_HAL_Driver/Src/stm32h7xx_hal_fdcan.o
 .text.HAL_FDCAN_Init
                0x0000000008007af4      0x454 ./Drivers/STM32H7xx_HAL_Driver/Src/stm32h7xx_hal_fdcan.o
                0x0000000008007af4                HAL_FDCAN_Init
 .text.HAL_FDCAN_Start
                0x0000000008007f48       0x34 ./Drivers/STM32H7xx_HAL_Driver/Src/stm32h7xx_hal_fdcan.o
                0x0000000008007f48                HAL_FDCAN_Start
 .text.HAL_FDCAN_AddMessageToTxFifoQ
                0x0000000008007f7c       0x76 ./Drivers/STM32H7xx_HAL_Driver/Src/stm32h7xx_hal_fdcan.o
                0x0000000008007f7c                HAL_FDCAN_AddMessageToTxFifoQ
 .text.HAL_FDCAN_GetTxFifoFreeLevel
                0x0000000008007ff2        0xc ./Drivers/STM32H7xx_HAL_Driver/Src/stm32h7xx_hal_fdcan.o
                0x0000000008007ff2                HAL_FDCAN_GetTxFifoFreeLevel
 *fill*         0x0000000008007ffe        0x2 
 .text.HAL_FDCAN_ActivateNotification
                0x0000000008008000       0x90 ./Drivers/STM32H7xx_HAL_Driver/Src/stm32h7xx_hal_fdcan.o
                0x0000000008008000                HAL_FDCAN_ActivateNotification
 .text.HAL_FDCAN_ClockCalibrationCallback
                0x0000000008008090        0x2 ./Drivers/STM32H7xx_HAL_Driver/Src/stm32h7xx_hal_fdcan.o
                0x0000000008008090                HAL_FDCAN_ClockCalibrationCallback
 .text.HAL_FDCAN_TxEventFifoCallback
                0x0000000008008092        0x2 ./Drivers/STM32H7xx_HAL_Driver/Src/stm32h7xx_hal_fdcan.o
                0x0000000008008092                HAL_FDCAN_TxEventFifoCallback
 .text.HAL_FDCAN_RxFifo0Callback
                0x0000000008008094        0x2 ./Drivers/STM32H7xx_HAL_Driver/Src/stm32h7xx_hal_fdcan.o
                0x0000000008008094                HAL_FDCAN_RxFifo0Callback
 .text.HAL_FDCAN_RxFifo1Callback
                0x0000000008008096        0x2 ./Drivers/STM32H7xx_HAL_Driver/Src/stm32h7xx_hal_fdcan.o
                0x0000000008008096                HAL_FDCAN_RxFifo1Callback
 .text.HAL_FDCAN_TxFifoEmptyCallback
                0x0000000008008098        0x2 ./Drivers/STM32H7xx_HAL_Driver/Src/stm32h7xx_hal_fdcan.o
                0x0000000008008098                HAL_FDCAN_TxFifoEmptyCallback
 .text.HAL_FDCAN_TxBufferAbortCallback
                0x000000000800809a        0x2 ./Drivers/STM32H7xx_HAL_Driver/Src/stm32h7xx_hal_fdcan.o
                0x000000000800809a                HAL_FDCAN_TxBufferAbortCallback
 .text.HAL_FDCAN_RxBufferNewMessageCallback
                0x000000000800809c        0x2 ./Drivers/STM32H7xx_HAL_Driver/Src/stm32h7xx_hal_fdcan.o
                0x000000000800809c                HAL_FDCAN_RxBufferNewMessageCallback
 .text.HAL_FDCAN_TimestampWraparoundCallback
                0x000000000800809e        0x2 ./Drivers/STM32H7xx_HAL_Driver/Src/stm32h7xx_hal_fdcan.o
                0x000000000800809e                HAL_FDCAN_TimestampWraparoundCallback
 .text.HAL_FDCAN_TimeoutOccurredCallback
                0x00000000080080a0        0x2 ./Drivers/STM32H7xx_HAL_Driver/Src/stm32h7xx_hal_fdcan.o
                0x00000000080080a0                HAL_FDCAN_TimeoutOccurredCallback
 .text.HAL_FDCAN_HighPriorityMessageCallback
                0x00000000080080a2        0x2 ./Drivers/STM32H7xx_HAL_Driver/Src/stm32h7xx_hal_fdcan.o
                0x00000000080080a2                HAL_FDCAN_HighPriorityMessageCallback
 .text.HAL_FDCAN_ErrorCallback
                0x00000000080080a4        0x2 ./Drivers/STM32H7xx_HAL_Driver/Src/stm32h7xx_hal_fdcan.o
                0x00000000080080a4                HAL_FDCAN_ErrorCallback
 .text.HAL_FDCAN_ErrorStatusCallback
                0x00000000080080a6        0x2 ./Drivers/STM32H7xx_HAL_Driver/Src/stm32h7xx_hal_fdcan.o
                0x00000000080080a6                HAL_FDCAN_ErrorStatusCallback
 .text.HAL_FDCAN_TT_ScheduleSyncCallback
                0x00000000080080a8        0x2 ./Drivers/STM32H7xx_HAL_Driver/Src/stm32h7xx_hal_fdcan.o
                0x00000000080080a8                HAL_FDCAN_TT_ScheduleSyncCallback
 .text.HAL_FDCAN_TT_TimeMarkCallback
                0x00000000080080aa        0x2 ./Drivers/STM32H7xx_HAL_Driver/Src/stm32h7xx_hal_fdcan.o
                0x00000000080080aa                HAL_FDCAN_TT_TimeMarkCallback
 .text.HAL_FDCAN_TT_StopWatchCallback
                0x00000000080080ac        0x2 ./Drivers/STM32H7xx_HAL_Driver/Src/stm32h7xx_hal_fdcan.o
                0x00000000080080ac                HAL_FDCAN_TT_StopWatchCallback
 .text.HAL_FDCAN_TT_GlobalTimeCallback
                0x00000000080080ae        0x2 ./Drivers/STM32H7xx_HAL_Driver/Src/stm32h7xx_hal_fdcan.o
                0x00000000080080ae                HAL_FDCAN_TT_GlobalTimeCallback
 .text.HAL_FDCAN_IRQHandler
                0x00000000080080b0      0x318 ./Drivers/STM32H7xx_HAL_Driver/Src/stm32h7xx_hal_fdcan.o
                0x00000000080080b0                HAL_FDCAN_IRQHandler
 .text.HAL_GPIO_Init
                0x00000000080083c8      0x23c ./Drivers/STM32H7xx_HAL_Driver/Src/stm32h7xx_hal_gpio.o
                0x00000000080083c8                HAL_GPIO_Init
 .text.HAL_GPIO_DeInit
                0x0000000008008604      0x16c ./Drivers/STM32H7xx_HAL_Driver/Src/stm32h7xx_hal_gpio.o
                0x0000000008008604                HAL_GPIO_DeInit
 .text.HAL_GPIO_ReadPin
                0x0000000008008770        0xc ./Drivers/STM32H7xx_HAL_Driver/Src/stm32h7xx_hal_gpio.o
                0x0000000008008770                HAL_GPIO_ReadPin
 .text.HAL_GPIO_WritePin
                0x000000000800877c        0xc ./Drivers/STM32H7xx_HAL_Driver/Src/stm32h7xx_hal_gpio.o
                0x000000000800877c                HAL_GPIO_WritePin
 .text.HAL_GPIO_EXTI_IRQHandler
                0x0000000008008788       0x1e ./Drivers/STM32H7xx_HAL_Driver/Src/stm32h7xx_hal_gpio.o
                0x0000000008008788                HAL_GPIO_EXTI_IRQHandler
 .text.I2C_Flush_TXDR
                0x00000000080087a6       0x22 ./Drivers/STM32H7xx_HAL_Driver/Src/stm32h7xx_hal_i2c.o
 .text.I2C_TransferConfig
                0x00000000080087c8       0x3a ./Drivers/STM32H7xx_HAL_Driver/Src/stm32h7xx_hal_i2c.o
 .text.I2C_IsErrorOccurred
                0x0000000008008802      0x120 ./Drivers/STM32H7xx_HAL_Driver/Src/stm32h7xx_hal_i2c.o
 .text.I2C_WaitOnTXISFlagUntilTimeout
                0x0000000008008922       0x60 ./Drivers/STM32H7xx_HAL_Driver/Src/stm32h7xx_hal_i2c.o
 .text.I2C_WaitOnFlagUntilTimeout
                0x0000000008008982       0x7c ./Drivers/STM32H7xx_HAL_Driver/Src/stm32h7xx_hal_i2c.o
 .text.I2C_WaitOnSTOPFlagUntilTimeout
                0x00000000080089fe       0x6a ./Drivers/STM32H7xx_HAL_Driver/Src/stm32h7xx_hal_i2c.o
 .text.HAL_I2C_Init
                0x0000000008008a68       0xb8 ./Drivers/STM32H7xx_HAL_Driver/Src/stm32h7xx_hal_i2c.o
                0x0000000008008a68                HAL_I2C_Init
 .text.HAL_I2C_Mem_Write
                0x0000000008008b20      0x1fc ./Drivers/STM32H7xx_HAL_Driver/Src/stm32h7xx_hal_i2c.o
                0x0000000008008b20                HAL_I2C_Mem_Write
 .text.HAL_I2C_Mem_Read
                0x0000000008008d1c      0x204 ./Drivers/STM32H7xx_HAL_Driver/Src/stm32h7xx_hal_i2c.o
                0x0000000008008d1c                HAL_I2C_Mem_Read
 .text.HAL_I2C_IsDeviceReady
                0x0000000008008f20      0x140 ./Drivers/STM32H7xx_HAL_Driver/Src/stm32h7xx_hal_i2c.o
                0x0000000008008f20                HAL_I2C_IsDeviceReady
 .text.HAL_I2CEx_ConfigAnalogFilter
                0x0000000008009060       0x5c ./Drivers/STM32H7xx_HAL_Driver/Src/stm32h7xx_hal_i2c_ex.o
                0x0000000008009060                HAL_I2CEx_ConfigAnalogFilter
 .text.HAL_I2CEx_ConfigDigitalFilter
                0x00000000080090bc       0x58 ./Drivers/STM32H7xx_HAL_Driver/Src/stm32h7xx_hal_i2c_ex.o
                0x00000000080090bc                HAL_I2CEx_ConfigDigitalFilter
 .text.HAL_PWREx_ConfigSupply
                0x0000000008009114       0x50 ./Drivers/STM32H7xx_HAL_Driver/Src/stm32h7xx_hal_pwr_ex.o
                0x0000000008009114                HAL_PWREx_ConfigSupply
 .text.HAL_RCC_OscConfig
                0x0000000008009164      0x6b4 ./Drivers/STM32H7xx_HAL_Driver/Src/stm32h7xx_hal_rcc.o
                0x0000000008009164                HAL_RCC_OscConfig
 .text.HAL_RCC_GetSysClockFreq
                0x0000000008009818      0x1f0 ./Drivers/STM32H7xx_HAL_Driver/Src/stm32h7xx_hal_rcc.o
                0x0000000008009818                HAL_RCC_GetSysClockFreq
 .text.HAL_RCC_ClockConfig
                0x0000000008009a08      0x2b0 ./Drivers/STM32H7xx_HAL_Driver/Src/stm32h7xx_hal_rcc.o
                0x0000000008009a08                HAL_RCC_ClockConfig
 .text.HAL_RCC_GetHCLKFreq
                0x0000000008009cb8       0x44 ./Drivers/STM32H7xx_HAL_Driver/Src/stm32h7xx_hal_rcc.o
                0x0000000008009cb8                HAL_RCC_GetHCLKFreq
 .text.HAL_RCC_GetPCLK1Freq
                0x0000000008009cfc       0x24 ./Drivers/STM32H7xx_HAL_Driver/Src/stm32h7xx_hal_rcc.o
                0x0000000008009cfc                HAL_RCC_GetPCLK1Freq
 .text.RCCEx_PLL2_Config
                0x0000000008009d20      0x104 ./Drivers/STM32H7xx_HAL_Driver/Src/stm32h7xx_hal_rcc_ex.o
 .text.RCCEx_PLL3_Config
                0x0000000008009e24      0x104 ./Drivers/STM32H7xx_HAL_Driver/Src/stm32h7xx_hal_rcc_ex.o
 .text.HAL_RCCEx_PeriphCLKConfig
                0x0000000008009f28      0xa98 ./Drivers/STM32H7xx_HAL_Driver/Src/stm32h7xx_hal_rcc_ex.o
                0x0000000008009f28                HAL_RCCEx_PeriphCLKConfig
 .text.HAL_RCCEx_GetD3PCLK1Freq
                0x000000000800a9c0       0x24 ./Drivers/STM32H7xx_HAL_Driver/Src/stm32h7xx_hal_rcc_ex.o
                0x000000000800a9c0                HAL_RCCEx_GetD3PCLK1Freq
 .text.HAL_RCCEx_GetPLL2ClockFreq
                0x000000000800a9e4      0x1f8 ./Drivers/STM32H7xx_HAL_Driver/Src/stm32h7xx_hal_rcc_ex.o
                0x000000000800a9e4                HAL_RCCEx_GetPLL2ClockFreq
 .text.HAL_RCCEx_GetPLL3ClockFreq
                0x000000000800abdc      0x1f8 ./Drivers/STM32H7xx_HAL_Driver/Src/stm32h7xx_hal_rcc_ex.o
                0x000000000800abdc                HAL_RCCEx_GetPLL3ClockFreq
 .text.HAL_RCCEx_GetPLL1ClockFreq
                0x000000000800add4      0x1f8 ./Drivers/STM32H7xx_HAL_Driver/Src/stm32h7xx_hal_rcc_ex.o
                0x000000000800add4                HAL_RCCEx_GetPLL1ClockFreq
 .text.HAL_RCCEx_GetPeriphCLKFreq
                0x000000000800afcc      0x6b4 ./Drivers/STM32H7xx_HAL_Driver/Src/stm32h7xx_hal_rcc_ex.o
                0x000000000800afcc                HAL_RCCEx_GetPeriphCLKFreq
 .text.TIM_OC1_SetConfig
                0x000000000800b680       0xa0 ./Drivers/STM32H7xx_HAL_Driver/Src/stm32h7xx_hal_tim.o
 .text.TIM_OC3_SetConfig
                0x000000000800b720       0x84 ./Drivers/STM32H7xx_HAL_Driver/Src/stm32h7xx_hal_tim.o
 .text.TIM_OC4_SetConfig
                0x000000000800b7a4       0x6c ./Drivers/STM32H7xx_HAL_Driver/Src/stm32h7xx_hal_tim.o
 .text.TIM_OC5_SetConfig
                0x000000000800b810       0x6c ./Drivers/STM32H7xx_HAL_Driver/Src/stm32h7xx_hal_tim.o
 .text.TIM_OC6_SetConfig
                0x000000000800b87c       0x6c ./Drivers/STM32H7xx_HAL_Driver/Src/stm32h7xx_hal_tim.o
 .text.HAL_TIM_Base_Start_IT
                0x000000000800b8e8       0xb0 ./Drivers/STM32H7xx_HAL_Driver/Src/stm32h7xx_hal_tim.o
                0x000000000800b8e8                HAL_TIM_Base_Start_IT
 .text.HAL_TIM_PWM_MspInit
                0x000000000800b998        0x2 ./Drivers/STM32H7xx_HAL_Driver/Src/stm32h7xx_hal_tim.o
                0x000000000800b998                HAL_TIM_PWM_MspInit
 .text.HAL_TIM_IC_MspInit
                0x000000000800b99a        0x2 ./Drivers/STM32H7xx_HAL_Driver/Src/stm32h7xx_hal_tim.o
                0x000000000800b99a                HAL_TIM_IC_MspInit
 .text.HAL_TIM_IC_MspDeInit
                0x000000000800b99c        0x2 ./Drivers/STM32H7xx_HAL_Driver/Src/stm32h7xx_hal_tim.o
                0x000000000800b99c                HAL_TIM_IC_MspDeInit
 .text.HAL_TIM_IC_DeInit
                0x000000000800b99e       0x66 ./Drivers/STM32H7xx_HAL_Driver/Src/stm32h7xx_hal_tim.o
                0x000000000800b99e                HAL_TIM_IC_DeInit
 .text.HAL_TIM_ReadCapturedValue
                0x000000000800ba04       0x32 ./Drivers/STM32H7xx_HAL_Driver/Src/stm32h7xx_hal_tim.o
                0x000000000800ba04                HAL_TIM_ReadCapturedValue
 .text.HAL_TIM_OC_DelayElapsedCallback
                0x000000000800ba36        0x2 ./Drivers/STM32H7xx_HAL_Driver/Src/stm32h7xx_hal_tim.o
                0x000000000800ba36                HAL_TIM_OC_DelayElapsedCallback
 .text.HAL_TIM_PWM_PulseFinishedCallback
                0x000000000800ba38        0x2 ./Drivers/STM32H7xx_HAL_Driver/Src/stm32h7xx_hal_tim.o
                0x000000000800ba38                HAL_TIM_PWM_PulseFinishedCallback
 .text.HAL_TIM_TriggerCallback
                0x000000000800ba3a        0x2 ./Drivers/STM32H7xx_HAL_Driver/Src/stm32h7xx_hal_tim.o
                0x000000000800ba3a                HAL_TIM_TriggerCallback
 .text.HAL_TIM_IRQHandler
                0x000000000800ba3c      0x180 ./Drivers/STM32H7xx_HAL_Driver/Src/stm32h7xx_hal_tim.o
                0x000000000800ba3c                HAL_TIM_IRQHandler
 .text.TIM_Base_SetConfig
                0x000000000800bbbc       0xf4 ./Drivers/STM32H7xx_HAL_Driver/Src/stm32h7xx_hal_tim.o
                0x000000000800bbbc                TIM_Base_SetConfig
 .text.HAL_TIM_Base_Init
                0x000000000800bcb0       0x60 ./Drivers/STM32H7xx_HAL_Driver/Src/stm32h7xx_hal_tim.o
                0x000000000800bcb0                HAL_TIM_Base_Init
 .text.HAL_TIM_PWM_Init
                0x000000000800bd10       0x60 ./Drivers/STM32H7xx_HAL_Driver/Src/stm32h7xx_hal_tim.o
                0x000000000800bd10                HAL_TIM_PWM_Init
 .text.HAL_TIM_IC_Init
                0x000000000800bd70       0x60 ./Drivers/STM32H7xx_HAL_Driver/Src/stm32h7xx_hal_tim.o
                0x000000000800bd70                HAL_TIM_IC_Init
 .text.HAL_TIM_Encoder_Init
                0x000000000800bdd0       0xb4 ./Drivers/STM32H7xx_HAL_Driver/Src/stm32h7xx_hal_tim.o
                0x000000000800bdd0                HAL_TIM_Encoder_Init
 .text.TIM_OC2_SetConfig
                0x000000000800be84       0x84 ./Drivers/STM32H7xx_HAL_Driver/Src/stm32h7xx_hal_tim.o
                0x000000000800be84                TIM_OC2_SetConfig
 .text.HAL_TIM_PWM_ConfigChannel
                0x000000000800bf08      0x13a ./Drivers/STM32H7xx_HAL_Driver/Src/stm32h7xx_hal_tim.o
                0x000000000800bf08                HAL_TIM_PWM_ConfigChannel
 *fill*         0x000000000800c042        0x2 
 .text.TIM_TI1_SetConfig
                0x000000000800c044       0x7c ./Drivers/STM32H7xx_HAL_Driver/Src/stm32h7xx_hal_tim.o
                0x000000000800c044                TIM_TI1_SetConfig
 .text.HAL_TIM_IC_ConfigChannel
                0x000000000800c0c0      0x146 ./Drivers/STM32H7xx_HAL_Driver/Src/stm32h7xx_hal_tim.o
                0x000000000800c0c0                HAL_TIM_IC_ConfigChannel
 .text.TIM_ETR_SetConfig
                0x000000000800c206       0x1a ./Drivers/STM32H7xx_HAL_Driver/Src/stm32h7xx_hal_tim.o
                0x000000000800c206                TIM_ETR_SetConfig
 .text.HAL_TIM_ConfigClockSource
                0x000000000800c220      0x1a4 ./Drivers/STM32H7xx_HAL_Driver/Src/stm32h7xx_hal_tim.o
                0x000000000800c220                HAL_TIM_ConfigClockSource
 .text.TIM_SlaveTimer_SetConfig
                0x000000000800c3c4      0x164 ./Drivers/STM32H7xx_HAL_Driver/Src/stm32h7xx_hal_tim.o
 .text.HAL_TIM_SlaveConfigSynchro
                0x000000000800c528       0x52 ./Drivers/STM32H7xx_HAL_Driver/Src/stm32h7xx_hal_tim.o
                0x000000000800c528                HAL_TIM_SlaveConfigSynchro
 .text.TIM_CCxChannelCmd
                0x000000000800c57a       0x1e ./Drivers/STM32H7xx_HAL_Driver/Src/stm32h7xx_hal_tim.o
                0x000000000800c57a                TIM_CCxChannelCmd
 .text.HAL_TIM_PWM_Start
                0x000000000800c598      0x188 ./Drivers/STM32H7xx_HAL_Driver/Src/stm32h7xx_hal_tim.o
                0x000000000800c598                HAL_TIM_PWM_Start
 .text.HAL_TIM_PWM_Stop
                0x000000000800c720       0xcc ./Drivers/STM32H7xx_HAL_Driver/Src/stm32h7xx_hal_tim.o
                0x000000000800c720                HAL_TIM_PWM_Stop
 .text.HAL_TIM_IC_Start_IT
                0x000000000800c7ec      0x204 ./Drivers/STM32H7xx_HAL_Driver/Src/stm32h7xx_hal_tim.o
                0x000000000800c7ec                HAL_TIM_IC_Start_IT
 .text.HAL_TIM_IC_Stop_IT
                0x000000000800c9f0      0x132 ./Drivers/STM32H7xx_HAL_Driver/Src/stm32h7xx_hal_tim.o
                0x000000000800c9f0                HAL_TIM_IC_Stop_IT
 .text.HAL_TIM_Encoder_Start_IT
                0x000000000800cb22       0xdc ./Drivers/STM32H7xx_HAL_Driver/Src/stm32h7xx_hal_tim.o
                0x000000000800cb22                HAL_TIM_Encoder_Start_IT
 .text.TIM_CCxNChannelCmd
                0x000000000800cbfe       0x1e ./Drivers/STM32H7xx_HAL_Driver/Src/stm32h7xx_hal_tim_ex.o
 .text.HAL_TIMEx_PWMN_Start
                0x000000000800cc1c      0x114 ./Drivers/STM32H7xx_HAL_Driver/Src/stm32h7xx_hal_tim_ex.o
                0x000000000800cc1c                HAL_TIMEx_PWMN_Start
 .text.HAL_TIMEx_PWMN_Stop
                0x000000000800cd30       0x76 ./Drivers/STM32H7xx_HAL_Driver/Src/stm32h7xx_hal_tim_ex.o
                0x000000000800cd30                HAL_TIMEx_PWMN_Stop
 *fill*         0x000000000800cda6        0x2 
 .text.HAL_TIMEx_MasterConfigSynchronization
                0x000000000800cda8       0xbc ./Drivers/STM32H7xx_HAL_Driver/Src/stm32h7xx_hal_tim_ex.o
                0x000000000800cda8                HAL_TIMEx_MasterConfigSynchronization
 .text.HAL_TIMEx_ConfigBreakDeadTime
                0x000000000800ce64       0x90 ./Drivers/STM32H7xx_HAL_Driver/Src/stm32h7xx_hal_tim_ex.o
                0x000000000800ce64                HAL_TIMEx_ConfigBreakDeadTime
 .text.HAL_TIMEx_CommutCallback
                0x000000000800cef4        0x2 ./Drivers/STM32H7xx_HAL_Driver/Src/stm32h7xx_hal_tim_ex.o
                0x000000000800cef4                HAL_TIMEx_CommutCallback
 .text.HAL_TIMEx_BreakCallback
                0x000000000800cef6        0x2 ./Drivers/STM32H7xx_HAL_Driver/Src/stm32h7xx_hal_tim_ex.o
                0x000000000800cef6                HAL_TIMEx_BreakCallback
 .text.HAL_TIMEx_Break2Callback
                0x000000000800cef8        0x2 ./Drivers/STM32H7xx_HAL_Driver/Src/stm32h7xx_hal_tim_ex.o
                0x000000000800cef8                HAL_TIMEx_Break2Callback
 *fill*         0x000000000800cefa        0x2 
 .text.__errno  0x000000000800cefc        0xc c:/st/stm32cubeide_1.11.0/stm32cubeide/plugins/com.st.stm32cube.ide.mcu.externaltools.gnu-tools-for-stm32.10.3-2021.10.win32_1.0.100.202210260954/tools/bin/../lib/gcc/arm-none-eabi/10.3.1/../../../../arm-none-eabi/lib/thumb/v7e-m+dp/hard\libc_nano.a(lib_a-errno.o)
                0x000000000800cefc                __errno
 .text.__libc_init_array
                0x000000000800cf08       0x48 c:/st/stm32cubeide_1.11.0/stm32cubeide/plugins/com.st.stm32cube.ide.mcu.externaltools.gnu-tools-for-stm32.10.3-2021.10.win32_1.0.100.202210260954/tools/bin/../lib/gcc/arm-none-eabi/10.3.1/../../../../arm-none-eabi/lib/thumb/v7e-m+dp/hard\libc_nano.a(lib_a-init.o)
                0x000000000800cf08                __libc_init_array
 .text.memcpy   0x000000000800cf50       0x1c c:/st/stm32cubeide_1.11.0/stm32cubeide/plugins/com.st.stm32cube.ide.mcu.externaltools.gnu-tools-for-stm32.10.3-2021.10.win32_1.0.100.202210260954/tools/bin/../lib/gcc/arm-none-eabi/10.3.1/../../../../arm-none-eabi/lib/thumb/v7e-m+dp/hard\libc_nano.a(lib_a-memcpy-stub.o)
                0x000000000800cf50                memcpy
 .text.memset   0x000000000800cf6c       0x10 c:/st/stm32cubeide_1.11.0/stm32cubeide/plugins/com.st.stm32cube.ide.mcu.externaltools.gnu-tools-for-stm32.10.3-2021.10.win32_1.0.100.202210260954/tools/bin/../lib/gcc/arm-none-eabi/10.3.1/../../../../arm-none-eabi/lib/thumb/v7e-m+dp/hard\libc_nano.a(lib_a-memset.o)
                0x000000000800cf6c                memset
 .text.sinf_poly
                0x000000000800cf7c       0x54 c:/st/stm32cubeide_1.11.0/stm32cubeide/plugins/com.st.stm32cube.ide.mcu.externaltools.gnu-tools-for-stm32.10.3-2021.10.win32_1.0.100.202210260954/tools/bin/../lib/gcc/arm-none-eabi/10.3.1/../../../../arm-none-eabi/lib/thumb/v7e-m+dp/hard\libm.a(lib_a-cosf.o)
 .text.cosf     0x000000000800cfd0      0x148 c:/st/stm32cubeide_1.11.0/stm32cubeide/plugins/com.st.stm32cube.ide.mcu.externaltools.gnu-tools-for-stm32.10.3-2021.10.win32_1.0.100.202210260954/tools/bin/../lib/gcc/arm-none-eabi/10.3.1/../../../../arm-none-eabi/lib/thumb/v7e-m+dp/hard\libm.a(lib_a-cosf.o)
                0x000000000800cfd0                cosf
 .text.log      0x000000000800d118      0x1f0 c:/st/stm32cubeide_1.11.0/stm32cubeide/plugins/com.st.stm32cube.ide.mcu.externaltools.gnu-tools-for-stm32.10.3-2021.10.win32_1.0.100.202210260954/tools/bin/../lib/gcc/arm-none-eabi/10.3.1/../../../../arm-none-eabi/lib/thumb/v7e-m+dp/hard\libm.a(lib_a-log.o)
                0x000000000800d118                log
 .text.with_errno
                0x000000000800d308       0x16 c:/st/stm32cubeide_1.11.0/stm32cubeide/plugins/com.st.stm32cube.ide.mcu.externaltools.gnu-tools-for-stm32.10.3-2021.10.win32_1.0.100.202210260954/tools/bin/../lib/gcc/arm-none-eabi/10.3.1/../../../../arm-none-eabi/lib/thumb/v7e-m+dp/hard\libm.a(lib_a-math_err.o)
 *fill*         0x000000000800d31e        0x2 
 .text.__math_divzero
                0x000000000800d320       0x30 c:/st/stm32cubeide_1.11.0/stm32cubeide/plugins/com.st.stm32cube.ide.mcu.externaltools.gnu-tools-for-stm32.10.3-2021.10.win32_1.0.100.202210260954/tools/bin/../lib/gcc/arm-none-eabi/10.3.1/../../../../arm-none-eabi/lib/thumb/v7e-m+dp/hard\libm.a(lib_a-math_err.o)
                0x000000000800d320                __math_divzero
 .text.__math_invalid
                0x000000000800d350       0x1e c:/st/stm32cubeide_1.11.0/stm32cubeide/plugins/com.st.stm32cube.ide.mcu.externaltools.gnu-tools-for-stm32.10.3-2021.10.win32_1.0.100.202210260954/tools/bin/../lib/gcc/arm-none-eabi/10.3.1/../../../../arm-none-eabi/lib/thumb/v7e-m+dp/hard\libm.a(lib_a-math_err.o)
                0x000000000800d350                __math_invalid
 .text.with_errnof
                0x000000000800d36e       0x16 c:/st/stm32cubeide_1.11.0/stm32cubeide/plugins/com.st.stm32cube.ide.mcu.externaltools.gnu-tools-for-stm32.10.3-2021.10.win32_1.0.100.202210260954/tools/bin/../lib/gcc/arm-none-eabi/10.3.1/../../../../arm-none-eabi/lib/thumb/v7e-m+dp/hard\libm.a(lib_a-math_errf.o)
 .text.__math_invalidf
                0x000000000800d384       0x1e c:/st/stm32cubeide_1.11.0/stm32cubeide/plugins/com.st.stm32cube.ide.mcu.externaltools.gnu-tools-for-stm32.10.3-2021.10.win32_1.0.100.202210260954/tools/bin/../lib/gcc/arm-none-eabi/10.3.1/../../../../arm-none-eabi/lib/thumb/v7e-m+dp/hard\libm.a(lib_a-math_errf.o)
                0x000000000800d384                __math_invalidf
 *fill*         0x000000000800d3a2        0x6 
 .text.cos      0x000000000800d3a8       0x98 c:/st/stm32cubeide_1.11.0/stm32cubeide/plugins/com.st.stm32cube.ide.mcu.externaltools.gnu-tools-for-stm32.10.3-2021.10.win32_1.0.100.202210260954/tools/bin/../lib/gcc/arm-none-eabi/10.3.1/../../../../arm-none-eabi/lib/thumb/v7e-m+dp/hard\libm.a(lib_a-s_cos.o)
                0x000000000800d3a8                cos
 .text.sin      0x000000000800d440       0x98 c:/st/stm32cubeide_1.11.0/stm32cubeide/plugins/com.st.stm32cube.ide.mcu.externaltools.gnu-tools-for-stm32.10.3-2021.10.win32_1.0.100.202210260954/tools/bin/../lib/gcc/arm-none-eabi/10.3.1/../../../../arm-none-eabi/lib/thumb/v7e-m+dp/hard\libm.a(lib_a-s_sin.o)
                0x000000000800d440                sin
 .text.sinf_poly
                0x000000000800d4d8       0x54 c:/st/stm32cubeide_1.11.0/stm32cubeide/plugins/com.st.stm32cube.ide.mcu.externaltools.gnu-tools-for-stm32.10.3-2021.10.win32_1.0.100.202210260954/tools/bin/../lib/gcc/arm-none-eabi/10.3.1/../../../../arm-none-eabi/lib/thumb/v7e-m+dp/hard\libm.a(lib_a-sinf.o)
 *fill*         0x000000000800d52c        0x4 
 .text.sinf     0x000000000800d530      0x130 c:/st/stm32cubeide_1.11.0/stm32cubeide/plugins/com.st.stm32cube.ide.mcu.externaltools.gnu-tools-for-stm32.10.3-2021.10.win32_1.0.100.202210260954/tools/bin/../lib/gcc/arm-none-eabi/10.3.1/../../../../arm-none-eabi/lib/thumb/v7e-m+dp/hard\libm.a(lib_a-sinf.o)
                0x000000000800d530                sinf
 .text.fmodf    0x000000000800d660       0x40 c:/st/stm32cubeide_1.11.0/stm32cubeide/plugins/com.st.stm32cube.ide.mcu.externaltools.gnu-tools-for-stm32.10.3-2021.10.win32_1.0.100.202210260954/tools/bin/../lib/gcc/arm-none-eabi/10.3.1/../../../../arm-none-eabi/lib/thumb/v7e-m+dp/hard\libm.a(lib_a-wf_fmod.o)
                0x000000000800d660                fmodf
 .text.__ieee754_rem_pio2
                0x000000000800d6a0      0x288 c:/st/stm32cubeide_1.11.0/stm32cubeide/plugins/com.st.stm32cube.ide.mcu.externaltools.gnu-tools-for-stm32.10.3-2021.10.win32_1.0.100.202210260954/tools/bin/../lib/gcc/arm-none-eabi/10.3.1/../../../../arm-none-eabi/lib/thumb/v7e-m+dp/hard\libm.a(lib_a-e_rem_pio2.o)
                0x000000000800d6a0                __ieee754_rem_pio2
 .text.__ieee754_fmodf
                0x000000000800d928      0x104 c:/st/stm32cubeide_1.11.0/stm32cubeide/plugins/com.st.stm32cube.ide.mcu.externaltools.gnu-tools-for-stm32.10.3-2021.10.win32_1.0.100.202210260954/tools/bin/../lib/gcc/arm-none-eabi/10.3.1/../../../../arm-none-eabi/lib/thumb/v7e-m+dp/hard\libm.a(lib_a-ef_fmod.o)
                0x000000000800d928                __ieee754_fmodf
 *fill*         0x000000000800da2c        0x4 
 .text.__kernel_cos
                0x000000000800da30       0xd8 c:/st/stm32cubeide_1.11.0/stm32cubeide/plugins/com.st.stm32cube.ide.mcu.externaltools.gnu-tools-for-stm32.10.3-2021.10.win32_1.0.100.202210260954/tools/bin/../lib/gcc/arm-none-eabi/10.3.1/../../../../arm-none-eabi/lib/thumb/v7e-m+dp/hard\libm.a(lib_a-k_cos.o)
                0x000000000800da30                __kernel_cos
 .text.__kernel_rem_pio2
                0x000000000800db08      0x530 c:/st/stm32cubeide_1.11.0/stm32cubeide/plugins/com.st.stm32cube.ide.mcu.externaltools.gnu-tools-for-stm32.10.3-2021.10.win32_1.0.100.202210260954/tools/bin/../lib/gcc/arm-none-eabi/10.3.1/../../../../arm-none-eabi/lib/thumb/v7e-m+dp/hard\libm.a(lib_a-k_rem_pio2.o)
                0x000000000800db08                __kernel_rem_pio2
 .text.__kernel_sin
                0x000000000800e038       0xb0 c:/st/stm32cubeide_1.11.0/stm32cubeide/plugins/com.st.stm32cube.ide.mcu.externaltools.gnu-tools-for-stm32.10.3-2021.10.win32_1.0.100.202210260954/tools/bin/../lib/gcc/arm-none-eabi/10.3.1/../../../../arm-none-eabi/lib/thumb/v7e-m+dp/hard\libm.a(lib_a-k_sin.o)
                0x000000000800e038                __kernel_sin
 .text.fabs     0x000000000800e0e8       0x12 c:/st/stm32cubeide_1.11.0/stm32cubeide/plugins/com.st.stm32cube.ide.mcu.externaltools.gnu-tools-for-stm32.10.3-2021.10.win32_1.0.100.202210260954/tools/bin/../lib/gcc/arm-none-eabi/10.3.1/../../../../arm-none-eabi/lib/thumb/v7e-m+dp/hard\libm.a(lib_a-s_fabs.o)
                0x000000000800e0e8                fabs
 *fill*         0x000000000800e0fa        0x6 
 .text.floor    0x000000000800e100       0xe8 c:/st/stm32cubeide_1.11.0/stm32cubeide/plugins/com.st.stm32cube.ide.mcu.externaltools.gnu-tools-for-stm32.10.3-2021.10.win32_1.0.100.202210260954/tools/bin/../lib/gcc/arm-none-eabi/10.3.1/../../../../arm-none-eabi/lib/thumb/v7e-m+dp/hard\libm.a(lib_a-s_floor.o)
                0x000000000800e100                floor
 .text.scalbn   0x000000000800e1e8      0x114 c:/st/stm32cubeide_1.11.0/stm32cubeide/plugins/com.st.stm32cube.ide.mcu.externaltools.gnu-tools-for-stm32.10.3-2021.10.win32_1.0.100.202210260954/tools/bin/../lib/gcc/arm-none-eabi/10.3.1/../../../../arm-none-eabi/lib/thumb/v7e-m+dp/hard\libm.a(lib_a-s_scalbn.o)
                0x000000000800e1e8                scalbn
 *(.glue_7)
 .glue_7        0x000000000800e2fc        0x0 linker stubs
 *(.glue_7t)
 .glue_7t       0x000000000800e2fc        0x0 linker stubs
 *(.eh_frame)
 .eh_frame      0x000000000800e2fc        0x0 c:/st/stm32cubeide_1.11.0/stm32cubeide/plugins/com.st.stm32cube.ide.mcu.externaltools.gnu-tools-for-stm32.10.3-2021.10.win32_1.0.100.202210260954/tools/bin/../lib/gcc/arm-none-eabi/10.3.1/thumb/v7e-m+dp/hard/crtbegin.o
 *(.init)
 .init          0x000000000800e2fc        0x4 c:/st/stm32cubeide_1.11.0/stm32cubeide/plugins/com.st.stm32cube.ide.mcu.externaltools.gnu-tools-for-stm32.10.3-2021.10.win32_1.0.100.202210260954/tools/bin/../lib/gcc/arm-none-eabi/10.3.1/thumb/v7e-m+dp/hard/crti.o
                0x000000000800e2fc                _init
 .init          0x000000000800e300        0x8 c:/st/stm32cubeide_1.11.0/stm32cubeide/plugins/com.st.stm32cube.ide.mcu.externaltools.gnu-tools-for-stm32.10.3-2021.10.win32_1.0.100.202210260954/tools/bin/../lib/gcc/arm-none-eabi/10.3.1/thumb/v7e-m+dp/hard/crtn.o
 *(.fini)
 .fini          0x000000000800e308        0x4 c:/st/stm32cubeide_1.11.0/stm32cubeide/plugins/com.st.stm32cube.ide.mcu.externaltools.gnu-tools-for-stm32.10.3-2021.10.win32_1.0.100.202210260954/tools/bin/../lib/gcc/arm-none-eabi/10.3.1/thumb/v7e-m+dp/hard/crti.o
                0x000000000800e308                _fini
 .fini          0x000000000800e30c        0x8 c:/st/stm32cubeide_1.11.0/stm32cubeide/plugins/com.st.stm32cube.ide.mcu.externaltools.gnu-tools-for-stm32.10.3-2021.10.win32_1.0.100.202210260954/tools/bin/../lib/gcc/arm-none-eabi/10.3.1/thumb/v7e-m+dp/hard/crtn.o
                0x000000000800e314                . = ALIGN (0x4)
                0x000000000800e314                _etext = .

.vfp11_veneer   0x000000000800e314        0x0
 .vfp11_veneer  0x000000000800e314        0x0 linker stubs

.v4_bx          0x000000000800e314        0x0
 .v4_bx         0x000000000800e314        0x0 linker stubs

.iplt           0x000000000800e314        0x0
 .iplt          0x000000000800e314        0x0 c:/st/stm32cubeide_1.11.0/stm32cubeide/plugins/com.st.stm32cube.ide.mcu.externaltools.gnu-tools-for-stm32.10.3-2021.10.win32_1.0.100.202210260954/tools/bin/../lib/gcc/arm-none-eabi/10.3.1/thumb/v7e-m+dp/hard/crtbegin.o

.rodata         0x000000000800e318     0x9988
                0x000000000800e318                . = ALIGN (0x4)
 *(.rodata)
 .rodata        0x000000000800e318       0x4c ./Drivers/STM32H7xx_HAL_Driver/Src/stm32h7xx_hal_fdcan.o
 *(.rodata*)
 .rodata.FOC_LivGguard_M
                0x000000000800e364        0x4 ./Core/Src/FOC_LivGguard.o
                0x000000000800e364                FOC_LivGguard_M
 .rodata.FOC_LivGguard_ConstP
                0x000000000800e368     0x8d20 ./Core/Src/FOC_LivGguard_data.o
                0x000000000800e368                FOC_LivGguard_ConstP
 .rodata.MCU_Protections_initialize.str1.4
                0x0000000008017088       0x12 ./Core/Src/MCU_Protections.o
 *fill*         0x000000000801709a        0x6 
 .rodata.MCU_Protections_ConstB
                0x00000000080170a0       0x20 ./Core/Src/MCU_Protections_data.o
                0x00000000080170a0                MCU_Protections_ConstB
 .rodata.rt_OneStep.str1.4
                0x00000000080170c0        0x8 ./Core/Src/main.o
 .rodata.D1CorePrescTable
                0x00000000080170c8       0x10 ./Core/Src/system_stm32h7xx.o
                0x00000000080170c8                D1CorePrescTable
 .rodata.flagBitshiftOffset.0
                0x00000000080170d8        0x8 ./Drivers/STM32H7xx_HAL_Driver/Src/stm32h7xx_hal_dma.o
 .rodata.DLCtoBytes
                0x00000000080170e0       0x10 ./Drivers/STM32H7xx_HAL_Driver/Src/stm32h7xx_hal_fdcan.o
 .rodata.__log_data
                0x00000000080170f0      0x890 c:/st/stm32cubeide_1.11.0/stm32cubeide/plugins/com.st.stm32cube.ide.mcu.externaltools.gnu-tools-for-stm32.10.3-2021.10.win32_1.0.100.202210260954/tools/bin/../lib/gcc/arm-none-eabi/10.3.1/../../../../arm-none-eabi/lib/thumb/v7e-m+dp/hard\libm.a(lib_a-log_data.o)
                0x00000000080170f0                __log_data
 .rodata.__inv_pio4
                0x0000000008017980       0x60 c:/st/stm32cubeide_1.11.0/stm32cubeide/plugins/com.st.stm32cube.ide.mcu.externaltools.gnu-tools-for-stm32.10.3-2021.10.win32_1.0.100.202210260954/tools/bin/../lib/gcc/arm-none-eabi/10.3.1/../../../../arm-none-eabi/lib/thumb/v7e-m+dp/hard\libm.a(lib_a-sincosf_data.o)
                0x0000000008017980                __inv_pio4
 .rodata.__sincosf_table
                0x00000000080179e0       0xe0 c:/st/stm32cubeide_1.11.0/stm32cubeide/plugins/com.st.stm32cube.ide.mcu.externaltools.gnu-tools-for-stm32.10.3-2021.10.win32_1.0.100.202210260954/tools/bin/../lib/gcc/arm-none-eabi/10.3.1/../../../../arm-none-eabi/lib/thumb/v7e-m+dp/hard\libm.a(lib_a-sincosf_data.o)
                0x00000000080179e0                __sincosf_table
 .rodata.npio2_hw
                0x0000000008017ac0       0x80 c:/st/stm32cubeide_1.11.0/stm32cubeide/plugins/com.st.stm32cube.ide.mcu.externaltools.gnu-tools-for-stm32.10.3-2021.10.win32_1.0.100.202210260954/tools/bin/../lib/gcc/arm-none-eabi/10.3.1/../../../../arm-none-eabi/lib/thumb/v7e-m+dp/hard\libm.a(lib_a-e_rem_pio2.o)
 .rodata.two_over_pi
                0x0000000008017b40      0x108 c:/st/stm32cubeide_1.11.0/stm32cubeide/plugins/com.st.stm32cube.ide.mcu.externaltools.gnu-tools-for-stm32.10.3-2021.10.win32_1.0.100.202210260954/tools/bin/../lib/gcc/arm-none-eabi/10.3.1/../../../../arm-none-eabi/lib/thumb/v7e-m+dp/hard\libm.a(lib_a-e_rem_pio2.o)
 .rodata.Zero   0x0000000008017c48        0x8 c:/st/stm32cubeide_1.11.0/stm32cubeide/plugins/com.st.stm32cube.ide.mcu.externaltools.gnu-tools-for-stm32.10.3-2021.10.win32_1.0.100.202210260954/tools/bin/../lib/gcc/arm-none-eabi/10.3.1/../../../../arm-none-eabi/lib/thumb/v7e-m+dp/hard\libm.a(lib_a-ef_fmod.o)
 .rodata.PIo2   0x0000000008017c50       0x40 c:/st/stm32cubeide_1.11.0/stm32cubeide/plugins/com.st.stm32cube.ide.mcu.externaltools.gnu-tools-for-stm32.10.3-2021.10.win32_1.0.100.202210260954/tools/bin/../lib/gcc/arm-none-eabi/10.3.1/../../../../arm-none-eabi/lib/thumb/v7e-m+dp/hard\libm.a(lib_a-k_rem_pio2.o)
 .rodata.init_jk
                0x0000000008017c90       0x10 c:/st/stm32cubeide_1.11.0/stm32cubeide/plugins/com.st.stm32cube.ide.mcu.externaltools.gnu-tools-for-stm32.10.3-2021.10.win32_1.0.100.202210260954/tools/bin/../lib/gcc/arm-none-eabi/10.3.1/../../../../arm-none-eabi/lib/thumb/v7e-m+dp/hard\libm.a(lib_a-k_rem_pio2.o)
                0x0000000008017ca0                . = ALIGN (0x4)

.rel.dyn        0x0000000008017ca0        0x0
 .rel.iplt      0x0000000008017ca0        0x0 c:/st/stm32cubeide_1.11.0/stm32cubeide/plugins/com.st.stm32cube.ide.mcu.externaltools.gnu-tools-for-stm32.10.3-2021.10.win32_1.0.100.202210260954/tools/bin/../lib/gcc/arm-none-eabi/10.3.1/thumb/v7e-m+dp/hard/crtbegin.o

.ARM.extab
 *(.ARM.extab* .gnu.linkonce.armextab.*)

.ARM            0x0000000008017ca0        0x0
                0x0000000008017ca0                __exidx_start = .
 *(.ARM.exidx*)
                0x0000000008017ca0                __exidx_end = .

.preinit_array  0x0000000008017ca0        0x0
                0x0000000008017ca0                PROVIDE (__preinit_array_start = .)
 *(.preinit_array*)
                0x0000000008017ca0                PROVIDE (__preinit_array_end = .)

.init_array     0x0000000008017ca0        0x4
                0x0000000008017ca0                PROVIDE (__init_array_start = .)
 *(SORT_BY_NAME(.init_array.*))
 *(.init_array*)
 .init_array    0x0000000008017ca0        0x4 c:/st/stm32cubeide_1.11.0/stm32cubeide/plugins/com.st.stm32cube.ide.mcu.externaltools.gnu-tools-for-stm32.10.3-2021.10.win32_1.0.100.202210260954/tools/bin/../lib/gcc/arm-none-eabi/10.3.1/thumb/v7e-m+dp/hard/crtbegin.o
                0x0000000008017ca4                PROVIDE (__init_array_end = .)

.fini_array     0x0000000008017ca4        0x4
                [!provide]                        PROVIDE (__fini_array_start = .)
 *(SORT_BY_NAME(.fini_array.*))
 *(.fini_array*)
 .fini_array    0x0000000008017ca4        0x4 c:/st/stm32cubeide_1.11.0/stm32cubeide/plugins/com.st.stm32cube.ide.mcu.externaltools.gnu-tools-for-stm32.10.3-2021.10.win32_1.0.100.202210260954/tools/bin/../lib/gcc/arm-none-eabi/10.3.1/thumb/v7e-m+dp/hard/crtbegin.o
                [!provide]                        PROVIDE (__fini_array_end = .)
                0x0000000008017ca8                _sidata = LOADADDR (.data)

.data           0x0000000024000000      0x150 load address 0x0000000008017ca8
                0x0000000024000000                . = ALIGN (0x4)
                0x0000000024000000                _sdata = .
 *(.data)
 *(.data*)
 .data.cS       0x0000000024000000        0x1 ./Core/Src/main.o
                0x0000000024000000                cS
 *fill*         0x0000000024000001        0x3 
 .data.d        0x0000000024000004       0xcc ./Core/Src/main.o
                0x0000000024000004                d
 .data.fnr_state
                0x00000000240000d0        0x1 ./Core/Src/main.o
                0x00000000240000d0                fnr_state
 *fill*         0x00000000240000d1        0x3 
 .data.heart_beat_init
                0x00000000240000d4        0x8 ./Core/Src/main.o
                0x00000000240000d4                heart_beat_init
 .data.SystemCoreClock
                0x00000000240000dc        0x4 ./Core/Src/system_stm32h7xx.o
                0x00000000240000dc                SystemCoreClock
 .data.SystemD2Clock
                0x00000000240000e0        0x4 ./Core/Src/system_stm32h7xx.o
                0x00000000240000e0                SystemD2Clock
 .data.uwTickFreq
                0x00000000240000e4        0x1 ./Drivers/STM32H7xx_HAL_Driver/Src/stm32h7xx_hal.o
                0x00000000240000e4                uwTickFreq
 *fill*         0x00000000240000e5        0x3 
 .data.uwTickPrio
                0x00000000240000e8        0x4 ./Drivers/STM32H7xx_HAL_Driver/Src/stm32h7xx_hal.o
                0x00000000240000e8                uwTickPrio
 .data._impure_ptr
                0x00000000240000ec        0x4 c:/st/stm32cubeide_1.11.0/stm32cubeide/plugins/com.st.stm32cube.ide.mcu.externaltools.gnu-tools-for-stm32.10.3-2021.10.win32_1.0.100.202210260954/tools/bin/../lib/gcc/arm-none-eabi/10.3.1/../../../../arm-none-eabi/lib/thumb/v7e-m+dp/hard\libc_nano.a(lib_a-impure.o)
                0x00000000240000ec                _impure_ptr
 .data.impure_data
                0x00000000240000f0       0x60 c:/st/stm32cubeide_1.11.0/stm32cubeide/plugins/com.st.stm32cube.ide.mcu.externaltools.gnu-tools-for-stm32.10.3-2021.10.win32_1.0.100.202210260954/tools/bin/../lib/gcc/arm-none-eabi/10.3.1/../../../../arm-none-eabi/lib/thumb/v7e-m+dp/hard\libc_nano.a(lib_a-impure.o)
 *(.RamFunc)
 *(.RamFunc*)
                0x0000000024000150                . = ALIGN (0x4)
                0x0000000024000150                _edata = .

.igot.plt       0x0000000024000150        0x0 load address 0x0000000008017df8
 .igot.plt      0x0000000024000150        0x0 c:/st/stm32cubeide_1.11.0/stm32cubeide/plugins/com.st.stm32cube.ide.mcu.externaltools.gnu-tools-for-stm32.10.3-2021.10.win32_1.0.100.202210260954/tools/bin/../lib/gcc/arm-none-eabi/10.3.1/thumb/v7e-m+dp/hard/crtbegin.o
                0x0000000024000150                . = ALIGN (0x4)

.bss            0x0000000024000150      0xa84 load address 0x0000000008017df8
                0x0000000024000150                _sbss = .
                0x0000000024000150                __bss_start__ = _sbss
 *(.bss)
 .bss           0x0000000024000150       0x1c c:/st/stm32cubeide_1.11.0/stm32cubeide/plugins/com.st.stm32cube.ide.mcu.externaltools.gnu-tools-for-stm32.10.3-2021.10.win32_1.0.100.202210260954/tools/bin/../lib/gcc/arm-none-eabi/10.3.1/thumb/v7e-m+dp/hard/crtbegin.o
 *(.bss*)
 *fill*         0x000000002400016c        0x4 
 .bss.FOC_LivGguard_B
                0x0000000024000170        0x8 ./Core/Src/FOC_LivGguard.o
                0x0000000024000170                FOC_LivGguard_B
 .bss.FOC_LivGguard_DW
                0x0000000024000178       0x60 ./Core/Src/FOC_LivGguard.o
                0x0000000024000178                FOC_LivGguard_DW
 .bss.FOC_LivGguard_M_
                0x00000000240001d8        0x4 ./Core/Src/FOC_LivGguard.o
 *fill*         0x00000000240001dc        0x4 
 .bss.FOC_LivGguard_U
                0x00000000240001e0      0x128 ./Core/Src/FOC_LivGguard.o
                0x00000000240001e0                FOC_LivGguard_U
 .bss.FOC_LivGguard_Y
                0x0000000024000308       0x78 ./Core/Src/FOC_LivGguard.o
                0x0000000024000308                FOC_LivGguard_Y
 .bss.MCU_Protections_B
                0x0000000024000380        0x6 ./Core/Src/MCU_Protections.o
                0x0000000024000380                MCU_Protections_B
 *fill*         0x0000000024000386        0x2 
 .bss.MCU_Protections_DW
                0x0000000024000388       0x90 ./Core/Src/MCU_Protections.o
                0x0000000024000388                MCU_Protections_DW
 .bss.MCU_Protections_M_
                0x0000000024000418      0x140 ./Core/Src/MCU_Protections.o
 .bss.MCU_Protections_PrevZCX
                0x0000000024000558        0x2 ./Core/Src/MCU_Protections.o
                0x0000000024000558                MCU_Protections_PrevZCX
 *fill*         0x000000002400055a        0x6 
 .bss.MCU_Protections_U
                0x0000000024000560       0x80 ./Core/Src/MCU_Protections.o
                0x0000000024000560                MCU_Protections_U
 .bss.MCU_Protections_Y
                0x00000000240005e0        0x5 ./Core/Src/MCU_Protections.o
                0x00000000240005e0                MCU_Protections_Y
 *fill*         0x00000000240005e5        0x3 
 .bss.limiter   0x00000000240005e8       0x14 ./Core/Src/Rate_Limiter.o
                0x00000000240005e8                limiter
 .bss.count.0   0x00000000240005fc        0x2 ./Core/Src/Sensor_Disconnection_Checks.o
 .bss.count.1   0x00000000240005fe        0x2 ./Core/Src/Sensor_Disconnection_Checks.o
 .bss.count.2   0x0000000024000600        0x2 ./Core/Src/Sensor_Disconnection_Checks.o
 .bss.encoder_5v_fault_check_count.3
                0x0000000024000602        0x2 ./Core/Src/Sensor_Disconnection_Checks.o
 .bss.encoder_ab_fault_check_count.5
                0x0000000024000604        0x2 ./Core/Src/Sensor_Disconnection_Checks.o
 .bss.encoder_z_fault_check_count.4
                0x0000000024000606        0x2 ./Core/Src/Sensor_Disconnection_Checks.o
 .bss.cosine_rotor_prev.1
                0x0000000024000608        0x4 ./Core/Src/Speed_Sensing.o
 .bss.prev_filtered_speed.7
                0x000000002400060c        0x4 ./Core/Src/Speed_Sensing.o
 .bss.prev_speed.6
                0x0000000024000610        0x4 ./Core/Src/Speed_Sensing.o
 .bss.sine_rotor_prev.4
                0x0000000024000614        0x4 ./Core/Src/Speed_Sensing.o
 .bss.count.0   0x0000000024000618        0x1 ./Core/Src/alignment_routine.o
 *fill*         0x0000000024000619        0x3 
 .bss.can_tx_queue
                0x000000002400061c      0x208 ./Core/Src/fdcan.o
                0x000000002400061c                can_tx_queue
 .bss.OverrunFlags.2
                0x0000000024000824        0x2 ./Core/Src/main.o
 *fill*         0x0000000024000826        0x2 
 .bss.adc1_buffer
                0x0000000024000828        0xa ./Core/Src/main.o
                0x0000000024000828                adc1_buffer
 .bss.can_counter.3
                0x0000000024000832        0x2 ./Core/Src/main.o
 .bss.counter   0x0000000024000834        0x2 ./Core/Src/main.o
                0x0000000024000834                counter
 *fill*         0x0000000024000836        0x2 
 .bss.currSensOff
                0x0000000024000838        0x4 ./Core/Src/main.o
                0x0000000024000838                currSensOff
 .bss.er        0x000000002400083c       0x13 ./Core/Src/main.o
                0x000000002400083c                er
 .bss.err       0x000000002400084f        0x1 ./Core/Src/main.o
                0x000000002400084f                err
 .bss.eventFlags.0
                0x0000000024000850        0x2 ./Core/Src/main.o
 *fill*         0x0000000024000852        0x2 
 .bss.hadc1     0x0000000024000854       0x64 ./Core/Src/main.o
                0x0000000024000854                hadc1
 .bss.hadc2     0x00000000240008b8       0x64 ./Core/Src/main.o
                0x00000000240008b8                hadc2
 .bss.hdma_adc1
                0x000000002400091c       0x78 ./Core/Src/main.o
                0x000000002400091c                hdma_adc1
 .bss.hfdcan2   0x0000000024000994       0xa0 ./Core/Src/main.o
                0x0000000024000994                hfdcan2
 .bss.hi2c2     0x0000000024000a34       0x54 ./Core/Src/main.o
                0x0000000024000a34                hi2c2
 .bss.htim1     0x0000000024000a88       0x4c ./Core/Src/main.o
                0x0000000024000a88                htim1
 .bss.htim17    0x0000000024000ad4       0x4c ./Core/Src/main.o
                0x0000000024000ad4                htim17
 .bss.htim2     0x0000000024000b20       0x4c ./Core/Src/main.o
                0x0000000024000b20                htim2
 .bss.htim5     0x0000000024000b6c       0x4c ./Core/Src/main.o
                0x0000000024000b6c                htim5
 .bss.ia_offset
                0x0000000024000bb8        0x4 ./Core/Src/main.o
                0x0000000024000bb8                ia_offset
 .bss.ib_offset
                0x0000000024000bbc        0x4 ./Core/Src/main.o
                0x0000000024000bbc                ib_offset
 .bss.injectedVal
                0x0000000024000bc0        0x4 ./Core/Src/main.o
                0x0000000024000bc0                injectedVal
 .bss.taskCounter.1
                0x0000000024000bc4        0x8 ./Core/Src/main.o
 .bss.HAL_RCC_ADC12_CLK_ENABLED
                0x0000000024000bcc        0x4 ./Core/Src/stm32h7xx_hal_msp.o
 .bss.uwTick    0x0000000024000bd0        0x4 ./Drivers/STM32H7xx_HAL_Driver/Src/stm32h7xx_hal.o
                0x0000000024000bd0                uwTick
 *(COMMON)
                0x0000000024000bd4                . = ALIGN (0x4)
                0x0000000024000bd4                _ebss = .
                0x0000000024000bd4                __bss_end__ = _ebss

._user_heap_stack
                0x0000000024000bd4      0x604 load address 0x0000000008017df8
                0x0000000024000bd8                . = ALIGN (0x8)
 *fill*         0x0000000024000bd4        0x4 
                [!provide]                        PROVIDE (end = .)
                0x0000000024000bd8                PROVIDE (_end = .)
                0x0000000024000dd8                . = (. + _Min_Heap_Size)
 *fill*         0x0000000024000bd8      0x200 
                0x00000000240011d8                . = (. + _Min_Stack_Size)
 *fill*         0x0000000024000dd8      0x400 
                0x00000000240011d8                . = ALIGN (0x8)

/DISCARD/
 libc.a(*)
 libm.a(*)
 libgcc.a(*)

.ARM.attributes
                0x0000000000000000       0x2e
 *(.ARM.attributes)
 .ARM.attributes
                0x0000000000000000       0x1e c:/st/stm32cubeide_1.11.0/stm32cubeide/plugins/com.st.stm32cube.ide.mcu.externaltools.gnu-tools-for-stm32.10.3-2021.10.win32_1.0.100.202210260954/tools/bin/../lib/gcc/arm-none-eabi/10.3.1/thumb/v7e-m+dp/hard/crti.o
 .ARM.attributes
                0x000000000000001e       0x32 c:/st/stm32cubeide_1.11.0/stm32cubeide/plugins/com.st.stm32cube.ide.mcu.externaltools.gnu-tools-for-stm32.10.3-2021.10.win32_1.0.100.202210260954/tools/bin/../lib/gcc/arm-none-eabi/10.3.1/thumb/v7e-m+dp/hard/crtbegin.o
 .ARM.attributes
                0x0000000000000050       0x32 ./Core/Src/Eeprom.o
 .ARM.attributes
                0x0000000000000082       0x32 ./Core/Src/FOC_LivGguard.o
 .ARM.attributes
                0x00000000000000b4       0x32 ./Core/Src/FOC_LivGguard_data.o
 .ARM.attributes
                0x00000000000000e6       0x32 ./Core/Src/MCU_Protections.o
 .ARM.attributes
                0x0000000000000118       0x32 ./Core/Src/MCU_Protections_data.o
 .ARM.attributes
                0x000000000000014a       0x32 ./Core/Src/NTC_Temp_Reading.o
 .ARM.attributes
                0x000000000000017c       0x32 ./Core/Src/Rate_Limiter.o
 .ARM.attributes
                0x00000000000001ae       0x32 ./Core/Src/Sensor_Disconnection_Checks.o
 .ARM.attributes
                0x00000000000001e0       0x32 ./Core/Src/Speed_Sensing.o
 .ARM.attributes
                0x0000000000000212       0x32 ./Core/Src/alignment_routine.o
 .ARM.attributes
                0x0000000000000244       0x32 ./Core/Src/fdcan.o
 .ARM.attributes
                0x0000000000000276       0x32 ./Core/Src/main.o
 .ARM.attributes
                0x00000000000002a8       0x32 ./Core/Src/stm32h7xx_hal_msp.o
 .ARM.attributes
                0x00000000000002da       0x32 ./Core/Src/stm32h7xx_it.o
 .ARM.attributes
                0x000000000000030c       0x32 ./Core/Src/system_stm32h7xx.o
 .ARM.attributes
                0x000000000000033e       0x21 ./Core/Startup/startup_stm32h743zitx.o
 .ARM.attributes
                0x000000000000035f       0x32 ./Drivers/STM32H7xx_HAL_Driver/Src/stm32h7xx_hal.o
 .ARM.attributes
                0x0000000000000391       0x32 ./Drivers/STM32H7xx_HAL_Driver/Src/stm32h7xx_hal_adc.o
 .ARM.attributes
                0x00000000000003c3       0x32 ./Drivers/STM32H7xx_HAL_Driver/Src/stm32h7xx_hal_adc_ex.o
 .ARM.attributes
                0x00000000000003f5       0x32 ./Drivers/STM32H7xx_HAL_Driver/Src/stm32h7xx_hal_cortex.o
 .ARM.attributes
                0x0000000000000427       0x32 ./Drivers/STM32H7xx_HAL_Driver/Src/stm32h7xx_hal_dma.o
 .ARM.attributes
                0x0000000000000459       0x32 ./Drivers/STM32H7xx_HAL_Driver/Src/stm32h7xx_hal_fdcan.o
 .ARM.attributes
                0x000000000000048b       0x32 ./Drivers/STM32H7xx_HAL_Driver/Src/stm32h7xx_hal_gpio.o
 .ARM.attributes
                0x00000000000004bd       0x32 ./Drivers/STM32H7xx_HAL_Driver/Src/stm32h7xx_hal_i2c.o
 .ARM.attributes
                0x00000000000004ef       0x32 ./Drivers/STM32H7xx_HAL_Driver/Src/stm32h7xx_hal_i2c_ex.o
 .ARM.attributes
                0x0000000000000521       0x32 ./Drivers/STM32H7xx_HAL_Driver/Src/stm32h7xx_hal_pwr_ex.o
 .ARM.attributes
                0x0000000000000553       0x32 ./Drivers/STM32H7xx_HAL_Driver/Src/stm32h7xx_hal_rcc.o
 .ARM.attributes
                0x0000000000000585       0x32 ./Drivers/STM32H7xx_HAL_Driver/Src/stm32h7xx_hal_rcc_ex.o
 .ARM.attributes
                0x00000000000005b7       0x32 ./Drivers/STM32H7xx_HAL_Driver/Src/stm32h7xx_hal_tim.o
 .ARM.attributes
                0x00000000000005e9       0x32 ./Drivers/STM32H7xx_HAL_Driver/Src/stm32h7xx_hal_tim_ex.o
 .ARM.attributes
                0x000000000000061b       0x32 c:/st/stm32cubeide_1.11.0/stm32cubeide/plugins/com.st.stm32cube.ide.mcu.externaltools.gnu-tools-for-stm32.10.3-2021.10.win32_1.0.100.202210260954/tools/bin/../lib/gcc/arm-none-eabi/10.3.1/../../../../arm-none-eabi/lib/thumb/v7e-m+dp/hard\libc_nano.a(lib_a-errno.o)
 .ARM.attributes
                0x000000000000064d       0x32 c:/st/stm32cubeide_1.11.0/stm32cubeide/plugins/com.st.stm32cube.ide.mcu.externaltools.gnu-tools-for-stm32.10.3-2021.10.win32_1.0.100.202210260954/tools/bin/../lib/gcc/arm-none-eabi/10.3.1/../../../../arm-none-eabi/lib/thumb/v7e-m+dp/hard\libc_nano.a(lib_a-impure.o)
 .ARM.attributes
                0x000000000000067f       0x32 c:/st/stm32cubeide_1.11.0/stm32cubeide/plugins/com.st.stm32cube.ide.mcu.externaltools.gnu-tools-for-stm32.10.3-2021.10.win32_1.0.100.202210260954/tools/bin/../lib/gcc/arm-none-eabi/10.3.1/../../../../arm-none-eabi/lib/thumb/v7e-m+dp/hard\libc_nano.a(lib_a-init.o)
 .ARM.attributes
                0x00000000000006b1       0x32 c:/st/stm32cubeide_1.11.0/stm32cubeide/plugins/com.st.stm32cube.ide.mcu.externaltools.gnu-tools-for-stm32.10.3-2021.10.win32_1.0.100.202210260954/tools/bin/../lib/gcc/arm-none-eabi/10.3.1/../../../../arm-none-eabi/lib/thumb/v7e-m+dp/hard\libc_nano.a(lib_a-memcpy-stub.o)
 .ARM.attributes
                0x00000000000006e3       0x32 c:/st/stm32cubeide_1.11.0/stm32cubeide/plugins/com.st.stm32cube.ide.mcu.externaltools.gnu-tools-for-stm32.10.3-2021.10.win32_1.0.100.202210260954/tools/bin/../lib/gcc/arm-none-eabi/10.3.1/../../../../arm-none-eabi/lib/thumb/v7e-m+dp/hard\libc_nano.a(lib_a-memset.o)
 .ARM.attributes
                0x0000000000000715       0x32 c:/st/stm32cubeide_1.11.0/stm32cubeide/plugins/com.st.stm32cube.ide.mcu.externaltools.gnu-tools-for-stm32.10.3-2021.10.win32_1.0.100.202210260954/tools/bin/../lib/gcc/arm-none-eabi/10.3.1/../../../../arm-none-eabi/lib/thumb/v7e-m+dp/hard\libm.a(lib_a-cosf.o)
 .ARM.attributes
                0x0000000000000747       0x32 c:/st/stm32cubeide_1.11.0/stm32cubeide/plugins/com.st.stm32cube.ide.mcu.externaltools.gnu-tools-for-stm32.10.3-2021.10.win32_1.0.100.202210260954/tools/bin/../lib/gcc/arm-none-eabi/10.3.1/../../../../arm-none-eabi/lib/thumb/v7e-m+dp/hard\libm.a(lib_a-log.o)
 .ARM.attributes
                0x0000000000000779       0x32 c:/st/stm32cubeide_1.11.0/stm32cubeide/plugins/com.st.stm32cube.ide.mcu.externaltools.gnu-tools-for-stm32.10.3-2021.10.win32_1.0.100.202210260954/tools/bin/../lib/gcc/arm-none-eabi/10.3.1/../../../../arm-none-eabi/lib/thumb/v7e-m+dp/hard\libm.a(lib_a-log_data.o)
 .ARM.attributes
                0x00000000000007ab       0x32 c:/st/stm32cubeide_1.11.0/stm32cubeide/plugins/com.st.stm32cube.ide.mcu.externaltools.gnu-tools-for-stm32.10.3-2021.10.win32_1.0.100.202210260954/tools/bin/../lib/gcc/arm-none-eabi/10.3.1/../../../../arm-none-eabi/lib/thumb/v7e-m+dp/hard\libm.a(lib_a-math_err.o)
 .ARM.attributes
                0x00000000000007dd       0x32 c:/st/stm32cubeide_1.11.0/stm32cubeide/plugins/com.st.stm32cube.ide.mcu.externaltools.gnu-tools-for-stm32.10.3-2021.10.win32_1.0.100.202210260954/tools/bin/../lib/gcc/arm-none-eabi/10.3.1/../../../../arm-none-eabi/lib/thumb/v7e-m+dp/hard\libm.a(lib_a-math_errf.o)
 .ARM.attributes
                0x000000000000080f       0x32 c:/st/stm32cubeide_1.11.0/stm32cubeide/plugins/com.st.stm32cube.ide.mcu.externaltools.gnu-tools-for-stm32.10.3-2021.10.win32_1.0.100.202210260954/tools/bin/../lib/gcc/arm-none-eabi/10.3.1/../../../../arm-none-eabi/lib/thumb/v7e-m+dp/hard\libm.a(lib_a-s_cos.o)
 .ARM.attributes
                0x0000000000000841       0x32 c:/st/stm32cubeide_1.11.0/stm32cubeide/plugins/com.st.stm32cube.ide.mcu.externaltools.gnu-tools-for-stm32.10.3-2021.10.win32_1.0.100.202210260954/tools/bin/../lib/gcc/arm-none-eabi/10.3.1/../../../../arm-none-eabi/lib/thumb/v7e-m+dp/hard\libm.a(lib_a-s_sin.o)
 .ARM.attributes
                0x0000000000000873       0x32 c:/st/stm32cubeide_1.11.0/stm32cubeide/plugins/com.st.stm32cube.ide.mcu.externaltools.gnu-tools-for-stm32.10.3-2021.10.win32_1.0.100.202210260954/tools/bin/../lib/gcc/arm-none-eabi/10.3.1/../../../../arm-none-eabi/lib/thumb/v7e-m+dp/hard\libm.a(lib_a-sincosf_data.o)
 .ARM.attributes
                0x00000000000008a5       0x32 c:/st/stm32cubeide_1.11.0/stm32cubeide/plugins/com.st.stm32cube.ide.mcu.externaltools.gnu-tools-for-stm32.10.3-2021.10.win32_1.0.100.202210260954/tools/bin/../lib/gcc/arm-none-eabi/10.3.1/../../../../arm-none-eabi/lib/thumb/v7e-m+dp/hard\libm.a(lib_a-sinf.o)
 .ARM.attributes