Archive member included to satisfy reference by file (symbol)

c:/st/stm32cubeide_1.11.0/stm32cubeide/plugins/com.st.stm32cube.ide.mcu.externaltools.gnu-tools-for-stm32.10.3-2021.10.win32_1.0.100.202210260954/tools/bin/../lib/gcc/arm-none-eabi/10.3.1/../../../../arm-none-eabi/lib/thumb/v7e-m+dp/hard\libc_nano.a(lib_a-errno.o)
                              ./Core/Src/syscalls.o (__errno)
c:/st/stm32cubeide_1.11.0/stm32cubeide/plugins/com.st.stm32cube.ide.mcu.externaltools.gnu-tools-for-stm32.10.3-2021.10.win32_1.0.100.202210260954/tools/bin/../lib/gcc/arm-none-eabi/10.3.1/../../../../arm-none-eabi/lib/thumb/v7e-m+dp/hard\libc_nano.a(lib_a-exit.o)
                              c:/st/stm32cubeide_1.11.0/stm32cubeide/plugins/com.st.stm32cube.ide.mcu.externaltools.gnu-tools-for-stm32.10.3-2021.10.win32_1.0.100.202210260954/tools/bin/../lib/gcc/arm-none-eabi/10.3.1/../../../../arm-none-eabi/lib/thumb/v7e-m+dp/hard/crt0.o (exit)
c:/st/stm32cubeide_1.11.0/stm32cubeide/plugins/com.st.stm32cube.ide.mcu.externaltools.gnu-tools-for-stm32.10.3-2021.10.win32_1.0.100.202210260954/tools/bin/../lib/gcc/arm-none-eabi/10.3.1/../../../../arm-none-eabi/lib/thumb/v7e-m+dp/hard\libc_nano.a(lib_a-impure.o)
                              c:/st/stm32cubeide_1.11.0/stm32cubeide/plugins/com.st.stm32cube.ide.mcu.externaltools.gnu-tools-for-stm32.10.3-2021.10.win32_1.0.100.202210260954/tools/bin/../lib/gcc/arm-none-eabi/10.3.1/../../../../arm-none-eabi/lib/thumb/v7e-m+dp/hard\libc_nano.a(lib_a-exit.o) (_global_impure_ptr)
c:/st/stm32cubeide_1.11.0/stm32cubeide/plugins/com.st.stm32cube.ide.mcu.externaltools.gnu-tools-for-stm32.10.3-2021.10.win32_1.0.100.202210260954/tools/bin/../lib/gcc/arm-none-eabi/10.3.1/../../../../arm-none-eabi/lib/thumb/v7e-m+dp/hard\libc_nano.a(lib_a-init.o)
                              c:/st/stm32cubeide_1.11.0/stm32cubeide/plugins/com.st.stm32cube.ide.mcu.externaltools.gnu-tools-for-stm32.10.3-2021.10.win32_1.0.100.202210260954/tools/bin/../lib/gcc/arm-none-eabi/10.3.1/../../../../arm-none-eabi/lib/thumb/v7e-m+dp/hard/crt0.o (__libc_init_array)
c:/st/stm32cubeide_1.11.0/stm32cubeide/plugins/com.st.stm32cube.ide.mcu.externaltools.gnu-tools-for-stm32.10.3-2021.10.win32_1.0.100.202210260954/tools/bin/../lib/gcc/arm-none-eabi/10.3.1/../../../../arm-none-eabi/lib/thumb/v7e-m+dp/hard\libc_nano.a(lib_a-memcpy-stub.o)
                              ./Drivers/STM32H7xx_HAL_Driver/Src/stm32h7xx_hal_fdcan.o (memcpy)
c:/st/stm32cubeide_1.11.0/stm32cubeide/plugins/com.st.stm32cube.ide.mcu.externaltools.gnu-tools-for-stm32.10.3-2021.10.win32_1.0.100.202210260954/tools/bin/../lib/gcc/arm-none-eabi/10.3.1/../../../../arm-none-eabi/lib/thumb/v7e-m+dp/hard\libc_nano.a(lib_a-memset.o)
                              c:/st/stm32cubeide_1.11.0/stm32cubeide/plugins/com.st.stm32cube.ide.mcu.externaltools.gnu-tools-for-stm32.10.3-2021.10.win32_1.0.100.202210260954/tools/bin/../lib/gcc/arm-none-eabi/10.3.1/../../../../arm-none-eabi/lib/thumb/v7e-m+dp/hard/crt0.o (memset)
c:/st/stm32cubeide_1.11.0/stm32cubeide/plugins/com.st.stm32cube.ide.mcu.externaltools.gnu-tools-for-stm32.10.3-2021.10.win32_1.0.100.202210260954/tools/bin/../lib/gcc/arm-none-eabi/10.3.1/../../../../arm-none-eabi/lib/thumb/v7e-m+dp/hard\libm.a(lib_a-cosf.o)
                              ./Core/Src/Speed_Sensing.o (cosf)
c:/st/stm32cubeide_1.11.0/stm32cubeide/plugins/com.st.stm32cube.ide.mcu.externaltools.gnu-tools-for-stm32.10.3-2021.10.win32_1.0.100.202210260954/tools/bin/../lib/gcc/arm-none-eabi/10.3.1/../../../../arm-none-eabi/lib/thumb/v7e-m+dp/hard\libm.a(lib_a-log.o)
                              ./Core/Src/NTC_Temp_Reading.o (log)
c:/st/stm32cubeide_1.11.0/stm32cubeide/plugins/com.st.stm32cube.ide.mcu.externaltools.gnu-tools-for-stm32.10.3-2021.10.win32_1.0.100.202210260954/tools/bin/../lib/gcc/arm-none-eabi/10.3.1/../../../../arm-none-eabi/lib/thumb/v7e-m+dp/hard\libm.a(lib_a-log_data.o)
                              c:/st/stm32cubeide_1.11.0/stm32cubeide/plugins/com.st.stm32cube.ide.mcu.externaltools.gnu-tools-for-stm32.10.3-2021.10.win32_1.0.100.202210260954/tools/bin/../lib/gcc/arm-none-eabi/10.3.1/../../../../arm-none-eabi/lib/thumb/v7e-m+dp/hard\libm.a(lib_a-log.o) (__log_data)
c:/st/stm32cubeide_1.11.0/stm32cubeide/plugins/com.st.stm32cube.ide.mcu.externaltools.gnu-tools-for-stm32.10.3-2021.10.win32_1.0.100.202210260954/tools/bin/../lib/gcc/arm-none-eabi/10.3.1/../../../../arm-none-eabi/lib/thumb/v7e-m+dp/hard\libm.a(lib_a-math_err.o)
                              c:/st/stm32cubeide_1.11.0/stm32cubeide/plugins/com.st.stm32cube.ide.mcu.externaltools.gnu-tools-for-stm32.10.3-2021.10.win32_1.0.100.202210260954/tools/bin/../lib/gcc/arm-none-eabi/10.3.1/../../../../arm-none-eabi/lib/thumb/v7e-m+dp/hard\libm.a(lib_a-log.o) (__math_divzero)
[...]
Memory Configuration

Name             Origin             Length             Attributes
FLASH            0x0000000008000000 0x0000000000200000 xr
DTCMRAM          0x0000000020000000 0x0000000000020000 xrw
RAM_D1           0x0000000024000000 0x0000000000080000 xrw
RAM_D2           0x0000000030000000 0x0000000000048000 xrw
RAM_D3           0x0000000038000000 0x0000000000010000 xrw
ITCMRAM          0x0000000000000000 0x0000000000010000 xrw
*default*        0x0000000000000000 0xffffffffffffffff

Linker script and memory map

LOAD c:/st/stm32cubeide_1.11.0/stm32cubeide/plugins/com.st.stm32cube.ide.mcu.externaltools.gnu-tools-for-stm32.10.3-2021.10.win32_1.0.100.202210260954/tools/bin/../lib/gcc/arm-none-eabi/10.3.1/thumb/v7e-m+dp/hard/crti.o
LOAD c:/st/stm32cubeide_1.11.0/stm32cubeide/plugins/com.st.stm32cube.ide.mcu.externaltools.gnu-tools-for-stm32.10.3-2021.10.win32_1.0.100.202210260954/tools/bin/../lib/gcc/arm-none-eabi/10.3.1/thumb/v7e-m+dp/hard/crtbegin.o
LOAD c:/st/stm32cubeide_1.11.0/stm32cubeide/plugins/com.st.stm32cube.ide.mcu.externaltools.gnu-tools-for-stm32.10.3-2021.10.win32_1.0.100.202210260954/tools/bin/../lib/gcc/arm-none-eabi/10.3.1/../../../../arm-none-eabi/lib/thumb/v7e-m+dp/hard/crt0.o
LOAD ./Core/Src/Eeprom.o
LOAD ./Core/Src/FOC_Basic.o
LOAD ./Core/Src/FOC_Basic_FF.o
LOAD ./Core/Src/FOC_H12.o
LOAD ./Core/Src/FOC_H12_data.o
LOAD ./Core/Src/FOC_LivGguard.o
LOAD ./Core/Src/FOC_LivGguard_data.o
LOAD ./Core/Src/FOC_MTPA_FF.o
LOAD ./Core/Src/MCU_Protections.o
LOAD ./Core/Src/MCU_Protections_data.o
LOAD ./Core/Src/NTC_Temp_Reading.o
LOAD ./Core/Src/Open_FOC0.o
LOAD ./Core/Src/Rate_Limiter.o
LOAD ./Core/Src/Sensor_Disconnection_Checks.o
LOAD ./Core/Src/Speed_Sensing.o
LOAD ./Core/Src/alignment_routine.o
LOAD ./Core/Src/fdcan.o
LOAD ./Core/Src/main.o
LOAD ./Core/Src/rtGetNaN.o
LOAD ./Core/Src/rt_nonfinite.o
LOAD ./Core/Src/stm32h7xx_hal_msp.o
LOAD ./Core/Src/stm32h7xx_it.o
LOAD ./Core/Src/syscalls.o
LOAD ./Core/Src/sysmem.o
LOAD ./Core/Src/system_stm32h7xx.o
LOAD ./Core/Startup/startup_stm32h743zitx.o
LOAD ./Drivers/STM32H7xx_HAL_Driver/Src/stm32h7xx_hal.o
LOAD ./Drivers/STM32H7xx_HAL_Driver/Src/stm32h7xx_hal_adc.o
LOAD ./Drivers/STM32H7xx_HAL_Driver/Src/stm32h7xx_hal_adc_ex.o
LOAD ./Drivers/STM32H7xx_HAL_Driver/Src/stm32h7xx_hal_cortex.o
LOAD ./Drivers/STM32H7xx_HAL_Driver/Src/stm32h7xx_hal_dma.o
LOAD ./Drivers/STM32H7xx_HAL_Driver/Src/stm32h7xx_hal_dma_ex.o
LOAD ./Drivers/STM32H7xx_HAL_Driver/Src/stm32h7xx_hal_exti.o
LOAD ./Drivers/STM32H7xx_HAL_Driver/Src/stm32h7xx_hal_fdcan.o
LOAD ./Drivers/STM32H7xx_HAL_Driver/Src/stm32h7xx_hal_flash.o
LOAD ./Drivers/STM32H7xx_HAL_Driver/Src/stm32h7xx_hal_flash_ex.o
LOAD ./Drivers/STM32H7xx_HAL_Driver/Src/stm32h7xx_hal_gpio.o
LOAD ./Drivers/STM32H7xx_HAL_Driver/Src/stm32h7xx_hal_hsem.o
LOAD ./Drivers/STM32H7xx_HAL_Driver/Src/stm32h7xx_hal_i2c.o
LOAD ./Drivers/STM32H7xx_HAL_Driver/Src/stm32h7xx_hal_i2c_ex.o
LOAD ./Drivers/STM32H7xx_HAL_Driver/Src/stm32h7xx_hal_mdma.o
LOAD ./Drivers/STM32H7xx_HAL_Driver/Src/stm32h7xx_hal_pwr.o
LOAD ./Drivers/STM32H7xx_HAL_Driver/Src/stm32h7xx_hal_pwr_ex.o
LOAD ./Drivers/STM32H7xx_HAL_Driver/Src/stm32h7xx_hal_rcc.o
LOAD ./Drivers/STM32H7xx_HAL_Driver/Src/stm32h7xx_hal_rcc_ex.o
LOAD ./Drivers/STM32H7xx_HAL_Driver/Src/stm32h7xx_hal_tim.o
LOAD ./Drivers/STM32H7xx_HAL_Driver/Src/stm32h7xx_hal_tim_ex.o
START GROUP
LOAD c:/st/stm32cubeide_1.11.0/stm32cubeide/plugins/com.st.stm32cube.ide.mcu.externaltools.gnu-tools-for-stm32.10.3-2021.10.win32_1.0.100.202210260954/tools/bin/../lib/gcc/arm-none-eabi/10.3.1/../../../../arm-none-eabi/lib/thumb/v7e-m+dp/hard\libc_nano.a
LOAD c:/st/stm32cubeide_1.11.0/stm32cubeide/plugins/com.st.stm32cube.ide.mcu.externaltools.gnu-tools-for-stm32.10.3-2021.10.win32_1.0.100.202210260954/tools/bin/../lib/gcc/arm-none-eabi/10.3.1/../../../../arm-none-eabi/lib/thumb/v7e-m+dp/hard\libm.a
END GROUP
START GROUP
LOAD c:/st/stm32cubeide_1.11.0/stm32cubeide/plugins/com.st.stm32cube.ide.mcu.externaltools.gnu-tools-for-stm32.10.3-2021.10.win32_1.0.100.202210260954/tools/bin/../lib/gcc/arm-none-eabi/10.3.1/thumb/v7e-m+dp/hard\libgcc.a
LOAD c:/st/stm32cubeide_1.11.0/stm32cubeide/plugins/com.st.stm32cube.ide.mcu.externaltools.gnu-tools-for-stm32.10.3-2021.10.win32_1.0.100.202210260954/tools/bin/../lib/gcc/arm-none-eabi/10.3.1/../../../../arm-none-eabi/lib/thumb/v7e-m+dp/hard\libc_nano.a
END GROUP
START GROUP
LOAD c:/st/stm32cubeide_1.11.0/stm32cubeide/plugins/com.st.stm32cube.ide.mcu.externaltools.gnu-tools-for-stm32.10.3-2021.10.win32_1.0.100.202210260954/tools/bin/../lib/gcc/arm-none-eabi/10.3.1/thumb/v7e-m+dp/hard\libgcc.a
LOAD c:/st/stm32cubeide_1.11.0/stm32cubeide/plugins/com.st.stm32cube.ide.mcu.externaltools.gnu-tools-for-stm32.10.3-2021.10.win32_1.0.100.202210260954/tools/bin/../lib/gcc/arm-none-eabi/10.3.1/../../../../arm-none-eabi/lib/thumb/v7e-m+dp/hard\libc_nano.a
LOAD c:/st/stm32cubeide_1.11.0/stm32cubeide/plugins/com.st.stm32cube.ide.mcu.externaltools.gnu-tools-for-stm32.10.3-2021.10.win32_1.0.100.202210260954/tools/bin/../lib/gcc/arm-none-eabi/10.3.1/../../../../arm-none-eabi/lib/thumb/v7e-m+dp/hard\libnosys.a
END GROUP
START GROUP
LOAD c:/st/stm32cubeide_1.11.0/stm32cubeide/plugins/com.st.stm32cube.ide.mcu.externaltools.gnu-tools-for-stm32.10.3-2021.10.win32_1.0.100.202210260954/tools/bin/../lib/gcc/arm-none-eabi/10.3.1/thumb/v7e-m+dp/hard\libgcc.a
LOAD c:/st/stm32cubeide_1.11.0/stm32cubeide/plugins/com.st.stm32cube.ide.mcu.externaltools.gnu-tools-for-stm32.10.3-2021.10.win32_1.0.100.202210260954/tools/bin/../lib/gcc/arm-none-eabi/10.3.1/../../../../arm-none-eabi/lib/thumb/v7e-m+dp/hard\libc_nano.a
LOAD c:/st/stm32cubeide_1.11.0/stm32cubeide/plugins/com.st.stm32cube.ide.mcu.externaltools.gnu-tools-for-stm32.10.3-2021.10.win32_1.0.100.202210260954/tools/bin/../lib/gcc/arm-none-eabi/10.3.1/../../../../arm-none-eabi/lib/thumb/v7e-m+dp/hard\libnosys.a
END GROUP
LOAD c:/st/stm32cubeide_1.11.0/stm32cubeide/plugins/com.st.stm32cube.ide.mcu.externaltools.gnu-tools-for-stm32.10.3-2021.10.win32_1.0.100.202210260954/tools/bin/../lib/gcc/arm-none-eabi/10.3.1/thumb/v7e-m+dp/hard/crtend.o
LOAD c:/st/stm32cubeide_1.11.0/stm32cubeide/plugins/com.st.stm32cube.ide.mcu.externaltools.gnu-tools-for-stm32.10.3-2021.10.win32_1.0.100.202210260954/tools/bin/../lib/gcc/arm-none-eabi/10.3.1/thumb/v7e-m+dp/hard/crtn.o
                0x0000000024080000                _estack = (ORIGIN (RAM_D1) + LENGTH (RAM_D1))
                0x0000000000000200                _Min_Heap_Size = 0x200
                0x0000000000000400                _Min_Stack_Size = 0x400

.isr_vector     0x0000000008000000      0x298
                0x0000000008000000                . = ALIGN (0x4)
 *(.isr_vector)
 .isr_vector    0x0000000008000000      0x298 ./Core/Startup/startup_stm32h743zitx.o
                0x0000000008000000                g_pfnVectors
                0x0000000008000298                . = ALIGN (0x4)

.text           0x0000000008000298     0xec44
                0x0000000008000298                . = ALIGN (0x4)
 *(.text)
 .text          0x0000000008000298       0x40 c:/st/stm32cubeide_1.11.0/stm32cubeide/plugins/com.st.stm32cube.ide.mcu.externaltools.gnu-tools-for-stm32.10.3-2021.10.win32_1.0.100.202210260954/tools/bin/../lib/gcc/arm-none-eabi/10.3.1/thumb/v7e-m+dp/hard/crtbegin.o
 .text          0x00000000080002d8      0x378 c:/st/stm32cubeide_1.11.0/stm32cubeide/plugins/com.st.stm32cube.ide.mcu.externaltools.gnu-tools-for-stm32.10.3-2021.10.win32_1.0.100.202210260954/tools/bin/../lib/gcc/arm-none-eabi/10.3.1/thumb/v7e-m+dp/hard\libgcc.a(_arm_addsubdf3.o)
                0x00000000080002d8                __aeabi_drsub
                0x00000000080002e0                __aeabi_dsub
                0x00000000080002e0                __subdf3
                0x00000000080002e4                __aeabi_dadd
                0x00000000080002e4                __adddf3
                0x000000000800055c                __floatunsidf
                0x000000000800055c                __aeabi_ui2d
                0x000000000800057c                __floatsidf
                0x000000000800057c                __aeabi_i2d
                0x00000000080005a0                __aeabi_f2d
                0x00000000080005a0                __extendsfdf2
                0x00000000080005e4                __floatundidf
                0x00000000080005e4                __aeabi_ul2d
                0x00000000080005f4                __floatdidf
                0x00000000080005f4                __aeabi_l2d
 *(.text*)
 .text.EEPROM_Write
                0x0000000008000650       0x44 ./Core/Src/Eeprom.o
                0x0000000008000650                EEPROM_Write
 .text.EEPROM_Write_Page0
                0x0000000008000694       0x3e ./Core/Src/Eeprom.o
                0x0000000008000694                EEPROM_Write_Page0
 *fill*         0x00000000080006d2        0x2 
 .text.EEPROM_Read
                0x00000000080006d4       0x2c ./Core/Src/Eeprom.o
                0x00000000080006d4                EEPROM_Read
 .text.EEPROM_Read_Page0
                0x0000000008000700       0xb0 ./Core/Src/Eeprom.o
                0x0000000008000700                EEPROM_Read_Page0
 .text.Read_EEPROM_at_init
                0x00000000080007b0       0x50 ./Core/Src/Eeprom.o
                0x00000000080007b0                Read_EEPROM_at_init
 .text.look2_binlx
                0x0000000008000800      0x176 ./Core/Src/FOC_LivGguard.o
                0x0000000008000800                look2_binlx
 *fill*         0x0000000008000976        0x2 
 .text.FOC_LivGguard_step0
                0x0000000008000978      0x9f0 ./Core/Src/FOC_LivGguard.o
                0x0000000008000978                FOC_LivGguard_step0
 .text.FOC_LivGguard_step1
                0x0000000008001368      0x104 ./Core/Src/FOC_LivGguard.o
                0x0000000008001368                FOC_LivGguard_step1
 *fill*         0x000000000800146c        0x4 
 .text.FOC_LivGguard_initialize
                0x0000000008001470      0x194 ./Core/Src/FOC_LivGguard.o
                0x0000000008001470                FOC_LivGguard_initialize
 .text.MCU_Protections_NEGATIVEEdge
                0x0000000008001604       0x2a ./Core/Src/MCU_Protections.o
                0x0000000008001604                MCU_Protections_NEGATIVEEdge
 .text.MCU_Protections_POSITIVEEdge
                0x000000000800162e       0x2a ./Core/Src/MCU_Protections.o
                0x000000000800162e                MCU_Protections_POSITIVEEdge
 .text.MCU_Protections_step
                0x0000000008001658      0xf78 ./Core/Src/MCU_Protections.o
                0x0000000008001658                MCU_Protections_step
 .text.MCU_Protections_initialize
                0x00000000080025d0       0xe4 ./Core/Src/MCU_Protections.o
                0x00000000080025d0                MCU_Protections_initialize
 *fill*         0x00000000080026b4        0x4 
 .text.NTC_Read
                0x00000000080026b8       0x78 ./Core/Src/NTC_Temp_Reading.o
                0x00000000080026b8                NTC_Read
 .text.Open_FOC0_step
                0x0000000008002730      0x53c ./Core/Src/Open_FOC0.o
                0x0000000008002730                Open_FOC0_step
 *fill*         0x0000000008002c6c        0x4 
 .text.Open_FOC0_initialize
                0x0000000008002c70       0xb8 ./Core/Src/Open_FOC0.o
                0x0000000008002c70                Open_FOC0_initialize
 .text.RateLimiter_Init
                0x0000000008002d28       0x16 ./Core/Src/Rate_Limiter.o
                0x0000000008002d28                RateLimiter_Init
 .text.RateLimiter_Update
                0x0000000008002d3e       0x8a ./Core/Src/Rate_Limiter.o
                0x0000000008002d3e                RateLimiter_Update
 .text.encoder_ab_error_check
                0x0000000008002dc8      0x10c ./Core/Src/Sensor_Disconnection_Checks.o
                0x0000000008002dc8                encoder_ab_error_check
 .text.encoder_z_index_check
                0x0000000008002ed4       0x30 ./Core/Src/Sensor_Disconnection_Checks.o
                0x0000000008002ed4                encoder_z_index_check
 .text.encoder_pwm_error_check
                0x0000000008002f04       0x54 ./Core/Src/Sensor_Disconnection_Checks.o
                0x0000000008002f04                encoder_pwm_error_check
 .text.encoder_5v_error_check
                0x0000000008002f58       0x6c ./Core/Src/Sensor_Disconnection_Checks.o
                0x0000000008002f58                encoder_5v_error_check
 .text.Model_Params_Input
                0x0000000008002fc4       0x5c ./Core/Src/Sensor_Disconnection_Checks.o
                0x0000000008002fc4                Model_Params_Input
 .text.Model_Output_Flag_Checks
                0x0000000008003020       0xdc ./Core/Src/Sensor_Disconnection_Checks.o
                0x0000000008003020                Model_Output_Flag_Checks
 .text.ADC1_Analog_Val_Update
                0x00000000080030fc       0x98 ./Core/Src/Sensor_Disconnection_Checks.o
                0x00000000080030fc                ADC1_Analog_Val_Update
 .text.Initial_Fault_Check
                0x0000000008003194       0x94 ./Core/Src/Sensor_Disconnection_Checks.o
                0x0000000008003194                Initial_Fault_Check
 .text.Sensor_Disconnection_Check
                0x0000000008003228      0x1f0 ./Core/Src/Sensor_Disconnection_Checks.o
                0x0000000008003228                Sensor_Disconnection_Check
 .text.Speed_Filter
                0x0000000008003418       0x58 ./Core/Src/Speed_Sensing.o
                0x0000000008003418                Speed_Filter
 .text.Speed_Sense
                0x0000000008003470       0xb0 ./Core/Src/Speed_Sensing.o
                0x0000000008003470                Speed_Sense
 .text.Motor_Alignment_Routine
                0x0000000008003520      0x190 ./Core/Src/alignment_routine.o
                0x0000000008003520                Motor_Alignment_Routine
 .text.CAN_Queue_Init
                0x00000000080036b0       0x10 ./Core/Src/fdcan.o
                0x00000000080036b0                CAN_Queue_Init
 .text.CAN_Queue_Push
                0x00000000080036c0       0x78 ./Core/Src/fdcan.o
                0x00000000080036c0                CAN_Queue_Push
 .text.CAN_Queue_Process
                0x0000000008003738       0x7c ./Core/Src/fdcan.o
                0x0000000008003738                CAN_Queue_Process
 .text.CAN_Queue_Push_And_Kickstart
                0x00000000080037b4       0x1c ./Core/Src/fdcan.o
                0x00000000080037b4                CAN_Queue_Push_And_Kickstart
 .text.FDCAN_SETUP
                0x00000000080037d0       0x24 ./Core/Src/fdcan.o
                0x00000000080037d0                FDCAN_SETUP
 .text._fdcan_transmit_on_can
                0x00000000080037f4       0x40 ./Core/Src/fdcan.o
                0x00000000080037f4                _fdcan_transmit_on_can
 *fill*         0x0000000008003834        0x4 
 .text.Send_Data_On_CAN_401
                0x0000000008003838       0xc0 ./Core/Src/fdcan.o
                0x0000000008003838                Send_Data_On_CAN_401
 .text.Send_Data_On_CAN_402
                0x00000000080038f8       0xa8 ./Core/Src/fdcan.o
                0x00000000080038f8                Send_Data_On_CAN_402
 .text.Send_Data_On_CAN_403
                0x00000000080039a0       0x9c ./Core/Src/fdcan.o
                0x00000000080039a0                Send_Data_On_CAN_403
 .text.SystemClock_Config
                0x0000000008003a3c       0xcc ./Core/Src/main.o
                0x0000000008003a3c                SystemClock_Config
 .text.PeriphCommonClock_Config
                0x0000000008003b08       0x48 ./Core/Src/main.o
                0x0000000008003b08                PeriphCommonClock_Config
 .text.HAL_TIM_PeriodElapsedCallback
                0x0000000008003b50       0x48 ./Core/Src/main.o
                0x0000000008003b50                HAL_TIM_PeriodElapsedCallback
 .text.HAL_FDCAN_TxBufferCompleteCallback
                0x0000000008003b98       0x18 ./Core/Src/main.o
                0x0000000008003b98                HAL_FDCAN_TxBufferCompleteCallback
 .text.HAL_GPIO_EXTI_Callback
                0x0000000008003bb0       0x48 ./Core/Src/main.o
                0x0000000008003bb0                HAL_GPIO_EXTI_Callback
 .text.HAL_TIM_IC_CaptureCallback
                0x0000000008003bf8       0x8c ./Core/Src/main.o
                0x0000000008003bf8                HAL_TIM_IC_CaptureCallback
 .text.rt_OneStep
                0x0000000008003c84       0xd4 ./Core/Src/main.o
                0x0000000008003c84                rt_OneStep
 .text.HAL_ADCEx_InjectedConvCpltCallback
                0x0000000008003d58      0x54c ./Core/Src/main.o
                0x0000000008003d58                HAL_ADCEx_InjectedConvCpltCallback
 *fill*         0x00000000080042a4        0x4 
 .text.set_Initial_angle
                0x00000000080042a8       0xf8 ./Core/Src/main.o
                0x00000000080042a8                set_Initial_angle
 .text.main     0x00000000080043a0      0x91c ./Core/Src/main.o
                0x00000000080043a0                main
 .text.Error_Handler
                0x0000000008004cbc        0x4 ./Core/Src/main.o
                0x0000000008004cbc                Error_Handler
 .text.rtIsInf  0x0000000008004cc0       0x20 ./Core/Src/rt_nonfinite.o
                0x0000000008004cc0                rtIsInf
 .text.rtIsNaN  0x0000000008004ce0       0x10 ./Core/Src/rt_nonfinite.o
                0x0000000008004ce0                rtIsNaN
 .text.HAL_MspInit
                0x0000000008004cf0       0x24 ./Core/Src/stm32h7xx_hal_msp.o
                0x0000000008004cf0                HAL_MspInit
 .text.HAL_ADC_MspInit
                0x0000000008004d14      0x1a4 ./Core/Src/stm32h7xx_hal_msp.o
                0x0000000008004d14                HAL_ADC_MspInit
 .text.HAL_FDCAN_MspInit
                0x0000000008004eb8       0xb0 ./Core/Src/stm32h7xx_hal_msp.o
                0x0000000008004eb8                HAL_FDCAN_MspInit
 .text.HAL_I2C_MspInit
                0x0000000008004f68       0x98 ./Core/Src/stm32h7xx_hal_msp.o
                0x0000000008004f68                HAL_I2C_MspInit
 .text.HAL_TIM_Base_MspInit
                0x0000000008005000       0xdc ./Core/Src/stm32h7xx_hal_msp.o
                0x0000000008005000                HAL_TIM_Base_MspInit
 .text.HAL_TIM_Encoder_MspInit
                0x00000000080050dc       0xb0 ./Core/Src/stm32h7xx_hal_msp.o
                0x00000000080050dc                HAL_TIM_Encoder_MspInit
 .text.HAL_TIM_MspPostInit
                0x000000000800518c       0x5c ./Core/Src/stm32h7xx_hal_msp.o
                0x000000000800518c                HAL_TIM_MspPostInit
 .text.HAL_TIM_Base_MspDeInit
                0x00000000080051e8       0x70 ./Core/Src/stm32h7xx_hal_msp.o
                0x00000000080051e8                HAL_TIM_Base_MspDeInit
 .text.NMI_Handler
                0x0000000008005258        0x2 ./Core/Src/stm32h7xx_it.o
                0x0000000008005258                NMI_Handler
 .text.HardFault_Handler
                0x000000000800525a        0x2 ./Core/Src/stm32h7xx_it.o
                0x000000000800525a                HardFault_Handler
 .text.MemManage_Handler
                0x000000000800525c        0x2 ./Core/Src/stm32h7xx_it.o
                0x000000000800525c                MemManage_Handler
 .text.BusFault_Handler
                0x000000000800525e        0x2 ./Core/Src/stm32h7xx_it.o
                0x000000000800525e                BusFault_Handler
 .text.UsageFault_Handler
                0x0000000008005260        0x2 ./Core/Src/stm32h7xx_it.o
                0x0000000008005260                UsageFault_Handler
 .text.SVC_Handler
                0x0000000008005262        0x2 ./Core/Src/stm32h7xx_it.o
                0x0000000008005262                SVC_Handler
 .text.DebugMon_Handler
                0x0000000008005264        0x2 ./Core/Src/stm32h7xx_it.o
                0x0000000008005264                DebugMon_Handler
 .text.PendSV_Handler
                0x0000000008005266        0x2 ./Core/Src/stm32h7xx_it.o
                0x0000000008005266                PendSV_Handler
 .text.SysTick_Handler
                0x0000000008005268        0x8 ./Core/Src/stm32h7xx_it.o
                0x0000000008005268                SysTick_Handler
 .text.DMA1_Stream0_IRQHandler
                0x0000000008005270       0x10 ./Core/Src/stm32h7xx_it.o
                0x0000000008005270                DMA1_Stream0_IRQHandler
 .text.ADC_IRQHandler
                0x0000000008005280       0x18 ./Core/Src/stm32h7xx_it.o
                0x0000000008005280                ADC_IRQHandler
 .text.FDCAN2_IT1_IRQHandler
                0x0000000008005298       0x10 ./Core/Src/stm32h7xx_it.o
                0x0000000008005298                FDCAN2_IT1_IRQHandler
 .text.EXTI9_5_IRQHandler
                0x00000000080052a8        0xa ./Core/Src/stm32h7xx_it.o
                0x00000000080052a8                EXTI9_5_IRQHandler
 *fill*         0x00000000080052b2        0x2 
 .text.TIM2_IRQHandler
                0x00000000080052b4       0x10 ./Core/Src/stm32h7xx_it.o
                0x00000000080052b4                TIM2_IRQHandler
 .text.TIM5_IRQHandler
                0x00000000080052c4       0x10 ./Core/Src/stm32h7xx_it.o
                0x00000000080052c4                TIM5_IRQHandler
 .text.TIM17_IRQHandler
                0x00000000080052d4       0x10 ./Core/Src/stm32h7xx_it.o
                0x00000000080052d4                TIM17_IRQHandler
 .text.SystemInit
                0x00000000080052e4       0xcc ./Core/Src/system_stm32h7xx.o
                0x00000000080052e4                SystemInit
 .text.Reset_Handler
                0x00000000080053b0       0x50 ./Core/Startup/startup_stm32h743zitx.o
                0x00000000080053b0                Reset_Handler
 .text.Default_Handler
                0x0000000008005400        0x2 ./Core/Startup/startup_stm32h743zitx.o
                0x0000000008005400                RTC_Alarm_IRQHandler
                0x0000000008005400                EXTI2_IRQHandler
                0x0000000008005400                TIM8_CC_IRQHandler
                0x0000000008005400                HRTIM1_Master_IRQHandler
                0x0000000008005400                UART8_IRQHandler
                0x0000000008005400                SPI4_IRQHandler
                0x0000000008005400                TIM1_CC_IRQHandler
                0x0000000008005400                BDMA_Channel6_IRQHandler
                0x0000000008005400                DMA2_Stream5_IRQHandler
                0x0000000008005400                HRTIM1_FLT_IRQHandler
                0x0000000008005400                JPEG_IRQHandler
                0x0000000008005400                DMA1_Stream5_IRQHandler
                0x0000000008005400                BDMA_Channel1_IRQHandler
                0x0000000008005400                HRTIM1_TIMD_IRQHandler
                0x0000000008005400                TAMP_STAMP_IRQHandler
                0x0000000008005400                EXTI3_IRQHandler
                0x0000000008005400                LPTIM4_IRQHandler
                0x0000000008005400                TIM8_TRG_COM_TIM14_IRQHandler
                0x0000000008005400                LPTIM2_IRQHandler
                0x0000000008005400                DFSDM1_FLT1_IRQHandler
                0x0000000008005400                DMAMUX2_OVR_IRQHandler
                0x0000000008005400                TIM8_UP_TIM13_IRQHandler
                0x0000000008005400                I2C3_ER_IRQHandler
                0x0000000008005400                DFSDM1_FLT2_IRQHandler
                0x0000000008005400                MDMA_IRQHandler
                0x0000000008005400                LPTIM3_IRQHandler
                0x0000000008005400                HSEM1_IRQHandler
                0x0000000008005400                EXTI0_IRQHandler
                0x0000000008005400                I2C2_EV_IRQHandler
                0x0000000008005400                DMA1_Stream2_IRQHandler
                0x0000000008005400                FPU_IRQHandler
                0x0000000008005400                OTG_HS_WKUP_IRQHandler
                0x0000000008005400                FDCAN1_IT1_IRQHandler
                0x0000000008005400                LTDC_ER_IRQHandler
                0x0000000008005400                DMA2_Stream2_IRQHandler
                0x0000000008005400                HRTIM1_TIME_IRQHandler
                0x0000000008005400                SPI1_IRQHandler
                0x0000000008005400                TIM6_DAC_IRQHandler
                0x0000000008005400                DCMI_IRQHandler
                0x0000000008005400                HRTIM1_TIMC_IRQHandler
                0x0000000008005400                DMA2_Stream3_IRQHandler
                0x0000000008005400                SAI2_IRQHandler
                0x0000000008005400                DFSDM1_FLT3_IRQHandler
                0x0000000008005400                USART6_IRQHandler
                0x0000000008005400                USART3_IRQHandler
                0x0000000008005400                BDMA_Channel7_IRQHandler
                0x0000000008005400                LPTIM5_IRQHandler
                0x0000000008005400                UART5_IRQHandler
                0x0000000008005400                ADC3_IRQHandler
                0x0000000008005400                DMA2_Stream0_IRQHandler
                0x0000000008005400                TIM4_IRQHandler
                0x0000000008005400                BDMA_Channel2_IRQHandler
                0x0000000008005400                QUADSPI_IRQHandler
                0x0000000008005400                I2C1_EV_IRQHandler
                0x0000000008005400                DMA1_Stream6_IRQHandler
                0x0000000008005400                DMAMUX1_OVR_IRQHandler
                0x0000000008005400                DMA1_Stream1_IRQHandler
                0x0000000008005400                TIM16_IRQHandler
                0x0000000008005400                UART4_IRQHandler
                0x0000000008005400                BDMA_Channel5_IRQHandler
                0x0000000008005400                TIM3_IRQHandler
                0x0000000008005400                RCC_IRQHandler
                0x0000000008005400                TIM8_BRK_TIM12_IRQHandler
                0x0000000008005400                TIM1_TRG_COM_IRQHandler
                0x0000000008005400                Default_Handler
                0x0000000008005400                ECC_IRQHandler
                0x0000000008005400                CEC_IRQHandler
                0x0000000008005400                EXTI15_10_IRQHandler
                0x0000000008005400                BDMA_Channel0_IRQHandler
                0x0000000008005400                DMA1_Stream7_IRQHandler
                0x0000000008005400                HRTIM1_TIMA_IRQHandler
                0x0000000008005400                SPI5_IRQHandler
                0x0000000008005400                TIM7_IRQHandler
                0x0000000008005400                SDMMC1_IRQHandler
                0x0000000008005400                DMA2_Stream7_IRQHandler
                0x0000000008005400                TIM15_IRQHandler
                0x0000000008005400                PVD_AVD_IRQHandler
                0x0000000008005400                I2C3_EV_IRQHandler
                0x0000000008005400                RTC_WKUP_IRQHandler
                0x0000000008005400                LTDC_IRQHandler
                0x0000000008005400                SAI3_IRQHandler
                0x0000000008005400                ETH_WKUP_IRQHandler
                0x0000000008005400                SPDIF_RX_IRQHandler
                0x0000000008005400                SPI2_IRQHandler
                0x0000000008005400                OTG_HS_EP1_IN_IRQHandler
                0x0000000008005400                CRS_IRQHandler
                0x0000000008005400                EXTI4_IRQHandler
                0x0000000008005400                RNG_IRQHandler
                0x0000000008005400                HRTIM1_TIMB_IRQHandler
                0x0000000008005400                ETH_IRQHandler
                0x0000000008005400                TIM1_UP_IRQHandler
                0x0000000008005400                BDMA_Channel4_IRQHandler
                0x0000000008005400                OTG_HS_EP1_OUT_IRQHandler
                0x0000000008005400                WWDG_IRQHandler
                0x0000000008005400                SPI6_IRQHandler
                0x0000000008005400                MDIOS_IRQHandler
                0x0000000008005400                I2C4_EV_IRQHandler
                0x0000000008005400                FDCAN2_IT0_IRQHandler
                0x0000000008005400                LPUART1_IRQHandler
                0x0000000008005400                FDCAN1_IT0_IRQHandler
                0x0000000008005400                OTG_FS_WKUP_IRQHandler
                0x0000000008005400                OTG_HS_IRQHandler
                0x0000000008005400                DMA2D_IRQHandler
                0x0000000008005400                TIM1_BRK_IRQHandler
                0x0000000008005400                EXTI1_IRQHandler
                0x0000000008005400                SDMMC2_IRQHandler
                0x0000000008005400                OTG_FS_EP1_OUT_IRQHandler
                0x0000000008005400                BDMA_Channel3_IRQHandler
                0x0000000008005400                UART7_IRQHandler
                0x0000000008005400                MDIOS_WKUP_IRQHandler
                0x0000000008005400                USART2_IRQHandler
                0x0000000008005400                DFSDM1_FLT0_IRQHandler
                0x0000000008005400                SAI4_IRQHandler
                0x0000000008005400                I2C2_ER_IRQHandler
                0x0000000008005400                DMA2_Stream1_IRQHandler
                0x0000000008005400                FLASH_IRQHandler
                0x0000000008005400                DMA2_Stream4_IRQHandler
                0x0000000008005400                USART1_IRQHandler
                0x0000000008005400                OTG_FS_IRQHandler
                0x0000000008005400                SPI3_IRQHandler
                0x0000000008005400                WAKEUP_PIN_IRQHandler
                0x0000000008005400                DMA1_Stream4_IRQHandler
                0x0000000008005400                OTG_FS_EP1_IN_IRQHandler
                0x0000000008005400                I2C1_ER_IRQHandler
                0x0000000008005400                FMC_IRQHandler
                0x0000000008005400                FDCAN_CAL_IRQHandler
                0x0000000008005400                SWPMI1_IRQHandler
                0x0000000008005400                COMP1_IRQHandler
                0x0000000008005400                LPTIM1_IRQHandler
                0x0000000008005400                I2C4_ER_IRQHandler
                0x0000000008005400                DMA2_Stream6_IRQHandler
                0x0000000008005400                SAI1_IRQHandler
                0x0000000008005400                DMA1_Stream3_IRQHandler
 *fill*         0x0000000008005402        0x2 
 .text.HAL_InitTick
                0x0000000008005404       0x4c ./Drivers/STM32H7xx_HAL_Driver/Src/stm32h7xx_hal.o
                0x0000000008005404                HAL_InitTick
 .text.HAL_Init
                0x0000000008005450       0x5c ./Drivers/STM32H7xx_HAL_Driver/Src/stm32h7xx_hal.o
                0x0000000008005450                HAL_Init
 .text.HAL_IncTick
                0x00000000080054ac       0x18 ./Drivers/STM32H7xx_HAL_Driver/Src/stm32h7xx_hal.o
                0x00000000080054ac                HAL_IncTick
 .text.HAL_GetTick
                0x00000000080054c4        0xc ./Drivers/STM32H7xx_HAL_Driver/Src/stm32h7xx_hal.o
                0x00000000080054c4                HAL_GetTick
 .text.HAL_Delay
                0x00000000080054d0       0x28 ./Drivers/STM32H7xx_HAL_Driver/Src/stm32h7xx_hal.o
                0x00000000080054d0                HAL_Delay
 .text.HAL_GetREVID
                0x00000000080054f8        0xc ./Drivers/STM32H7xx_HAL_Driver/Src/stm32h7xx_hal.o
                0x00000000080054f8                HAL_GetREVID
 .text.HAL_ADC_ConvCpltCallback
                0x0000000008005504        0x2 ./Drivers/STM32H7xx_HAL_Driver/Src/stm32h7xx_hal_adc.o
                0x0000000008005504                HAL_ADC_ConvCpltCallback
 .text.HAL_ADC_ConvHalfCpltCallback
                0x0000000008005506        0x2 ./Drivers/STM32H7xx_HAL_Driver/Src/stm32h7xx_hal_adc.o
                0x0000000008005506                HAL_ADC_ConvHalfCpltCallback
 .text.ADC_DMAHalfConvCplt
                0x0000000008005508        0xa ./Drivers/STM32H7xx_HAL_Driver/Src/stm32h7xx_hal_adc.o
                0x0000000008005508                ADC_DMAHalfConvCplt
 .text.HAL_ADC_LevelOutOfWindowCallback
                0x0000000008005512        0x2 ./Drivers/STM32H7xx_HAL_Driver/Src/stm32h7xx_hal_adc.o
                0x0000000008005512                HAL_ADC_LevelOutOfWindowCallback
 .text.HAL_ADC_ErrorCallback
                0x0000000008005514        0x2 ./Drivers/STM32H7xx_HAL_Driver/Src/stm32h7xx_hal_adc.o
                0x0000000008005514                HAL_ADC_ErrorCallback
 *fill*         0x0000000008005516        0x2 
 .text.HAL_ADC_IRQHandler
                0x0000000008005518      0x2b4 ./Drivers/STM32H7xx_HAL_Driver/Src/stm32h7xx_hal_adc.o
                0x0000000008005518                HAL_ADC_IRQHandler
 .text.ADC_DMAConvCplt
                0x00000000080057cc       0x88 ./Drivers/STM32H7xx_HAL_Driver/Src/stm32h7xx_hal_adc.o
                0x00000000080057cc                ADC_DMAConvCplt
 .text.ADC_DMAError
                0x0000000008005854       0x1a ./Drivers/STM32H7xx_HAL_Driver/Src/stm32h7xx_hal_adc.o
                0x0000000008005854                ADC_DMAError
 *fill*         0x000000000800586e        0x2 
 .text.HAL_ADC_ConfigChannel
                0x0000000008005870      0x470 ./Drivers/STM32H7xx_HAL_Driver/Src/stm32h7xx_hal_adc.o
                0x0000000008005870                HAL_ADC_ConfigChannel
 .text.ADC_Enable
                0x0000000008005ce0       0xd8 ./Drivers/STM32H7xx_HAL_Driver/Src/stm32h7xx_hal_adc.o
                0x0000000008005ce0                ADC_Enable
 .text.HAL_ADC_Start_DMA
                0x0000000008005db8      0x11c ./Drivers/STM32H7xx_HAL_Driver/Src/stm32h7xx_hal_adc.o
                0x0000000008005db8                HAL_ADC_Start_DMA
 .text.ADC_Disable
                0x0000000008005ed4       0x98 ./Drivers/STM32H7xx_HAL_Driver/Src/stm32h7xx_hal_adc.o
                0x0000000008005ed4                ADC_Disable
 .text.ADC_ConfigureBoostMode
                0x0000000008005f6c      0x170 ./Drivers/STM32H7xx_HAL_Driver/Src/stm32h7xx_hal_adc.o
                0x0000000008005f6c                ADC_ConfigureBoostMode
 .text.HAL_ADC_Init
                0x00000000080060dc      0x230 ./Drivers/STM32H7xx_HAL_Driver/Src/stm32h7xx_hal_adc.o
                0x00000000080060dc                HAL_ADC_Init
 .text.HAL_ADCEx_Calibration_Start
                0x000000000800630c       0xa8 ./Drivers/STM32H7xx_HAL_Driver/Src/stm32h7xx_hal_adc_ex.o
                0x000000000800630c                HAL_ADCEx_Calibration_Start
 .text.HAL_ADCEx_InjectedStart_IT
                0x00000000080063b4      0x144 ./Drivers/STM32H7xx_HAL_Driver/Src/stm32h7xx_hal_adc_ex.o
                0x00000000080063b4                HAL_ADCEx_InjectedStart_IT
 .text.HAL_ADCEx_InjectedGetValue
                0x00000000080064f8       0x38 ./Drivers/STM32H7xx_HAL_Driver/Src/stm32h7xx_hal_adc_ex.o
                0x00000000080064f8                HAL_ADCEx_InjectedGetValue
 .text.HAL_ADCEx_InjectedQueueOverflowCallback
                0x0000000008006530        0x2 ./Drivers/STM32H7xx_HAL_Driver/Src/stm32h7xx_hal_adc_ex.o
                0x0000000008006530                HAL_ADCEx_InjectedQueueOverflowCallback
 .text.HAL_ADCEx_LevelOutOfWindow2Callback
                0x0000000008006532        0x2 ./Drivers/STM32H7xx_HAL_Driver/Src/stm32h7xx_hal_adc_ex.o
                0x0000000008006532                HAL_ADCEx_LevelOutOfWindow2Callback
 .text.HAL_ADCEx_LevelOutOfWindow3Callback
                0x0000000008006534        0x2 ./Drivers/STM32H7xx_HAL_Driver/Src/stm32h7xx_hal_adc_ex.o
                0x0000000008006534                HAL_ADCEx_LevelOutOfWindow3Callback
 .text.HAL_ADCEx_EndOfSamplingCallback
                0x0000000008006536        0x2 ./Drivers/STM32H7xx_HAL_Driver/Src/stm32h7xx_hal_adc_ex.o
                0x0000000008006536                HAL_ADCEx_EndOfSamplingCallback
 .text.HAL_ADCEx_InjectedConfigChannel
                0x0000000008006538      0x5d0 ./Drivers/STM32H7xx_HAL_Driver/Src/stm32h7xx_hal_adc_ex.o
                0x0000000008006538                HAL_ADCEx_InjectedConfigChannel
 .text.HAL_ADCEx_MultiModeConfigChannel
                0x0000000008006b08      0x124 ./Drivers/STM32H7xx_HAL_Driver/Src/stm32h7xx_hal_adc_ex.o
                0x0000000008006b08                HAL_ADCEx_MultiModeConfigChannel
 .text.HAL_ADCEx_DisableInjectedQueue
                0x0000000008006c2c       0x2c ./Drivers/STM32H7xx_HAL_Driver/Src/stm32h7xx_hal_adc_ex.o
                0x0000000008006c2c                HAL_ADCEx_DisableInjectedQueue
 .text.HAL_NVIC_SetPriorityGrouping
                0x0000000008006c58       0x24 ./Drivers/STM32H7xx_HAL_Driver/Src/stm32h7xx_hal_cortex.o
                0x0000000008006c58                HAL_NVIC_SetPriorityGrouping
 .text.HAL_NVIC_SetPriority
                0x0000000008006c7c       0x68 ./Drivers/STM32H7xx_HAL_Driver/Src/stm32h7xx_hal_cortex.o
                0x0000000008006c7c                HAL_NVIC_SetPriority
 .text.HAL_NVIC_EnableIRQ
                0x0000000008006ce4       0x1c ./Drivers/STM32H7xx_HAL_Driver/Src/stm32h7xx_hal_cortex.o
                0x0000000008006ce4                HAL_NVIC_EnableIRQ
 .text.HAL_NVIC_DisableIRQ
                0x0000000008006d00       0x28 ./Drivers/STM32H7xx_HAL_Driver/Src/stm32h7xx_hal_cortex.o
                0x0000000008006d00                HAL_NVIC_DisableIRQ
 .text.HAL_NVIC_SystemReset
                0x0000000008006d28       0x24 ./Drivers/STM32H7xx_HAL_Driver/Src/stm32h7xx_hal_cortex.o
                0x0000000008006d28                HAL_NVIC_SystemReset
 .text.HAL_SYSTICK_Config
                0x0000000008006d4c       0x28 ./Drivers/STM32H7xx_HAL_Driver/Src/stm32h7xx_hal_cortex.o
                0x0000000008006d4c                HAL_SYSTICK_Config
 .text.DMA_SetConfig
                0x0000000008006d74      0x264 ./Drivers/STM32H7xx_HAL_Driver/Src/stm32h7xx_hal_dma.o
 .text.DMA_CalcBaseAndBitshift
                0x0000000008006fd8       0xec ./Drivers/STM32H7xx_HAL_Driver/Src/stm32h7xx_hal_dma.o
 .text.DMA_CalcDMAMUXChannelBaseAndMask
                0x00000000080070c4       0xcc ./Drivers/STM32H7xx_HAL_Driver/Src/stm32h7xx_hal_dma.o
 .text.DMA_CalcDMAMUXRequestGenBaseAndMask
                0x0000000008007190       0xa0 ./Drivers/STM32H7xx_HAL_Driver/Src/stm32h7xx_hal_dma.o
 .text.HAL_DMA_Init
                0x0000000008007230      0x454 ./Drivers/STM32H7xx_HAL_Driver/Src/stm32h7xx_hal_dma.o
                0x0000000008007230                HAL_DMA_Init
 .text.HAL_DMA_Start_IT
                0x0000000008007684      0x3c0 ./Drivers/STM32H7xx_HAL_Driver/Src/stm32h7xx_hal_dma.o
                0x0000000008007684                HAL_DMA_Start_IT
 .text.HAL_DMA_IRQHandler
                0x0000000008007a44      0x978 ./Drivers/STM32H7xx_HAL_Driver/Src/stm32h7xx_hal_dma.o
                0x0000000008007a44                HAL_DMA_IRQHandler
 .text.FDCAN_CopyMessageToRAM
                0x00000000080083bc       0x90 ./Drivers/STM32H7xx_HAL_Driver/Src/stm32h7xx_hal_fdcan.o
 .text.HAL_FDCAN_Init
                0x000000000800844c      0x454 ./Drivers/STM32H7xx_HAL_Driver/Src/stm32h7xx_hal_fdcan.o
                0x000000000800844c                HAL_FDCAN_Init
 .text.HAL_FDCAN_Start
                0x00000000080088a0       0x34 ./Drivers/STM32H7xx_HAL_Driver/Src/stm32h7xx_hal_fdcan.o
                0x00000000080088a0                HAL_FDCAN_Start
 .text.HAL_FDCAN_AddMessageToTxFifoQ
                0x00000000080088d4       0x76 ./Drivers/STM32H7xx_HAL_Driver/Src/stm32h7xx_hal_fdcan.o
                0x00000000080088d4                HAL_FDCAN_AddMessageToTxFifoQ
 .text.HAL_FDCAN_GetTxFifoFreeLevel
                0x000000000800894a        0xc ./Drivers/STM32H7xx_HAL_Driver/Src/stm32h7xx_hal_fdcan.o
                0x000000000800894a                HAL_FDCAN_GetTxFifoFreeLevel
 *fill*         0x0000000008008956        0x2 
 .text.HAL_FDCAN_ActivateNotification
                0x0000000008008958       0x90 ./Drivers/STM32H7xx_HAL_Driver/Src/stm32h7xx_hal_fdcan.o
                0x0000000008008958                HAL_FDCAN_ActivateNotification
 .text.HAL_FDCAN_ClockCalibrationCallback
                0x00000000080089e8        0x2 ./Drivers/STM32H7xx_HAL_Driver/Src/stm32h7xx_hal_fdcan.o
                0x00000000080089e8                HAL_FDCAN_ClockCalibrationCallback
 .text.HAL_FDCAN_TxEventFifoCallback
                0x00000000080089ea        0x2 ./Drivers/STM32H7xx_HAL_Driver/Src/stm32h7xx_hal_fdcan.o
                0x00000000080089ea                HAL_FDCAN_TxEventFifoCallback
 .text.HAL_FDCAN_RxFifo0Callback
                0x00000000080089ec        0x2 ./Drivers/STM32H7xx_HAL_Driver/Src/stm32h7xx_hal_fdcan.o
                0x00000000080089ec                HAL_FDCAN_RxFifo0Callback
 .text.HAL_FDCAN_RxFifo1Callback
                0x00000000080089ee        0x2 ./Drivers/STM32H7xx_HAL_Driver/Src/stm32h7xx_hal_fdcan.o
                0x00000000080089ee                HAL_FDCAN_RxFifo1Callback
 .text.HAL_FDCAN_TxFifoEmptyCallback
                0x00000000080089f0        0x2 ./Drivers/STM32H7xx_HAL_Driver/Src/stm32h7xx_hal_fdcan.o
                0x00000000080089f0                HAL_FDCAN_TxFifoEmptyCallback
 .text.HAL_FDCAN_TxBufferAbortCallback
                0x00000000080089f2        0x2 ./Drivers/STM32H7xx_HAL_Driver/Src/stm32h7xx_hal_fdcan.o
                0x00000000080089f2                HAL_FDCAN_TxBufferAbortCallback
 .text.HAL_FDCAN_RxBufferNewMessageCallback
                0x00000000080089f4        0x2 ./Drivers/STM32H7xx_HAL_Driver/Src/stm32h7xx_hal_fdcan.o
                0x00000000080089f4                HAL_FDCAN_RxBufferNewMessageCallback
 .text.HAL_FDCAN_TimestampWraparoundCallback
                0x00000000080089f6        0x2 ./Drivers/STM32H7xx_HAL_Driver/Src/stm32h7xx_hal_fdcan.o
                0x00000000080089f6                HAL_FDCAN_TimestampWraparoundCallback
 .text.HAL_FDCAN_TimeoutOccurredCallback
                0x00000000080089f8        0x2 ./Drivers/STM32H7xx_HAL_Driver/Src/stm32h7xx_hal_fdcan.o
                0x00000000080089f8                HAL_FDCAN_TimeoutOccurredCallback
 .text.HAL_FDCAN_HighPriorityMessageCallback
                0x00000000080089fa        0x2 ./Drivers/STM32H7xx_HAL_Driver/Src/stm32h7xx_hal_fdcan.o
                0x00000000080089fa                HAL_FDCAN_HighPriorityMessageCallback
 .text.HAL_FDCAN_ErrorCallback
                0x00000000080089fc        0x2 ./Drivers/STM32H7xx_HAL_Driver/Src/stm32h7xx_hal_fdcan.o
                0x00000000080089fc                HAL_FDCAN_ErrorCallback
 .text.HAL_FDCAN_ErrorStatusCallback
                0x00000000080089fe        0x2 ./Drivers/STM32H7xx_HAL_Driver/Src/stm32h7xx_hal_fdcan.o
                0x00000000080089fe                HAL_FDCAN_ErrorStatusCallback
 .text.HAL_FDCAN_TT_ScheduleSyncCallback
                0x0000000008008a00        0x2 ./Drivers/STM32H7xx_HAL_Driver/Src/stm32h7xx_hal_fdcan.o
                0x0000000008008a00                HAL_FDCAN_TT_ScheduleSyncCallback
 .text.HAL_FDCAN_TT_TimeMarkCallback
                0x0000000008008a02        0x2 ./Drivers/STM32H7xx_HAL_Driver/Src/stm32h7xx_hal_fdcan.o
                0x0000000008008a02                HAL_FDCAN_TT_TimeMarkCallback
 .text.HAL_FDCAN_TT_StopWatchCallback
                0x0000000008008a04        0x2 ./Drivers/STM32H7xx_HAL_Driver/Src/stm32h7xx_hal_fdcan.o
                0x0000000008008a04                HAL_FDCAN_TT_StopWatchCallback
 .text.HAL_FDCAN_TT_GlobalTimeCallback
                0x0000000008008a06        0x2 ./Drivers/STM32H7xx_HAL_Driver/Src/stm32h7xx_hal_fdcan.o
                0x0000000008008a06                HAL_FDCAN_TT_GlobalTimeCallback
 .text.HAL_FDCAN_IRQHandler
                0x0000000008008a08      0x318 ./Drivers/STM32H7xx_HAL_Driver/Src/stm32h7xx_hal_fdcan.o
                0x0000000008008a08                HAL_FDCAN_IRQHandler
 .text.HAL_GPIO_Init
                0x0000000008008d20      0x23c ./Drivers/STM32H7xx_HAL_Driver/Src/stm32h7xx_hal_gpio.o
                0x0000000008008d20                HAL_GPIO_Init
 .text.HAL_GPIO_DeInit
                0x0000000008008f5c      0x16c ./Drivers/STM32H7xx_HAL_Driver/Src/stm32h7xx_hal_gpio.o
                0x0000000008008f5c                HAL_GPIO_DeInit
 .text.HAL_GPIO_ReadPin
                0x00000000080090c8        0xc ./Drivers/STM32H7xx_HAL_Driver/Src/stm32h7xx_hal_gpio.o
                0x00000000080090c8                HAL_GPIO_ReadPin
 .text.HAL_GPIO_WritePin
                0x00000000080090d4        0xc ./Drivers/STM32H7xx_HAL_Driver/Src/stm32h7xx_hal_gpio.o
                0x00000000080090d4                HAL_GPIO_WritePin
 .text.HAL_GPIO_EXTI_IRQHandler
                0x00000000080090e0       0x1e ./Drivers/STM32H7xx_HAL_Driver/Src/stm32h7xx_hal_gpio.o
                0x00000000080090e0                HAL_GPIO_EXTI_IRQHandler
 .text.I2C_Flush_TXDR
                0x00000000080090fe       0x22 ./Drivers/STM32H7xx_HAL_Driver/Src/stm32h7xx_hal_i2c.o
 .text.I2C_TransferConfig
                0x0000000008009120       0x3a ./Drivers/STM32H7xx_HAL_Driver/Src/stm32h7xx_hal_i2c.o
 .text.I2C_IsErrorOccurred
                0x000000000800915a      0x120 ./Drivers/STM32H7xx_HAL_Driver/Src/stm32h7xx_hal_i2c.o
 .text.I2C_WaitOnTXISFlagUntilTimeout
                0x000000000800927a       0x60 ./Drivers/STM32H7xx_HAL_Driver/Src/stm32h7xx_hal_i2c.o
 .text.I2C_WaitOnFlagUntilTimeout
                0x00000000080092da       0x7c ./Drivers/STM32H7xx_HAL_Driver/Src/stm32h7xx_hal_i2c.o
 .text.I2C_WaitOnSTOPFlagUntilTimeout
                0x0000000008009356       0x6a ./Drivers/STM32H7xx_HAL_Driver/Src/stm32h7xx_hal_i2c.o
 .text.HAL_I2C_Init
                0x00000000080093c0       0xb8 ./Drivers/STM32H7xx_HAL_Driver/Src/stm32h7xx_hal_i2c.o
                0x00000000080093c0                HAL_I2C_Init
 .text.HAL_I2C_Mem_Write
                0x0000000008009478      0x1fc ./Drivers/STM32H7xx_HAL_Driver/Src/stm32h7xx_hal_i2c.o
                0x0000000008009478                HAL_I2C_Mem_Write
 .text.HAL_I2C_Mem_Read
                0x0000000008009674      0x204 ./Drivers/STM32H7xx_HAL_Driver/Src/stm32h7xx_hal_i2c.o
                0x0000000008009674                HAL_I2C_Mem_Read
 .text.HAL_I2C_IsDeviceReady
                0x0000000008009878      0x140 ./Drivers/STM32H7xx_HAL_Driver/Src/stm32h7xx_hal_i2c.o
                0x0000000008009878                HAL_I2C_IsDeviceReady
 .text.HAL_I2CEx_ConfigAnalogFilter
                0x00000000080099b8       0x5c ./Drivers/STM32H7xx_HAL_Driver/Src/stm32h7xx_hal_i2c_ex.o
                0x00000000080099b8                HAL_I2CEx_ConfigAnalogFilter
 .text.HAL_I2CEx_ConfigDigitalFilter
                0x0000000008009a14       0x58 ./Drivers/STM32H7xx_HAL_Driver/Src/stm32h7xx_hal_i2c_ex.o
                0x0000000008009a14                HAL_I2CEx_ConfigDigitalFilter
 .text.HAL_PWREx_ConfigSupply
                0x0000000008009a6c       0x50 ./Drivers/STM32H7xx_HAL_Driver/Src/stm32h7xx_hal_pwr_ex.o
                0x0000000008009a6c                HAL_PWREx_ConfigSupply
 .text.HAL_RCC_OscConfig
                0x0000000008009abc      0x6b4 ./Drivers/STM32H7xx_HAL_Driver/Src/stm32h7xx_hal_rcc.o
                0x0000000008009abc                HAL_RCC_OscConfig
 .text.HAL_RCC_GetSysClockFreq
                0x000000000800a170      0x1f0 ./Drivers/STM32H7xx_HAL_Driver/Src/stm32h7xx_hal_rcc.o
                0x000000000800a170                HAL_RCC_GetSysClockFreq
 .text.HAL_RCC_ClockConfig
                0x000000000800a360      0x2b0 ./Drivers/STM32H7xx_HAL_Driver/Src/stm32h7xx_hal_rcc.o
                0x000000000800a360                HAL_RCC_ClockConfig
 .text.HAL_RCC_GetHCLKFreq
                0x000000000800a610       0x44 ./Drivers/STM32H7xx_HAL_Driver/Src/stm32h7xx_hal_rcc.o
                0x000000000800a610                HAL_RCC_GetHCLKFreq
 .text.HAL_RCC_GetPCLK1Freq
                0x000000000800a654       0x24 ./Drivers/STM32H7xx_HAL_Driver/Src/stm32h7xx_hal_rcc.o
                0x000000000800a654                HAL_RCC_GetPCLK1Freq
 .text.RCCEx_PLL2_Config
                0x000000000800a678      0x104 ./Drivers/STM32H7xx_HAL_Driver/Src/stm32h7xx_hal_rcc_ex.o
 .text.RCCEx_PLL3_Config
                0x000000000800a77c      0x104 ./Drivers/STM32H7xx_HAL_Driver/Src/stm32h7xx_hal_rcc_ex.o
 .text.HAL_RCCEx_PeriphCLKConfig
                0x000000000800a880      0xa98 ./Drivers/STM32H7xx_HAL_Driver/Src/stm32h7xx_hal_rcc_ex.o
                0x000000000800a880                HAL_RCCEx_PeriphCLKConfig
 .text.HAL_RCCEx_GetD3PCLK1Freq
                0x000000000800b318       0x24 ./Drivers/STM32H7xx_HAL_Driver/Src/stm32h7xx_hal_rcc_ex.o
                0x000000000800b318                HAL_RCCEx_GetD3PCLK1Freq
 .text.HAL_RCCEx_GetPLL2ClockFreq
                0x000000000800b33c      0x1f8 ./Drivers/STM32H7xx_HAL_Driver/Src/stm32h7xx_hal_rcc_ex.o
                0x000000000800b33c                HAL_RCCEx_GetPLL2ClockFreq
 .text.HAL_RCCEx_GetPLL3ClockFreq
                0x000000000800b534      0x1f8 ./Drivers/STM32H7xx_HAL_Driver/Src/stm32h7xx_hal_rcc_ex.o
                0x000000000800b534                HAL_RCCEx_GetPLL3ClockFreq
 .text.HAL_RCCEx_GetPLL1ClockFreq
                0x000000000800b72c      0x1f8 ./Drivers/STM32H7xx_HAL_Driver/Src/stm32h7xx_hal_rcc_ex.o
                0x000000000800b72c                HAL_RCCEx_GetPLL1ClockFreq
 .text.HAL_RCCEx_GetPeriphCLKFreq
                0x000000000800b924      0x6b4 ./Drivers/STM32H7xx_HAL_Driver/Src/stm32h7xx_hal_rcc_ex.o
                0x000000000800b924                HAL_RCCEx_GetPeriphCLKFreq
 .text.TIM_OC1_SetConfig
                0x000000000800bfd8       0xa0 ./Drivers/STM32H7xx_HAL_Driver/Src/stm32h7xx_hal_tim.o
 .text.TIM_OC3_SetConfig
                0x000000000800c078       0x84 ./Drivers/STM32H7xx_HAL_Driver/Src/stm32h7xx_hal_tim.o
 .text.TIM_OC4_SetConfig
                0x000000000800c0fc       0x6c ./Drivers/STM32H7xx_HAL_Driver/Src/stm32h7xx_hal_tim.o
 .text.TIM_OC5_SetConfig
                0x000000000800c168       0x6c ./Drivers/STM32H7xx_HAL_Driver/Src/stm32h7xx_hal_tim.o
 .text.TIM_OC6_SetConfig
                0x000000000800c1d4       0x6c ./Drivers/STM32H7xx_HAL_Driver/Src/stm32h7xx_hal_tim.o
 .text.HAL_TIM_Base_Start_IT
                0x000000000800c240       0xb0 ./Drivers/STM32H7xx_HAL_Driver/Src/stm32h7xx_hal_tim.o
                0x000000000800c240                HAL_TIM_Base_Start_IT
 .text.HAL_TIM_PWM_MspInit
                0x000000000800c2f0        0x2 ./Drivers/STM32H7xx_HAL_Driver/Src/stm32h7xx_hal_tim.o
                0x000000000800c2f0                HAL_TIM_PWM_MspInit
 .text.HAL_TIM_IC_MspInit
                0x000000000800c2f2        0x2 ./Drivers/STM32H7xx_HAL_Driver/Src/stm32h7xx_hal_tim.o
                0x000000000800c2f2                HAL_TIM_IC_MspInit
 .text.HAL_TIM_IC_MspDeInit
                0x000000000800c2f4        0x2 ./Drivers/STM32H7xx_HAL_Driver/Src/stm32h7xx_hal_tim.o
                0x000000000800c2f4                HAL_TIM_IC_MspDeInit
 .text.HAL_TIM_IC_DeInit
                0x000000000800c2f6       0x66 ./Drivers/STM32H7xx_HAL_Driver/Src/stm32h7xx_hal_tim.o
                0x000000000800c2f6                HAL_TIM_IC_DeInit
 .text.HAL_TIM_ReadCapturedValue
                0x000000000800c35c       0x32 ./Drivers/STM32H7xx_HAL_Driver/Src/stm32h7xx_hal_tim.o
                0x000000000800c35c                HAL_TIM_ReadCapturedValue
 .text.HAL_TIM_OC_DelayElapsedCallback
                0x000000000800c38e        0x2 ./Drivers/STM32H7xx_HAL_Driver/Src/stm32h7xx_hal_tim.o
                0x000000000800c38e                HAL_TIM_OC_DelayElapsedCallback
 .text.HAL_TIM_PWM_PulseFinishedCallback
                0x000000000800c390        0x2 ./Drivers/STM32H7xx_HAL_Driver/Src/stm32h7xx_hal_tim.o
                0x000000000800c390                HAL_TIM_PWM_PulseFinishedCallback
 .text.HAL_TIM_TriggerCallback
                0x000000000800c392        0x2 ./Drivers/STM32H7xx_HAL_Driver/Src/stm32h7xx_hal_tim.o
                0x000000000800c392                HAL_TIM_TriggerCallback
 .text.HAL_TIM_IRQHandler
                0x000000000800c394      0x180 ./Drivers/STM32H7xx_HAL_Driver/Src/stm32h7xx_hal_tim.o
                0x000000000800c394                HAL_TIM_IRQHandler
 .text.TIM_Base_SetConfig
                0x000000000800c514       0xf4 ./Drivers/STM32H7xx_HAL_Driver/Src/stm32h7xx_hal_tim.o
                0x000000000800c514                TIM_Base_SetConfig
 .text.HAL_TIM_Base_Init
                0x000000000800c608       0x60 ./Drivers/STM32H7xx_HAL_Driver/Src/stm32h7xx_hal_tim.o
                0x000000000800c608                HAL_TIM_Base_Init
 .text.HAL_TIM_PWM_Init
                0x000000000800c668       0x60 ./Drivers/STM32H7xx_HAL_Driver/Src/stm32h7xx_hal_tim.o
                0x000000000800c668                HAL_TIM_PWM_Init
 .text.HAL_TIM_IC_Init
                0x000000000800c6c8       0x60 ./Drivers/STM32H7xx_HAL_Driver/Src/stm32h7xx_hal_tim.o
                0x000000000800c6c8                HAL_TIM_IC_Init
 .text.HAL_TIM_Encoder_Init
                0x000000000800c728       0xb4 ./Drivers/STM32H7xx_HAL_Driver/Src/stm32h7xx_hal_tim.o
                0x000000000800c728                HAL_TIM_Encoder_Init
 .text.TIM_OC2_SetConfig
                0x000000000800c7dc       0x84 ./Drivers/STM32H7xx_HAL_Driver/Src/stm32h7xx_hal_tim.o
                0x000000000800c7dc                TIM_OC2_SetConfig
 .text.HAL_TIM_PWM_ConfigChannel
                0x000000000800c860      0x13a ./Drivers/STM32H7xx_HAL_Driver/Src/stm32h7xx_hal_tim.o
                0x000000000800c860                HAL_TIM_PWM_ConfigChannel
 *fill*         0x000000000800c99a        0x2 
 .text.TIM_TI1_SetConfig
                0x000000000800c99c       0x7c ./Drivers/STM32H7xx_HAL_Driver/Src/stm32h7xx_hal_tim.o
                0x000000000800c99c                TIM_TI1_SetConfig
 .text.HAL_TIM_IC_ConfigChannel
                0x000000000800ca18      0x146 ./Drivers/STM32H7xx_HAL_Driver/Src/stm32h7xx_hal_tim.o
                0x000000000800ca18                HAL_TIM_IC_ConfigChannel
 .text.TIM_ETR_SetConfig
                0x000000000800cb5e       0x1a ./Drivers/STM32H7xx_HAL_Driver/Src/stm32h7xx_hal_tim.o
                0x000000000800cb5e                TIM_ETR_SetConfig
 .text.HAL_TIM_ConfigClockSource
                0x000000000800cb78      0x1a4 ./Drivers/STM32H7xx_HAL_Driver/Src/stm32h7xx_hal_tim.o
                0x000000000800cb78                HAL_TIM_ConfigClockSource
 .text.TIM_SlaveTimer_SetConfig
                0x000000000800cd1c      0x164 ./Drivers/STM32H7xx_HAL_Driver/Src/stm32h7xx_hal_tim.o
 .text.HAL_TIM_SlaveConfigSynchro
                0x000000000800ce80       0x52 ./Drivers/STM32H7xx_HAL_Driver/Src/stm32h7xx_hal_tim.o
                0x000000000800ce80                HAL_TIM_SlaveConfigSynchro
 .text.TIM_CCxChannelCmd
                0x000000000800ced2       0x1e ./Drivers/STM32H7xx_HAL_Driver/Src/stm32h7xx_hal_tim.o
                0x000000000800ced2                TIM_CCxChannelCmd
 .text.HAL_TIM_PWM_Start
                0x000000000800cef0      0x188 ./Drivers/STM32H7xx_HAL_Driver/Src/stm32h7xx_hal_tim.o
                0x000000000800cef0                HAL_TIM_PWM_Start
 .text.HAL_TIM_PWM_Stop
                0x000000000800d078       0xcc ./Drivers/STM32H7xx_HAL_Driver/Src/stm32h7xx_hal_tim.o
                0x000000000800d078                HAL_TIM_PWM_Stop
 .text.HAL_TIM_IC_Start_IT
                0x000000000800d144      0x204 ./Drivers/STM32H7xx_HAL_Driver/Src/stm32h7xx_hal_tim.o
                0x000000000800d144                HAL_TIM_IC_Start_IT
 .text.HAL_TIM_IC_Stop_IT
                0x000000000800d348      0x132 ./Drivers/STM32H7xx_HAL_Driver/Src/stm32h7xx_hal_tim.o
                0x000000000800d348                HAL_TIM_IC_Stop_IT
 .text.HAL_TIM_Encoder_Start_IT
                0x000000000800d47a       0xdc ./Drivers/STM32H7xx_HAL_Driver/Src/stm32h7xx_hal_tim.o
                0x000000000800d47a                HAL_TIM_Encoder_Start_IT
 .text.TIM_CCxNChannelCmd
                0x000000000800d556       0x1e ./Drivers/STM32H7xx_HAL_Driver/Src/stm32h7xx_hal_tim_ex.o
 .text.HAL_TIMEx_PWMN_Start
                0x000000000800d574      0x114 ./Drivers/STM32H7xx_HAL_Driver/Src/stm32h7xx_hal_tim_ex.o
                0x000000000800d574                HAL_TIMEx_PWMN_Start
 .text.HAL_TIMEx_PWMN_Stop
                0x000000000800d688       0x76 ./Drivers/STM32H7xx_HAL_Driver/Src/stm32h7xx_hal_tim_ex.o
                0x000000000800d688                HAL_TIMEx_PWMN_Stop
 *fill*         0x000000000800d6fe        0x2 
 .text.HAL_TIMEx_MasterConfigSynchronization
                0x000000000800d700       0xbc ./Drivers/STM32H7xx_HAL_Driver/Src/stm32h7xx_hal_tim_ex.o
                0x000000000800d700                HAL_TIMEx_MasterConfigSynchronization
 .text.HAL_TIMEx_ConfigBreakDeadTime
                0x000000000800d7bc       0x90 ./Drivers/STM32H7xx_HAL_Driver/Src/stm32h7xx_hal_tim_ex.o
                0x000000000800d7bc                HAL_TIMEx_ConfigBreakDeadTime
 .text.HAL_TIMEx_CommutCallback
                0x000000000800d84c        0x2 ./Drivers/STM32H7xx_HAL_Driver/Src/stm32h7xx_hal_tim_ex.o
                0x000000000800d84c                HAL_TIMEx_CommutCallback
 .text.HAL_TIMEx_BreakCallback
                0x000000000800d84e        0x2 ./Drivers/STM32H7xx_HAL_Driver/Src/stm32h7xx_hal_tim_ex.o
                0x000000000800d84e                HAL_TIMEx_BreakCallback
 .text.HAL_TIMEx_Break2Callback
                0x000000000800d850        0x2 ./Drivers/STM32H7xx_HAL_Driver/Src/stm32h7xx_hal_tim_ex.o
                0x000000000800d850                HAL_TIMEx_Break2Callback
 *fill*         0x000000000800d852        0x2 
 .text.__errno  0x000000000800d854        0xc c:/st/stm32cubeide_1.11.0/stm32cubeide/plugins/com.st.stm32cube.ide.mcu.externaltools.gnu-tools-for-stm32.10.3-2021.10.win32_1.0.100.202210260954/tools/bin/../lib/gcc/arm-none-eabi/10.3.1/../../../../arm-none-eabi/lib/thumb/v7e-m+dp/hard\libc_nano.a(lib_a-errno.o)
                0x000000000800d854                __errno
 .text.__libc_init_array
                0x000000000800d860       0x48 c:/st/stm32cubeide_1.11.0/stm32cubeide/plugins/com.st.stm32cube.ide.mcu.externaltools.gnu-tools-for-stm32.10.3-2021.10.win32_1.0.100.202210260954/tools/bin/../lib/gcc/arm-none-eabi/10.3.1/../../../../arm-none-eabi/lib/thumb/v7e-m+dp/hard\libc_nano.a(lib_a-init.o)
                0x000000000800d860                __libc_init_array
 .text.memcpy   0x000000000800d8a8       0x1c c:/st/stm32cubeide_1.11.0/stm32cubeide/plugins/com.st.stm32cube.ide.mcu.externaltools.gnu-tools-for-stm32.10.3-2021.10.win32_1.0.100.202210260954/tools/bin/../lib/gcc/arm-none-eabi/10.3.1/../../../../arm-none-eabi/lib/thumb/v7e-m+dp/hard\libc_nano.a(lib_a-memcpy-stub.o)
                0x000000000800d8a8                memcpy
 .text.memset   0x000000000800d8c4       0x10 c:/st/stm32cubeide_1.11.0/stm32cubeide/plugins/com.st.stm32cube.ide.mcu.externaltools.gnu-tools-for-stm32.10.3-2021.10.win32_1.0.100.202210260954/tools/bin/../lib/gcc/arm-none-eabi/10.3.1/../../../../arm-none-eabi/lib/thumb/v7e-m+dp/hard\libc_nano.a(lib_a-memset.o)
                0x000000000800d8c4                memset
 .text.sinf_poly
                0x000000000800d8d4       0x54 c:/st/stm32cubeide_1.11.0/stm32cubeide/plugins/com.st.stm32cube.ide.mcu.externaltools.gnu-tools-for-stm32.10.3-2021.10.win32_1.0.100.202210260954/tools/bin/../lib/gcc/arm-none-eabi/10.3.1/../../../../arm-none-eabi/lib/thumb/v7e-m+dp/hard\libm.a(lib_a-cosf.o)
 .text.cosf     0x000000000800d928      0x148 c:/st/stm32cubeide_1.11.0/stm32cubeide/plugins/com.st.stm32cube.ide.mcu.externaltools.gnu-tools-for-stm32.10.3-2021.10.win32_1.0.100.202210260954/tools/bin/../lib/gcc/arm-none-eabi/10.3.1/../../../../arm-none-eabi/lib/thumb/v7e-m+dp/hard\libm.a(lib_a-cosf.o)
                0x000000000800d928                cosf
 .text.log      0x000000000800da70      0x1f0 c:/st/stm32cubeide_1.11.0/stm32cubeide/plugins/com.st.stm32cube.ide.mcu.externaltools.gnu-tools-for-stm32.10.3-2021.10.win32_1.0.100.202210260954/tools/bin/../lib/gcc/arm-none-eabi/10.3.1/../../../../arm-none-eabi/lib/thumb/v7e-m+dp/hard\libm.a(lib_a-log.o)
                0x000000000800da70                log
 .text.with_errno
                0x000000000800dc60       0x16 c:/st/stm32cubeide_1.11.0/stm32cubeide/plugins/com.st.stm32cube.ide.mcu.externaltools.gnu-tools-for-stm32.10.3-2021.10.win32_1.0.100.202210260954/tools/bin/../lib/gcc/arm-none-eabi/10.3.1/../../../../arm-none-eabi/lib/thumb/v7e-m+dp/hard\libm.a(lib_a-math_err.o)
 *fill*         0x000000000800dc76        0x2 
 .text.__math_divzero
                0x000000000800dc78       0x30 c:/st/stm32cubeide_1.11.0/stm32cubeide/plugins/com.st.stm32cube.ide.mcu.externaltools.gnu-tools-for-stm32.10.3-2021.10.win32_1.0.100.202210260954/tools/bin/../lib/gcc/arm-none-eabi/10.3.1/../../../../arm-none-eabi/lib/thumb/v7e-m+dp/hard\libm.a(lib_a-math_err.o)
                0x000000000800dc78                __math_divzero
 .text.__math_invalid
                0x000000000800dca8       0x1e c:/st/stm32cubeide_1.11.0/stm32cubeide/plugins/com.st.stm32cube.ide.mcu.externaltools.gnu-tools-for-stm32.10.3-2021.10.win32_1.0.100.202210260954/tools/bin/../lib/gcc/arm-none-eabi/10.3.1/../../../../arm-none-eabi/lib/thumb/v7e-m+dp/hard\libm.a(lib_a-math_err.o)
                0x000000000800dca8                __math_invalid
 .text.with_errnof
                0x000000000800dcc6       0x16 c:/st/stm32cubeide_1.11.0/stm32cubeide/plugins/com.st.stm32cube.ide.mcu.externaltools.gnu-tools-for-stm32.10.3-2021.10.win32_1.0.100.202210260954/tools/bin/../lib/gcc/arm-none-eabi/10.3.1/../../../../arm-none-eabi/lib/thumb/v7e-m+dp/hard\libm.a(lib_a-math_errf.o)
 .text.__math_invalidf
                0x000000000800dcdc       0x1e c:/st/stm32cubeide_1.11.0/stm32cubeide/plugins/com.st.stm32cube.ide.mcu.externaltools.gnu-tools-for-stm32.10.3-2021.10.win32_1.0.100.202210260954/tools/bin/../lib/gcc/arm-none-eabi/10.3.1/../../../../arm-none-eabi/lib/thumb/v7e-m+dp/hard\libm.a(lib_a-math_errf.o)
                0x000000000800dcdc                __math_invalidf
 *fill*         0x000000000800dcfa        0x6 
 .text.cos      0x000000000800dd00       0x98 c:/st/stm32cubeide_1.11.0/stm32cubeide/plugins/com.st.stm32cube.ide.mcu.externaltools.gnu-tools-for-stm32.10.3-2021.10.win32_1.0.100.202210260954/tools/bin/../lib/gcc/arm-none-eabi/10.3.1/../../../../arm-none-eabi/lib/thumb/v7e-m+dp/hard\libm.a(lib_a-s_cos.o)
                0x000000000800dd00                cos
 .text.sin      0x000000000800dd98       0x98 c:/st/stm32cubeide_1.11.0/stm32cubeide/plugins/com.st.stm32cube.ide.mcu.externaltools.gnu-tools-for-stm32.10.3-2021.10.win32_1.0.100.202210260954/tools/bin/../lib/gcc/arm-none-eabi/10.3.1/../../../../arm-none-eabi/lib/thumb/v7e-m+dp/hard\libm.a(lib_a-s_sin.o)
                0x000000000800dd98                sin
 .text.sinf_poly
                0x000000000800de30       0x54 c:/st/stm32cubeide_1.11.0/stm32cubeide/plugins/com.st.stm32cube.ide.mcu.externaltools.gnu-tools-for-stm32.10.3-2021.10.win32_1.0.100.202210260954/tools/bin/../lib/gcc/arm-none-eabi/10.3.1/../../../../arm-none-eabi/lib/thumb/v7e-m+dp/hard\libm.a(lib_a-sinf.o)
 *fill*         0x000000000800de84        0x4 
 .text.sinf     0x000000000800de88      0x130 c:/st/stm32cubeide_1.11.0/stm32cubeide/plugins/com.st.stm32cube.ide.mcu.externaltools.gnu-tools-for-stm32.10.3-2021.10.win32_1.0.100.202210260954/tools/bin/../lib/gcc/arm-none-eabi/10.3.1/../../../../arm-none-eabi/lib/thumb/v7e-m+dp/hard\libm.a(lib_a-sinf.o)
                0x000000000800de88                sinf
 .text.fmod     0x000000000800dfb8       0x48 c:/st/stm32cubeide_1.11.0/stm32cubeide/plugins/com.st.stm32cube.ide.mcu.externaltools.gnu-tools-for-stm32.10.3-2021.10.win32_1.0.100.202210260954/tools/bin/../lib/gcc/arm-none-eabi/10.3.1/../../../../arm-none-eabi/lib/thumb/v7e-m+dp/hard\libm.a(lib_a-w_fmod.o)
                0x000000000800dfb8                fmod
 .text.fmodf    0x000000000800e000       0x40 c:/st/stm32cubeide_1.11.0/stm32cubeide/plugins/com.st.stm32cube.ide.mcu.externaltools.gnu-tools-for-stm32.10.3-2021.10.win32_1.0.100.202210260954/tools/bin/../lib/gcc/arm-none-eabi/10.3.1/../../../../arm-none-eabi/lib/thumb/v7e-m+dp/hard\libm.a(lib_a-wf_fmod.o)
                0x000000000800e000                fmodf
 .text.__ieee754_fmod
                0x000000000800e040      0x224 c:/st/stm32cubeide_1.11.0/stm32cubeide/plugins/com.st.stm32cube.ide.mcu.externaltools.gnu-tools-for-stm32.10.3-2021.10.win32_1.0.100.202210260954/tools/bin/../lib/gcc/arm-none-eabi/10.3.1/../../../../arm-none-eabi/lib/thumb/v7e-m+dp/hard\libm.a(lib_a-e_fmod.o)
                0x000000000800e040                __ieee754_fmod
 *fill*         0x000000000800e264        0x4 
 .text.__ieee754_rem_pio2
                0x000000000800e268      0x288 c:/st/stm32cubeide_1.11.0/stm32cubeide/plugins/com.st.stm32cube.ide.mcu.externaltools.gnu-tools-for-stm32.10.3-2021.10.win32_1.0.100.202210260954/tools/bin/../lib/gcc/arm-none-eabi/10.3.1/../../../../arm-none-eabi/lib/thumb/v7e-m+dp/hard\libm.a(lib_a-e_rem_pio2.o)
                0x000000000800e268                __ieee754_rem_pio2
 .text.__ieee754_fmodf
                0x000000000800e4f0      0x104 c:/st/stm32cubeide_1.11.0/stm32cubeide/plugins/com.st.stm32cube.ide.mcu.externaltools.gnu-tools-for-stm32.10.3-2021.10.win32_1.0.100.202210260954/tools/bin/../lib/gcc/arm-none-eabi/10.3.1/../../../../arm-none-eabi/lib/thumb/v7e-m+dp/hard\libm.a(lib_a-ef_fmod.o)
                0x000000000800e4f0                __ieee754_fmodf
 *fill*         0x000000000800e5f4        0x4 
 .text.__kernel_cos
                0x000000000800e5f8       0xd8 c:/st/stm32cubeide_1.11.0/stm32cubeide/plugins/com.st.stm32cube.ide.mcu.externaltools.gnu-tools-for-stm32.10.3-2021.10.win32_1.0.100.202210260954/tools/bin/../lib/gcc/arm-none-eabi/10.3.1/../../../../arm-none-eabi/lib/thumb/v7e-m+dp/hard\libm.a(lib_a-k_cos.o)
                0x000000000800e5f8                __kernel_cos
 .text.__kernel_rem_pio2
                0x000000000800e6d0      0x530 c:/st/stm32cubeide_1.11.0/stm32cubeide/plugins/com.st.stm32cube.ide.mcu.externaltools.gnu-tools-for-stm32.10.3-2021.10.win32_1.0.100.202210260954/tools/bin/../lib/gcc/arm-none-eabi/10.3.1/../../../../arm-none-eabi/lib/thumb/v7e-m+dp/hard\libm.a(lib_a-k_rem_pio2.o)
                0x000000000800e6d0                __kernel_rem_pio2
 .text.__kernel_sin
                0x000000000800ec00       0xb0 c:/st/stm32cubeide_1.11.0/stm32cubeide/plugins/com.st.stm32cube.ide.mcu.externaltools.gnu-tools-for-stm32.10.3-2021.10.win32_1.0.100.202210260954/tools/bin/../lib/gcc/arm-none-eabi/10.3.1/../../../../arm-none-eabi/lib/thumb/v7e-m+dp/hard\libm.a(lib_a-k_sin.o)
                0x000000000800ec00                __kernel_sin
 .text.fabs     0x000000000800ecb0       0x12 c:/st/stm32cubeide_1.11.0/stm32cubeide/plugins/com.st.stm32cube.ide.mcu.externaltools.gnu-tools-for-stm32.10.3-2021.10.win32_1.0.100.202210260954/tools/bin/../lib/gcc/arm-none-eabi/10.3.1/../../../../arm-none-eabi/lib/thumb/v7e-m+dp/hard\libm.a(lib_a-s_fabs.o)
                0x000000000800ecb0                fabs
 *fill*         0x000000000800ecc2        0x6 
 .text.floor    0x000000000800ecc8       0xe8 c:/st/stm32cubeide_1.11.0/stm32cubeide/plugins/com.st.stm32cube.ide.mcu.externaltools.gnu-tools-for-stm32.10.3-2021.10.win32_1.0.100.202210260954/tools/bin/../lib/gcc/arm-none-eabi/10.3.1/../../../../arm-none-eabi/lib/thumb/v7e-m+dp/hard\libm.a(lib_a-s_floor.o)
                0x000000000800ecc8                floor
 .text.scalbn   0x000000000800edb0      0x114 c:/st/stm32cubeide_1.11.0/stm32cubeide/plugins/com.st.stm32cube.ide.mcu.externaltools.gnu-tools-for-stm32.10.3-2021.10.win32_1.0.100.202210260954/tools/bin/../lib/gcc/arm-none-eabi/10.3.1/../../../../arm-none-eabi/lib/thumb/v7e-m+dp/hard\libm.a(lib_a-s_scalbn.o)
                0x000000000800edb0                scalbn
 *(.glue_7)
 .glue_7        0x000000000800eec4        0x0 linker stubs
 *(.glue_7t)
 .glue_7t       0x000000000800eec4        0x0 linker stubs
 *(.eh_frame)
 .eh_frame      0x000000000800eec4        0x0 c:/st/stm32cubeide_1.11.0/stm32cubeide/plugins/com.st.stm32cube.ide.mcu.externaltools.gnu-tools-for-stm32.10.3-2021.10.win32_1.0.100.202210260954/tools/bin/../lib/gcc/arm-none-eabi/10.3.1/thumb/v7e-m+dp/hard/crtbegin.o
 *(.init)
 .init          0x000000000800eec4        0x4 c:/st/stm32cubeide_1.11.0/stm32cubeide/plugins/com.st.stm32cube.ide.mcu.externaltools.gnu-tools-for-stm32.10.3-2021.10.win32_1.0.100.202210260954/tools/bin/../lib/gcc/arm-none-eabi/10.3.1/thumb/v7e-m+dp/hard/crti.o
                0x000000000800eec4                _init
 .init          0x000000000800eec8        0x8 c:/st/stm32cubeide_1.11.0/stm32cubeide/plugins/com.st.stm32cube.ide.mcu.externaltools.gnu-tools-for-stm32.10.3-2021.10.win32_1.0.100.202210260954/tools/bin/../lib/gcc/arm-none-eabi/10.3.1/thumb/v7e-m+dp/hard/crtn.o
 *(.fini)
 .fini          0x000000000800eed0        0x4 c:/st/stm32cubeide_1.11.0/stm32cubeide/plugins/com.st.stm32cube.ide.mcu.externaltools.gnu-tools-for-stm32.10.3-2021.10.win32_1.0.100.202210260954/tools/bin/../lib/gcc/arm-none-eabi/10.3.1/thumb/v7e-m+dp/hard/crti.o
                0x000000000800eed0                _fini
 .fini          0x000000000800eed4        0x8 c:/st/stm32cubeide_1.11.0/stm32cubeide/plugins/com.st.stm32cube.ide.mcu.externaltools.gnu-tools-for-stm32.10.3-2021.10.win32_1.0.100.202210260954/tools/bin/../lib/gcc/arm-none-eabi/10.3.1/thumb/v7e-m+dp/hard/crtn.o
                0x000000000800eedc                . = ALIGN (0x4)
                0x000000000800eedc                _etext = .

.vfp11_veneer   0x000000000800eedc        0x0
 .vfp11_veneer  0x000000000800eedc        0x0 linker stubs

.v4_bx          0x000000000800eedc        0x0
 .v4_bx         0x000000000800eedc        0x0 linker stubs

.iplt           0x000000000800eedc        0x0
 .iplt          0x000000000800eedc        0x0 c:/st/stm32cubeide_1.11.0/stm32cubeide/plugins/com.st.stm32cube.ide.mcu.externaltools.gnu-tools-for-stm32.10.3-2021.10.win32_1.0.100.202210260954/tools/bin/../lib/gcc/arm-none-eabi/10.3.1/thumb/v7e-m+dp/hard/crtbegin.o

.rodata         0x000000000800eee0     0x9998
                0x000000000800eee0                . = ALIGN (0x4)
 *(.rodata)
 .rodata        0x000000000800eee0       0x4c ./Drivers/STM32H7xx_HAL_Driver/Src/stm32h7xx_hal_fdcan.o
 *(.rodata*)
 .rodata.FOC_LivGguard_M
                0x000000000800ef2c        0x4 ./Core/Src/FOC_LivGguard.o
                0x000000000800ef2c                FOC_LivGguard_M
 .rodata.FOC_LivGguard_ConstP
                0x000000000800ef30     0x8d20 ./Core/Src/FOC_LivGguard_data.o
                0x000000000800ef30                FOC_LivGguard_ConstP
 .rodata.MCU_Protections_initialize.str1.4
                0x0000000008017c50       0x12 ./Core/Src/MCU_Protections.o
 *fill*         0x0000000008017c62        0x6 
 .rodata.MCU_Protections_ConstB
                0x0000000008017c68       0x20 ./Core/Src/MCU_Protections_data.o
                0x0000000008017c68                MCU_Protections_ConstB
 .rodata.rt_OneStep.str1.4
                0x0000000008017c88        0x8 ./Core/Src/main.o
 .rodata.D1CorePrescTable
                0x0000000008017c90       0x10 ./Core/Src/system_stm32h7xx.o
                0x0000000008017c90                D1CorePrescTable
 .rodata.flagBitshiftOffset.0
                0x0000000008017ca0        0x8 ./Drivers/STM32H7xx_HAL_Driver/Src/stm32h7xx_hal_dma.o
 .rodata.DLCtoBytes
                0x0000000008017ca8       0x10 ./Drivers/STM32H7xx_HAL_Driver/Src/stm32h7xx_hal_fdcan.o
 .rodata.__log_data
                0x0000000008017cb8      0x890 c:/st/stm32cubeide_1.11.0/stm32cubeide/plugins/com.st.stm32cube.ide.mcu.externaltools.gnu-tools-for-stm32.10.3-2021.10.win32_1.0.100.202210260954/tools/bin/../lib/gcc/arm-none-eabi/10.3.1/../../../../arm-none-eabi/lib/thumb/v7e-m+dp/hard\libm.a(lib_a-log_data.o)
                0x0000000008017cb8                __log_data
 .rodata.__inv_pio4
                0x0000000008018548       0x60 c:/st/stm32cubeide_1.11.0/stm32cubeide/plugins/com.st.stm32cube.ide.mcu.externaltools.gnu-tools-for-stm32.10.3-2021.10.win32_1.0.100.202210260954/tools/bin/../lib/gcc/arm-none-eabi/10.3.1/../../../../arm-none-eabi/lib/thumb/v7e-m+dp/hard\libm.a(lib_a-sincosf_data.o)
                0x0000000008018548                __inv_pio4
 .rodata.__sincosf_table
                0x00000000080185a8       0xe0 c:/st/stm32cubeide_1.11.0/stm32cubeide/plugins/com.st.stm32cube.ide.mcu.externaltools.gnu-tools-for-stm32.10.3-2021.10.win32_1.0.100.202210260954/tools/bin/../lib/gcc/arm-none-eabi/10.3.1/../../../../arm-none-eabi/lib/thumb/v7e-m+dp/hard\libm.a(lib_a-sincosf_data.o)
                0x00000000080185a8                __sincosf_table
 .rodata.Zero   0x0000000008018688       0x10 c:/st/stm32cubeide_1.11.0/stm32cubeide/plugins/com.st.stm32cube.ide.mcu.externaltools.gnu-tools-for-stm32.10.3-2021.10.win32_1.0.100.202210260954/tools/bin/../lib/gcc/arm-none-eabi/10.3.1/../../../../arm-none-eabi/lib/thumb/v7e-m+dp/hard\libm.a(lib_a-e_fmod.o)
 .rodata.npio2_hw
                0x0000000008018698       0x80 c:/st/stm32cubeide_1.11.0/stm32cubeide/plugins/com.st.stm32cube.ide.mcu.externaltools.gnu-tools-for-stm32.10.3-2021.10.win32_1.0.100.202210260954/tools/bin/../lib/gcc/arm-none-eabi/10.3.1/../../../../arm-none-eabi/lib/thumb/v7e-m+dp/hard\libm.a(lib_a-e_rem_pio2.o)
 .rodata.two_over_pi
                0x0000000008018718      0x108 c:/st/stm32cubeide_1.11.0/stm32cubeide/plugins/com.st.stm32cube.ide.mcu.externaltools.gnu-tools-for-stm32.10.3-2021.10.win32_1.0.100.202210260954/tools/bin/../lib/gcc/arm-none-eabi/10.3.1/../../../../arm-none-eabi/lib/thumb/v7e-m+dp/hard\libm.a(lib_a-e_rem_pio2.o)
 .rodata.Zero   0x0000000008018820        0x8 c:/st/stm32cubeide_1.11.0/stm32cubeide/plugins/com.st.stm32cube.ide.mcu.externaltools.gnu-tools-for-stm32.10.3-2021.10.win32_1.0.100.202210260954/tools/bin/../lib/gcc/arm-none-eabi/10.3.1/../../../../arm-none-eabi/lib/thumb/v7e-m+dp/hard\libm.a(lib_a-ef_fmod.o)
 .rodata.PIo2   0x0000000008018828       0x40 c:/st/stm32cubeide_1.11.0/stm32cubeide/plugins/com.st.stm32cube.ide.mcu.externaltools.gnu-tools-for-stm32.10.3-2021.10.win32_1.0.100.202210260954/tools/bin/../lib/gcc/arm-none-eabi/10.3.1/../../../../arm-none-eabi/lib/thumb/v7e-m+dp/hard\libm.a(lib_a-k_rem_pio2.o)
 .rodata.init_jk
                0x0000000008018868       0x10 c:/st/stm32cubeide_1.11.0/stm32cubeide/plugins/com.st.stm32cube.ide.mcu.externaltools.gnu-tools-for-stm32.10.3-2021.10.win32_1.0.100.202210260954/tools/bin/../lib/gcc/arm-none-eabi/10.3.1/../../../../arm-none-eabi/lib/thumb/v7e-m+dp/hard\libm.a(lib_a-k_rem_pio2.o)
                0x0000000008018878                . = ALIGN (0x4)

.rel.dyn        0x0000000008018878        0x0
 .rel.iplt      0x0000000008018878        0x0 c:/st/stm32cubeide_1.11.0/stm32cubeide/plugins/com.st.stm32cube.ide.mcu.externaltools.gnu-tools-for-stm32.10.3-2021.10.win32_1.0.100.202210260954/tools/bin/../lib/gcc/arm-none-eabi/10.3.1/thumb/v7e-m+dp/hard/crtbegin.o

.ARM.extab
 *(.ARM.extab* .gnu.linkonce.armextab.*)

.ARM            0x0000000008018878        0x0
                0x0000000008018878                __exidx_start = .
 *(.ARM.exidx*)
                0x0000000008018878                __exidx_end = .

.preinit_array  0x0000000008018878        0x0
                0x0000000008018878                PROVIDE (__preinit_array_start = .)
 *(.preinit_array*)
                0x0000000008018878                PROVIDE (__preinit_array_end = .)

.init_array     0x0000000008018878        0x4
                0x0000000008018878                PROVIDE (__init_array_start = .)
 *(SORT_BY_NAME(.init_array.*))
 *(.init_array*)
 .init_array    0x0000000008018878        0x4 c:/st/stm32cubeide_1.11.0/stm32cubeide/plugins/com.st.stm32cube.ide.mcu.externaltools.gnu-tools-for-stm32.10.3-2021.10.win32_1.0.100.202210260954/tools/bin/../lib/gcc/arm-none-eabi/10.3.1/thumb/v7e-m+dp/hard/crtbegin.o
                0x000000000801887c                PROVIDE (__init_array_end = .)

.fini_array     0x000000000801887c        0x4
                [!provide]                        PROVIDE (__fini_array_start = .)
 *(SORT_BY_NAME(.fini_array.*))
 *(.fini_array*)
 .fini_array    0x000000000801887c        0x4 c:/st/stm32cubeide_1.11.0/stm32cubeide/plugins/com.st.stm32cube.ide.mcu.externaltools.gnu-tools-for-stm32.10.3-2021.10.win32_1.0.100.202210260954/tools/bin/../lib/gcc/arm-none-eabi/10.3.1/thumb/v7e-m+dp/hard/crtbegin.o
                [!provide]                        PROVIDE (__fini_array_end = .)
                0x0000000008018880                _sidata = LOADADDR (.data)

.data           0x0000000024000000      0x15c load address 0x0000000008018880
                0x0000000024000000                . = ALIGN (0x4)
                0x0000000024000000                _sdata = .
 *(.data)
 *(.data*)
 .data.cS       0x0000000024000000        0x1 ./Core/Src/main.o
                0x0000000024000000                cS
 *fill*         0x0000000024000001        0x3 
 .data.d        0x0000000024000004       0xcc ./Core/Src/main.o
                0x0000000024000004                d
 .data.fnr_state
                0x00000000240000d0        0x1 ./Core/Src/main.o
                0x00000000240000d0                fnr_state
 *fill*         0x00000000240000d1        0x3 
 .data.heart_beat_init
                0x00000000240000d4        0x8 ./Core/Src/main.o
                0x00000000240000d4                heart_beat_init
 *fill*         0x00000000240000dc        0x4 
 .data.rtNaN    0x00000000240000e0        0x8 ./Core/Src/rt_nonfinite.o
                0x00000000240000e0                rtNaN
 .data.SystemCoreClock
                0x00000000240000e8        0x4 ./Core/Src/system_stm32h7xx.o
                0x00000000240000e8                SystemCoreClock
 .data.SystemD2Clock
                0x00000000240000ec        0x4 ./Core/Src/system_stm32h7xx.o
                0x00000000240000ec                SystemD2Clock
 .data.uwTickFreq
                0x00000000240000f0        0x1 ./Drivers/STM32H7xx_HAL_Driver/Src/stm32h7xx_hal.o
                0x00000000240000f0                uwTickFreq
 *fill*         0x00000000240000f1        0x3 
 .data.uwTickPrio
                0x00000000240000f4        0x4 ./Drivers/STM32H7xx_HAL_Driver/Src/stm32h7xx_hal.o
                0x00000000240000f4                uwTickPrio
 .data._impure_ptr
                0x00000000240000f8        0x4 c:/st/stm32cubeide_1.11.0/stm32cubeide/plugins/com.st.stm32cube.ide.mcu.externaltools.gnu-tools-for-stm32.10.3-2021.10.win32_1.0.100.202210260954/tools/bin/../lib/gcc/arm-none-eabi/10.3.1/../../../../arm-none-eabi/lib/thumb/v7e-m+dp/hard\libc_nano.a(lib_a-impure.o)
                0x00000000240000f8                _impure_ptr
 .data.impure_data
                0x00000000240000fc       0x60 c:/st/stm32cubeide_1.11.0/stm32cubeide/plugins/com.st.stm32cube.ide.mcu.externaltools.gnu-tools-for-stm32.10.3-2021.10.win32_1.0.100.202210260954/tools/bin/../lib/gcc/arm-none-eabi/10.3.1/../../../../arm-none-eabi/lib/thumb/v7e-m+dp/hard\libc_nano.a(lib_a-impure.o)
 *(.RamFunc)
 *(.RamFunc*)
                0x000000002400015c                . = ALIGN (0x4)
                0x000000002400015c                _edata = .

.igot.plt       0x000000002400015c        0x0 load address 0x00000000080189dc
 .igot.plt      0x000000002400015c        0x0 c:/st/stm32cubeide_1.11.0/stm32cubeide/plugins/com.st.stm32cube.ide.mcu.externaltools.gnu-tools-for-stm32.10.3-2021.10.win32_1.0.100.202210260954/tools/bin/../lib/gcc/arm-none-eabi/10.3.1/thumb/v7e-m+dp/hard/crtbegin.o
                0x000000002400015c                . = ALIGN (0x4)

.bss            0x0000000024000160      0xcbc load address 0x00000000080189dc
                0x0000000024000160                _sbss = .
                0x0000000024000160                __bss_start__ = _sbss
 *(.bss)
 .bss           0x0000000024000160       0x1c c:/st/stm32cubeide_1.11.0/stm32cubeide/plugins/com.st.stm32cube.ide.mcu.externaltools.gnu-tools-for-stm32.10.3-2021.10.win32_1.0.100.202210260954/tools/bin/../lib/gcc/arm-none-eabi/10.3.1/thumb/v7e-m+dp/hard/crtbegin.o
 *(.bss*)
 *fill*         0x000000002400017c        0x4 
 .bss.FOC_LivGguard_B
                0x0000000024000180       0x18 ./Core/Src/FOC_LivGguard.o
                0x0000000024000180                FOC_LivGguard_B
 .bss.FOC_LivGguard_DW
                0x0000000024000198       0x68 ./Core/Src/FOC_LivGguard.o
                0x0000000024000198                FOC_LivGguard_DW
 .bss.FOC_LivGguard_M_
                0x0000000024000200        0x8 ./Core/Src/FOC_LivGguard.o
 .bss.FOC_LivGguard_U
                0x0000000024000208      0x130 ./Core/Src/FOC_LivGguard.o
                0x0000000024000208                FOC_LivGguard_U
 .bss.FOC_LivGguard_Y
                0x0000000024000338       0xe8 ./Core/Src/FOC_LivGguard.o
                0x0000000024000338                FOC_LivGguard_Y
 .bss.MCU_Protections_B
                0x0000000024000420        0x6 ./Core/Src/MCU_Protections.o
                0x0000000024000420                MCU_Protections_B
 *fill*         0x0000000024000426        0x2 
 .bss.MCU_Protections_DW
                0x0000000024000428       0x90 ./Core/Src/MCU_Protections.o
                0x0000000024000428                MCU_Protections_DW
 .bss.MCU_Protections_M_
                0x00000000240004b8      0x140 ./Core/Src/MCU_Protections.o
 .bss.MCU_Protections_PrevZCX
                0x00000000240005f8        0x2 ./Core/Src/MCU_Protections.o
                0x00000000240005f8                MCU_Protections_PrevZCX
 *fill*         0x00000000240005fa        0x6 
 .bss.MCU_Protections_U
                0x0000000024000600       0x80 ./Core/Src/MCU_Protections.o
                0x0000000024000600                MCU_Protections_U
 .bss.MCU_Protections_Y
                0x0000000024000680        0x5 ./Core/Src/MCU_Protections.o
                0x0000000024000680                MCU_Protections_Y
 *fill*         0x0000000024000685        0x3 
 .bss.Open_FOC0_B
                0x0000000024000688      0x260 ./Core/Src/Open_FOC0.o
                0x0000000024000688                Open_FOC0_B
 .bss.Open_FOC0_DW
                0x00000000240008e8       0x38 ./Core/Src/Open_FOC0.o
                0x00000000240008e8                Open_FOC0_DW
 .bss.Open_FOC0_U
                0x0000000024000920       0xb8 ./Core/Src/Open_FOC0.o
                0x0000000024000920                Open_FOC0_U
 .bss.Open_FOC0_Y
                0x00000000240009d8       0x28 ./Core/Src/Open_FOC0.o
                0x00000000240009d8                Open_FOC0_Y
 .bss.limiter   0x0000000024000a00       0x14 ./Core/Src/Rate_Limiter.o
                0x0000000024000a00                limiter
 .bss.count.0   0x0000000024000a14        0x2 ./Core/Src/Sensor_Disconnection_Checks.o
 .bss.count.1   0x0000000024000a16        0x2 ./Core/Src/Sensor_Disconnection_Checks.o
 .bss.count.2   0x0000000024000a18        0x2 ./Core/Src/Sensor_Disconnection_Checks.o
 .bss.encoder_5v_fault_check_count.3
                0x0000000024000a1a        0x2 ./Core/Src/Sensor_Disconnection_Checks.o
 .bss.encoder_ab_fault_check_count.5
                0x0000000024000a1c        0x2 ./Core/Src/Sensor_Disconnection_Checks.o
 .bss.encoder_z_fault_check_count.4
                0x0000000024000a1e        0x2 ./Core/Src/Sensor_Disconnection_Checks.o
 .bss.cosine_rotor_prev.1
                0x0000000024000a20        0x4 ./Core/Src/Speed_Sensing.o
 .bss.prev_filtered_speed.7
                0x0000000024000a24        0x4 ./Core/Src/Speed_Sensing.o
 .bss.prev_speed.6
                0x0000000024000a28        0x4 ./Core/Src/Speed_Sensing.o
 .bss.sine_rotor_prev.4
                0x0000000024000a2c        0x4 ./Core/Src/Speed_Sensing.o
 .bss.count.0   0x0000000024000a30        0x1 ./Core/Src/alignment_routine.o
 *fill*         0x0000000024000a31        0x3 
 .bss.can_tx_queue
                0x0000000024000a34       0x38 ./Core/Src/fdcan.o
                0x0000000024000a34                can_tx_queue
 .bss.OverrunFlags.2
                0x0000000024000a6c        0x2 ./Core/Src/main.o
 *fill*         0x0000000024000a6e        0x2 
 .bss.adc1_buffer
                0x0000000024000a70        0xa ./Core/Src/main.o
                0x0000000024000a70                adc1_buffer
 .bss.can_counter.3
                0x0000000024000a7a        0x2 ./Core/Src/main.o
 .bss.counter   0x0000000024000a7c        0x2 ./Core/Src/main.o
                0x0000000024000a7c                counter
 *fill*         0x0000000024000a7e        0x2 
 .bss.currSensOff
                0x0000000024000a80        0x4 ./Core/Src/main.o
                0x0000000024000a80                currSensOff
 .bss.er        0x0000000024000a84       0x13 ./Core/Src/main.o
                0x0000000024000a84                er
 .bss.err       0x0000000024000a97        0x1 ./Core/Src/main.o
                0x0000000024000a97                err
 .bss.eventFlags.0
                0x0000000024000a98        0x2 ./Core/Src/main.o
 *fill*         0x0000000024000a9a        0x2 
 .bss.hadc1     0x0000000024000a9c       0x64 ./Core/Src/main.o
                0x0000000024000a9c                hadc1
 .bss.hadc2     0x0000000024000b00       0x64 ./Core/Src/main.o
                0x0000000024000b00                hadc2
 .bss.hdma_adc1
                0x0000000024000b64       0x78 ./Core/Src/main.o
                0x0000000024000b64                hdma_adc1
 .bss.hfdcan2   0x0000000024000bdc       0xa0 ./Core/Src/main.o
                0x0000000024000bdc                hfdcan2
 .bss.hi2c2     0x0000000024000c7c       0x54 ./Core/Src/main.o
                0x0000000024000c7c                hi2c2
 .bss.htim1     0x0000000024000cd0       0x4c ./Core/Src/main.o
                0x0000000024000cd0                htim1
 .bss.htim17    0x0000000024000d1c       0x4c ./Core/Src/main.o
                0x0000000024000d1c                htim17
 .bss.htim2     0x0000000024000d68       0x4c ./Core/Src/main.o
                0x0000000024000d68                htim2
 .bss.htim5     0x0000000024000db4       0x4c ./Core/Src/main.o
                0x0000000024000db4                htim5
 .bss.ia_offset
                0x0000000024000e00        0x4 ./Core/Src/main.o
                0x0000000024000e00                ia_offset
 .bss.ib_offset
                0x0000000024000e04        0x4 ./Core/Src/main.o
                0x0000000024000e04                ib_offset
 .bss.injectedVal
                0x0000000024000e08        0x4 ./Core/Src/main.o
                0x0000000024000e08                injectedVal
 .bss.taskCounter.1
                0x0000000024000e0c        0x8 ./Core/Src/main.o
 .bss.HAL_RCC_ADC12_CLK_ENABLED
                0x0000000024000e14        0x4 ./Core/Src/stm32h7xx_hal_msp.o
 .bss.uwTick    0x0000000024000e18        0x4 ./Drivers/STM32H7xx_HAL_Driver/Src/stm32h7xx_hal.o
                0x0000000024000e18                uwTick
 *(COMMON)
                0x0000000024000e1c                . = ALIGN (0x4)
                0x0000000024000e1c                _ebss = .
                0x0000000024000e1c                __bss_end__ = _ebss

._user_heap_stack
                0x0000000024000e1c      0x604 load address 0x00000000080189dc
                0x0000000024000e20                . = ALIGN (0x8)
 *fill*         0x0000000024000e1c        0x4 
                [!provide]                        PROVIDE (end = .)
                0x0000000024000e20                PROVIDE (_end = .)
                0x0000000024001020                . = (. + _Min_Heap_Size)
 *fill*         0x0000000024000e20      0x200 
                0x0000000024001420                . = (. + _Min_Stack_Size)
 *fill*         0x0000000024001020      0x400 
                0x0000000024001420                . = ALIGN (0x8)

/DISCARD/
 libc.a(*)
 libm.a(*)
 libgcc.a(*)

.ARM.attributes
                0x0000000000000000       0x2e
 *(.ARM.attributes)
 .ARM.attributes
                0x0000000000000000       0x1e c:/st/stm32cubeide_1.11.0/stm32cubeide/plugins/com.st.stm32cube.ide.mcu.externaltools.gnu-tools-for-stm32.10.3-2021.10.win32_1.0.100.202210260954/tools/bin/../lib/gcc/arm-none-eabi/10.3.1/thumb/v7e-m+dp/hard/crti.o
 .ARM.attributes
                0x000000000000001e       0x32 c:/st/stm32cubeide_1.11.0/stm32cubeide/plugins/com.st.stm32cube.ide.mcu.externaltools.gnu-tools-for-stm32.10.3-2021.10.win32_1.0.100.202210260954/tools/bin/../lib/gcc/arm-none-eabi/10.3.1/thumb/v7e-m+dp/hard/crtbegin.o
 .ARM.attributes
                0x0000000000000050       0x32 ./Core/Src/Eeprom.o
 .ARM.attributes
                0x0000000000000082       0x32 ./Core/Src/FOC_LivGguard.o
 .ARM.attributes
                0x00000000000000b4       0x32 ./Core/Src/FOC_LivGguard_data.o
 .ARM.attributes
                0x00000000000000e6       0x32 ./Core/Src/MCU_Protections.o
 .ARM.attributes
                0x0000000000000118       0x32 ./Core/Src/MCU_Protections_data.o
 .ARM.attributes
                0x000000000000014a       0x32 ./Core/Src/NTC_Temp_Reading.o
 .ARM.attributes
                0x000000000000017c       0x32 ./Core/Src/Open_FOC0.o
 .ARM.attributes
                0x00000000000001ae       0x32 ./Core/Src/Rate_Limiter.o
 .ARM.attributes
                0x00000000000001e0       0x32 ./Core/Src/Sensor_Disconnection_Checks.o
 .ARM.attributes
                0x0000000000000212       0x32 ./Core/Src/Speed_Sensing.o
 .ARM.attributes
                0x0000000000000244       0x32 ./Core/Src/alignment_routine.o
 .ARM.attributes
                0x0000000000000276       0x32 ./Core/Src/fdcan.o
 .ARM.attributes
                0x00000000000002a8       0x32 ./Core/Src/main.o
 .ARM.attributes
                0x00000000000002da       0x32 ./Core/Src/rt_nonfinite.o
 .ARM.attributes
                0x000000000000030c       0x32 ./Core/Src/stm32h7xx_hal_msp.o
 .ARM.attributes
                0x000000000000033e       0x32 ./Core/Src/stm32h7xx_it.o
 .ARM.attributes
                0x0000000000000370       0x32 ./Core/Src/system_stm32h7xx.o
 .ARM.attributes
                0x00000000000003a2       0x21 ./Core/Startup/startup_stm32h743zitx.o
 .ARM.attributes
                0x00000000000003c3       0x32 ./Drivers/STM32H7xx_HAL_Driver/Src/stm32h7xx_hal.o
 .ARM.attributes
                0x00000000000003f5       0x32 ./Drivers/STM32H7xx_HAL_Driver/Src/stm32h7xx_hal_adc.o
 .ARM.attributes
                0x0000000000000427       0x32 ./Drivers/STM32H7xx_HAL_Driver/Src/stm32h7xx_hal_adc_ex.o
 .ARM.attributes
                0x0000000000000459       0x32 ./Drivers/STM32H7xx_HAL_Driver/Src/stm32h7xx_hal_cortex.o
 .ARM.attributes
                0x000000000000048b       0x32 ./Drivers/STM32H7xx_HAL_Driver/Src/stm32h7xx_hal_dma.o
 .ARM.attributes
                0x00000000000004bd       0x32 ./Drivers/STM32H7xx_HAL_Driver/Src/stm32h7xx_hal_fdcan.o
 .ARM.attributes
                0x00000000000004ef       0x32 ./Drivers/STM32H7xx_HAL_Driver/Src/stm32h7xx_hal_gpio.o
 .ARM.attributes
                0x0000000000000521       0x32 ./Drivers/STM32H7xx_HAL_Driver/Src/stm32h7xx_hal_i2c.o
 .ARM.attributes
                0x0000000000000553       0x32 ./Drivers/STM32H7xx_HAL_Driver/Src/stm32h7xx_hal_i2c_ex.o
 .ARM.attributes
                0x0000000000000585       0x32 ./Drivers/STM32H7xx_HAL_Driver/Src/stm32h7xx_hal_pwr_ex.o
 .ARM.attributes
                0x00000000000005b7       0x32 ./Drivers/STM32H7xx_HAL_Driver/Src/stm32h7xx_hal_rcc.o
 .ARM.attributes
                0x00000000000005e9       0x32 ./Drivers/STM32H7xx_HAL_Driver/Src/stm32h7xx_hal_rcc_ex.o
 .ARM.attributes
                0x000000000000061b       0x32 ./Drivers/STM32H7xx_HAL_Driver/Src/stm32h7xx_hal_tim.o
 .ARM.attributes
                0x000000000000064d       0x32 ./Drivers/STM32H7xx_HAL_Driver/Src/stm32h7xx_hal_tim_ex.o
 .ARM.attributes
                0x000000000000067f       0x32 c:/st/stm32cubeide_1.11.0/stm32cubeide/plugins/com.st.stm32cube.ide.mcu.externaltools.gnu-tools-for-stm32.10.3-2021.10.win32_1.0.100.202210260954/tools/bin/../lib/gcc/arm-none-eabi/10.3.1/../../../../arm-none-eabi/lib/thumb/v7e-m+dp/hard\libc_nano.a(lib_a-errno.o)
 .ARM.attributes
                0x00000000000006b1       0x32 c:/st/stm32cubeide_1.11.0/stm32cubeide/plugins/com.st.stm32cube.ide.mcu.externaltools.gnu-tools-for-stm32.10.3-2021.10.win32_1.0.100.202210260954/tools/bin/../lib/gcc/arm-none-eabi/10.3.1/../../../../arm-none-eabi/lib/thumb/v7e-m+dp/hard\libc_nano.a(lib_a-impure.o)
 .ARM.attributes
                0x00000000000006e3       0x32 c:/st/stm32cubeide_1.11.0/stm32cubeide/plugins/com.st.stm32cube.ide.mcu.externaltools.gnu-tools-for-stm32.10.3-2021.10.win32_1.0.100.202210260954/tools/bin/../lib/gcc/arm-none-eabi/10.3.1/../../../../arm-none-eabi/lib/thumb/v7e-m+dp/hard\libc_nano.a(lib_a-init.o)
 .ARM.attributes
                0x0000000000000715       0x32 c:/st/stm32cubeide_1.11.0/stm32cubeide/plugins/com.st.stm32cube.ide.mcu.externaltools.gnu-tools-for-stm32.10.3-2021.10.win32_1.0.100.202210260954/tools/bin/../lib/gcc/arm-none-eabi/10.3.1/../../../../arm-none-eabi/lib/thumb/v7e-m+dp/hard\libc_nano.a(lib_a-memcpy-stub.o)
 .ARM.attributes
                0x0000000000000747       0x32 c:/st/stm32cubeide_1.11.0/stm32cubeide/plugins/com.st.stm32cube.ide.mcu.externaltools.gnu-tools-for-stm32.10.3-2021.10.win32_1.0.100.202210260954/tools/bin/../lib/gcc/arm-none-eabi/10.3.1/../../../../arm-none-eabi/lib/thumb/v7e-m+dp/hard\libc_nano.a(lib_a-memset.o)
 .ARM.attributes
                0x0000000000000779       0x32 c:/st/stm32cubeide_1.11.0/stm32cubeide/plugins/com.st.stm32cube.ide.mcu.externaltools.gnu-tools-for-stm32.10.3-2021.10.win32_1.0.100.202210260954/tools/bin/../lib/gcc/arm-none-eabi/10.3.1/../../../../arm-none-eabi/lib/thumb/v7e-m+dp/hard\libm.a(lib_a-cosf.o)