../Core/Src/fdcan.c:8:6:CAN_Queue_Init	0	static
../Core/Src/fdcan.c:16:9:CAN_Queue_Push	12	static
../Core/Src/fdcan.c:48:9:CAN_Queue_IsEmpty	0	static
../Core/Src/fdcan.c:54:6:CAN_Queue_Process	56	static
../Core/Src/fdcan.c:97:10:CAN_Queue_GetCount	0	static
../Core/Src/fdcan.c:103:6:CAN_Queue_Push_And_Kickstart	8	static
../Core/Src/fdcan.c:115:6:FDCAN_SETUP	8	static
../Core/Src/fdcan.c:125:6:_fdcan_transmit_on_can	48	static
../Core/Src/fdcan.c:143:6:Send_Data_On_CAN_401	16	static
../Core/Src/fdcan.c:165:6:Send_Data_On_CAN_402	16	static
../Core/Src/fdcan.c:190:6:Send_Data_On_CAN_403	16	static
