../Core/Src/main.c:224:6:SystemClock_Config	120	static,ignoring_inline_asm
../Core/Src/main.c:287:6:PeriphCommonClock_Config	200	static,ignoring_inline_asm
../Core/Src/main.c:89:5:main	200	static,ignoring_inline_asm
../Core/Src/main.c:858:6:HAL_TIM_PeriodElapsedCallback	8	static
../Core/Src/main.c:866:6:HAL_GPIO_EXTI_Callback	0	static
../Core/Src/main.c:880:6:HAL_TIM_IC_CaptureCallback	8	static
../Core/Src/main.c:897:7:throttle_to_torque	0	static
../Core/Src/main.c:913:6:rt_OneStep	8	static
../Core/Src/main.c:771:6:HAL_ADCEx_InjectedConvCpltCallback	24	static
../Core/Src/main.c:998:6:Error_Handler	0	static,ignoring_inline_asm
