../Core/Src/Sensor_Disconnection_Checks.c:6:9:encoder_ab_error_check	0	static
../Core/Src/Sensor_Disconnection_Checks.c:23:9:encoder_z_index_check	0	static
../Core/Src/Sensor_Disconnection_Checks.c:33:9:encoder_pwm_error_check	0	static
../Core/Src/Sensor_Disconnection_Checks.c:42:9:temp_sensor_disconnection_check	0	static
../Core/Src/Sensor_Disconnection_Checks.c:53:6:Model_Params_Input	0	static
../Core/Src/Sensor_Disconnection_Checks.c:67:6:Model_Output_Flag_Checks	0	static
../Core/Src/Sensor_Disconnection_Checks.c:110:6:ADC1_Analog_Val_Update	24	static
../Core/Src/Sensor_Disconnection_Checks.c:124:6:Sensor_Disconnection_Check	8	static
