../Core/Src/Sensor_Disconnection_Checks.c:7:9:encoder_ab_error_check	0	static
../Core/Src/Sensor_Disconnection_Checks.c:20:9:encoder_z_index_check	8	static
../Core/Src/Sensor_Disconnection_Checks.c:34:9:encoder_pwm_error_check	0	static
../Core/Src/Sensor_Disconnection_Checks.c:43:9:encoder_5v_error_check	8	static
../Core/Src/Sensor_Disconnection_Checks.c:51:9:temp_sensor_disconnection_check	0	static
../Core/Src/Sensor_Disconnection_Checks.c:62:6:Model_Params_Input	0	static
../Core/Src/Sensor_Disconnection_Checks.c:76:6:Model_Output_Flag_Checks	0	static
../Core/Src/Sensor_Disconnection_Checks.c:119:6:ADC1_Analog_Val_Update	0	static
../Core/Src/Sensor_Disconnection_Checks.c:127:9:Initial_Fault_Check	0	static
../Core/Src/Sensor_Disconnection_Checks.c:153:6:Sensor_Disconnection_Check	16	static
