../Core/Src/stm32h7xx_it.c:74:6:NMI_Handler	0	static
../Core/Src/stm32h7xx_it.c:89:6:HardFault_Handler	0	static
../Core/Src/stm32h7xx_it.c:104:6:MemManage_Handler	0	static
../Core/Src/stm32h7xx_it.c:119:6:BusFault_Handler	0	static
../Core/Src/stm32h7xx_it.c:134:6:UsageFault_Handler	0	static
../Core/Src/stm32h7xx_it.c:149:6:SVC_Handler	0	static
../Core/Src/stm32h7xx_it.c:162:6:DebugMon_Handler	0	static
../Core/Src/stm32h7xx_it.c:175:6:PendSV_Handler	0	static
../Core/Src/stm32h7xx_it.c:188:6:SysTick_Handler	8	static
../Core/Src/stm32h7xx_it.c:209:6:DMA1_Stream0_IRQHandler	8	static
../Core/Src/stm32h7xx_it.c:223:6:ADC_IRQHandler	8	static
../Core/Src/stm32h7xx_it.c:238:6:EXTI9_5_IRQHandler	8	static
../Core/Src/stm32h7xx_it.c:252:6:TIM2_IRQHandler	8	static
../Core/Src/stm32h7xx_it.c:266:6:TIM5_IRQHandler	8	static
../Core/Src/stm32h7xx_it.c:280:6:TIM17_IRQHandler	8	static
