../Core/Src/stm32h7xx_hal_msp.c:66:6:HAL_MspInit	8	static
../Core/Src/stm32h7xx_hal_msp.c:89:6:HAL_ADC_MspInit	64	static
../Core/Src/stm32h7xx_hal_msp.c:191:6:HAL_ADC_MspDeInit	8	static
../Core/Src/stm32h7xx_hal_msp.c:272:6:HAL_FDCAN_MspInit	232	static
../Core/Src/stm32h7xx_hal_msp.c:322:6:HAL_FDCAN_MspDeInit	8	static
../Core/Src/stm32h7xx_hal_msp.c:353:6:HAL_I2C_MspInit	232	static
../Core/Src/stm32h7xx_hal_msp.c:399:6:HAL_I2C_MspDeInit	8	static
../Core/Src/stm32h7xx_hal_msp.c:430:6:HAL_TIM_Base_MspInit	48	static
../Core/Src/stm32h7xx_hal_msp.c:493:6:HAL_TIM_Encoder_MspInit	48	static
../Core/Src/stm32h7xx_hal_msp.c:534:6:HAL_TIM_MspPostInit	32	static
../Core/Src/stm32h7xx_hal_msp.c:572:6:HAL_TIM_Base_MspDeInit	8	static
../Core/Src/stm32h7xx_hal_msp.c:627:6:HAL_TIM_Encoder_MspDeInit	8	static
