../Core/Src/stm32h7xx_it.c:75:6:NMI_Handler	0	static
../Core/Src/stm32h7xx_it.c:90:6:HardFault_Handler	0	static
../Core/Src/stm32h7xx_it.c:105:6:MemManage_Handler	0	static
../Core/Src/stm32h7xx_it.c:120:6:BusFault_Handler	0	static
../Core/Src/stm32h7xx_it.c:135:6:UsageFault_Handler	0	static
../Core/Src/stm32h7xx_it.c:150:6:SVC_Handler	0	static
../Core/Src/stm32h7xx_it.c:163:6:DebugMon_Handler	0	static
../Core/Src/stm32h7xx_it.c:176:6:PendSV_Handler	0	static
../Core/Src/stm32h7xx_it.c:189:6:SysTick_Handler	8	static
../Core/Src/stm32h7xx_it.c:210:6:DMA1_Stream0_IRQHandler	8	static
../Core/Src/stm32h7xx_it.c:224:6:ADC_IRQHandler	8	static
../Core/Src/stm32h7xx_it.c:239:6:FDCAN2_IT1_IRQHandler	8	static
../Core/Src/stm32h7xx_it.c:253:6:EXTI9_5_IRQHandler	8	static
../Core/Src/stm32h7xx_it.c:267:6:TIM2_IRQHandler	8	static
../Core/Src/stm32h7xx_it.c:281:6:TIM5_IRQHandler	8	static
../Core/Src/stm32h7xx_it.c:295:6:TIM17_IRQHandler	8	static
