../Core/Src/stm32h7xx_hal_msp.c:66:6:HAL_MspInit	8	static
../Core/Src/stm32h7xx_hal_msp.c:89:6:HAL_ADC_MspInit	48	static
../Core/Src/stm32h7xx_hal_msp.c:175:6:HAL_ADC_MspDeInit	8	static
../Core/Src/stm32h7xx_hal_msp.c:248:6:HAL_TIM_Base_MspInit	48	static
../Core/Src/stm32h7xx_hal_msp.c:311:6:HAL_TIM_Encoder_MspInit	48	static
../Core/Src/stm32h7xx_hal_msp.c:352:6:HAL_TIM_MspPostInit	32	static
../Core/Src/stm32h7xx_hal_msp.c:390:6:HAL_TIM_Base_MspDeInit	8	static
../Core/Src/stm32h7xx_hal_msp.c:445:6:HAL_TIM_Encoder_MspDeInit	8	static
